Archive member included to satisfy reference by file (symbol)

.pio/build/genericSTM32F103C8/libdd9/libSPI.a(SPI.cpp.o)
                              .pio/build/genericSTM32F103C8/src/main.cpp.o (SPIClass::begin(unsigned char))
.pio/build/genericSTM32F103C8/libdd9/libSPI.a(spi_com.c.o)
                              .pio/build/genericSTM32F103C8/libdd9/libSPI.a(SPI.cpp.o) (spi_getClkFreq)
.pio/build/genericSTM32F103C8/libc19/libEthernet.a(Ethernet.cpp.o)
                              .pio/build/genericSTM32F103C8/src/main.cpp.o (EthernetClass::begin(unsigned char*, IPAddress))
.pio/build/genericSTM32F103C8/libc19/libEthernet.a(EthernetClient.cpp.o)
                              .pio/build/genericSTM32F103C8/src/main.cpp.o (EthernetClient::connected())
.pio/build/genericSTM32F103C8/libc19/libEthernet.a(EthernetUdp.cpp.o)
                              .pio/build/genericSTM32F103C8/libc19/libEthernet.a(Ethernet.cpp.o) (vtable for EthernetUDP)
.pio/build/genericSTM32F103C8/libc19/libEthernet.a(socket.cpp.o)
                              .pio/build/genericSTM32F103C8/libc19/libEthernet.a(Ethernet.cpp.o) (EthernetClass::socketPortRand(unsigned short))
.pio/build/genericSTM32F103C8/libc19/libEthernet.a(w5100.cpp.o)
                              .pio/build/genericSTM32F103C8/libc19/libEthernet.a(Ethernet.cpp.o) (W5100Class::write(unsigned short, unsigned char const*, unsigned short))
.pio/build/genericSTM32F103C8/libc19/libEthernet.a(Dhcp.cpp.o)
                              .pio/build/genericSTM32F103C8/libc19/libEthernet.a(Ethernet.cpp.o) (DhcpClass::getLocalIp())
.pio/build/genericSTM32F103C8/libc19/libEthernet.a(Dns.cpp.o)
                              .pio/build/genericSTM32F103C8/libc19/libEthernet.a(EthernetClient.cpp.o) (DNSClient::begin(IPAddress const&))
.pio/build/genericSTM32F103C8/libc19/libEthernet.a(EthernetServer.cpp.o)
                              .pio/build/genericSTM32F103C8/libc19/libEthernet.a(socket.cpp.o) (EthernetServer::server_port)
.pio/build/genericSTM32F103C8/libFrameworkArduino.a(HardwareTimer.cpp.o)
                              .pio/build/genericSTM32F103C8/SrcWrapper/src/stm32/analog.cpp.o (HardwareTimer::resume())
.pio/build/genericSTM32F103C8/libFrameworkArduino.a(IPAddress.cpp.o)
                              .pio/build/genericSTM32F103C8/libc19/libEthernet.a(Ethernet.cpp.o) (IPAddress::IPAddress())
.pio/build/genericSTM32F103C8/libFrameworkArduino.a(Print.cpp.o)
                              .pio/build/genericSTM32F103C8/libFrameworkArduino.a(IPAddress.cpp.o) (Print::print(char))
.pio/build/genericSTM32F103C8/libFrameworkArduino.a(Stream.cpp.o)
                              .pio/build/genericSTM32F103C8/libc19/libEthernet.a(EthernetClient.cpp.o) (Stream::readBytes(char*, unsigned int))
.pio/build/genericSTM32F103C8/libFrameworkArduino.a(USBSerial.cpp.o)
                              .pio/build/genericSTM32F103C8/src/main.cpp.o (SerialUSB)
.pio/build/genericSTM32F103C8/libFrameworkArduino.a(WMath.cpp.o)
                              .pio/build/genericSTM32F103C8/libc19/libEthernet.a(Dhcp.cpp.o) (random(long, long))
.pio/build/genericSTM32F103C8/libFrameworkArduino.a(WString.cpp.o)
                              .pio/build/genericSTM32F103C8/libFrameworkArduino.a(Stream.cpp.o) (String::String(char const*))
.pio/build/genericSTM32F103C8/libFrameworkArduino.a(abi.cpp.o)
                              .pio/build/genericSTM32F103C8/libFrameworkArduino.a(Print.cpp.o) (__cxa_pure_virtual)
.pio/build/genericSTM32F103C8/libFrameworkArduino.a(dtostrf.c.o)
                              .pio/build/genericSTM32F103C8/libFrameworkArduino.a(WString.cpp.o) (dtostrf)
.pio/build/genericSTM32F103C8/libFrameworkArduino.a(hooks.c.o)
                              .pio/build/genericSTM32F103C8/libc19/libEthernet.a(socket.cpp.o) (yield)
.pio/build/genericSTM32F103C8/libFrameworkArduino.a(itoa.c.o)
                              .pio/build/genericSTM32F103C8/libFrameworkArduino.a(WString.cpp.o) (ltoa)
.pio/build/genericSTM32F103C8/libFrameworkArduino.a(main.cpp.o)
                              c:/users/pc/.platformio/packages/toolchain-gccarmnoneeabi@1.90201.191206/bin/../lib/gcc/arm-none-eabi/9.2.1/../../../../arm-none-eabi/lib/thumb/v7-m/nofp/crt0.o (main)
.pio/build/genericSTM32F103C8/libFrameworkArduino.a(new.cpp.o)
                              .pio/build/genericSTM32F103C8/SrcWrapper/src/stm32/analog.cpp.o (operator new(unsigned int))
.pio/build/genericSTM32F103C8/libFrameworkArduino.a(pins_arduino.c.o)
                              .pio/build/genericSTM32F103C8/libFrameworkArduino.a(HardwareTimer.cpp.o) (pinNametoDigitalPin)
.pio/build/genericSTM32F103C8/libFrameworkArduino.a(cdc_queue.c.o)
                              .pio/build/genericSTM32F103C8/libFrameworkArduino.a(USBSerial.cpp.o) (CDC_TransmitQueue_WriteSize)
.pio/build/genericSTM32F103C8/libFrameworkArduino.a(usbd_cdc_if.c.o)
                              .pio/build/genericSTM32F103C8/libFrameworkArduino.a(USBSerial.cpp.o) (ReceiveQueue)
[...]
Memory Configuration

Name             Origin             Length             Attributes
*default*        0x0000000000000000 0xffffffffffffffff
RAM              0x0000000020000000 0x0000000000005000 xrw
FLASH            0x0000000008000000 0x0000000000010000 xr

Linker script and memory map

                0x0000000020005000                _estack = (ORIGIN (RAM) + LENGTH (RAM))
                0x0000000000000200                _Min_Heap_Size = 0x200
                0x0000000000000400                _Min_Stack_Size = 0x400

.isr_vector     0x0000000008000000      0x10c
                0x0000000008000000                . = ALIGN (0x4)
 *(.isr_vector)
 .isr_vector    0x0000000008000000      0x10c .pio/build/genericSTM32F103C8/FrameworkArduinoVariant/startup_M200_f103xb.S.o
                0x0000000008000000                g_pfnVectors
                0x000000000800010c                . = ALIGN (0x4)

.text           0x000000000800010c     0x7cdc
                0x000000000800010c                . = ALIGN (0x4)
 *(.text)
 .text          0x000000000800010c       0x10 c:/users/pc/.platformio/packages/toolchain-gccarmnoneeabi@1.90201.191206/bin/../lib/gcc/arm-none-eabi/9.2.1/../../../../arm-none-eabi/lib/thumb/v7-m/nofp\libc_nano.a(lib_a-strlen.o)
                0x000000000800010c                strlen
 *(.text*)
 .text.__do_global_dtors_aux
                0x000000000800011c       0x24 c:/users/pc/.platformio/packages/toolchain-gccarmnoneeabi@1.90201.191206/bin/../lib/gcc/arm-none-eabi/9.2.1/thumb/v7-m/nofp/crtbegin.o
 .text.frame_dummy
                0x0000000008000140       0x1c c:/users/pc/.platformio/packages/toolchain-gccarmnoneeabi@1.90201.191206/bin/../lib/gcc/arm-none-eabi/9.2.1/thumb/v7-m/nofp/crtbegin.o
 .text.Reset_Handler
                0x000000000800015c       0x60 .pio/build/genericSTM32F103C8/FrameworkArduinoVariant/startup_M200_f103xb.S.o
                0x000000000800015c                Reset_Handler
 .text.Default_Handler
                0x00000000080001bc        0x4 .pio/build/genericSTM32F103C8/FrameworkArduinoVariant/startup_M200_f103xb.S.o
                0x00000000080001bc                RTC_Alarm_IRQHandler
                0x00000000080001bc                DebugMon_Handler
                0x00000000080001bc                HardFault_Handler
                0x00000000080001bc                PVD_IRQHandler
                0x00000000080001bc                PendSV_Handler
                0x00000000080001bc                NMI_Handler
                0x00000000080001bc                I2C2_EV_IRQHandler
                0x00000000080001bc                UsageFault_Handler
                0x00000000080001bc                ADC1_2_IRQHandler
                0x00000000080001bc                SPI1_IRQHandler
                0x00000000080001bc                TAMPER_IRQHandler
                0x00000000080001bc                DMA1_Channel4_IRQHandler
                0x00000000080001bc                RTC_IRQHandler
                0x00000000080001bc                DMA1_Channel7_IRQHandler
                0x00000000080001bc                CAN1_RX1_IRQHandler
                0x00000000080001bc                I2C1_EV_IRQHandler
                0x00000000080001bc                DMA1_Channel6_IRQHandler
                0x00000000080001bc                RCC_IRQHandler
                0x00000000080001bc                TIM1_TRG_COM_IRQHandler
                0x00000000080001bc                Default_Handler
                0x00000000080001bc                SPI2_IRQHandler
                0x00000000080001bc                MemManage_Handler
                0x00000000080001bc                SVC_Handler
                0x00000000080001bc                DMA1_Channel5_IRQHandler
                0x00000000080001bc                DMA1_Channel3_IRQHandler
                0x00000000080001bc                WWDG_IRQHandler
                0x00000000080001bc                TIM1_BRK_IRQHandler
                0x00000000080001bc                I2C2_ER_IRQHandler
                0x00000000080001bc                DMA1_Channel2_IRQHandler
                0x00000000080001bc                CAN1_SCE_IRQHandler
                0x00000000080001bc                FLASH_IRQHandler
                0x00000000080001bc                BusFault_Handler
                0x00000000080001bc                I2C1_ER_IRQHandler
 .text.SystemClock_Config
                0x00000000080001c0       0x9c .pio/build/genericSTM32F103C8/FrameworkArduinoVariant/variant_PILL_F103Cx.cpp.o
                0x00000000080001c0                SystemClock_Config
 .text.HAL_MspInit
                0x000000000800025c        0x2 .pio/build/genericSTM32F103C8/SrcWrapper/src/HAL/stm32yyxx_hal.c.o
                0x000000000800025c                HAL_MspInit
 *fill*         0x000000000800025e        0x2 
 .text.HAL_InitTick
                0x0000000008000260       0x48 .pio/build/genericSTM32F103C8/SrcWrapper/src/HAL/stm32yyxx_hal.c.o
                0x0000000008000260                HAL_InitTick
 .text.HAL_Init
                0x00000000080002a8       0x24 .pio/build/genericSTM32F103C8/SrcWrapper/src/HAL/stm32yyxx_hal.c.o
                0x00000000080002a8                HAL_Init
 .text.HAL_IncTick
                0x00000000080002cc       0x18 .pio/build/genericSTM32F103C8/SrcWrapper/src/HAL/stm32yyxx_hal.c.o
                0x00000000080002cc                HAL_IncTick
 .text.HAL_GetTick
                0x00000000080002e4        0xc .pio/build/genericSTM32F103C8/SrcWrapper/src/HAL/stm32yyxx_hal.c.o
                0x00000000080002e4                HAL_GetTick
 .text.HAL_NVIC_SetPriorityGrouping
                0x00000000080002f0       0x24 .pio/build/genericSTM32F103C8/SrcWrapper/src/HAL/stm32yyxx_hal_cortex.c.o
                0x00000000080002f0                HAL_NVIC_SetPriorityGrouping
 .text.HAL_NVIC_SetPriority
                0x0000000008000314       0x64 .pio/build/genericSTM32F103C8/SrcWrapper/src/HAL/stm32yyxx_hal_cortex.c.o
                0x0000000008000314                HAL_NVIC_SetPriority
 .text.HAL_NVIC_EnableIRQ
                0x0000000008000378       0x1c .pio/build/genericSTM32F103C8/SrcWrapper/src/HAL/stm32yyxx_hal_cortex.c.o
                0x0000000008000378                HAL_NVIC_EnableIRQ
 .text.HAL_NVIC_DisableIRQ
                0x0000000008000394       0x28 .pio/build/genericSTM32F103C8/SrcWrapper/src/HAL/stm32yyxx_hal_cortex.c.o
                0x0000000008000394                HAL_NVIC_DisableIRQ
 .text.HAL_SYSTICK_Config
                0x00000000080003bc       0x2c .pio/build/genericSTM32F103C8/SrcWrapper/src/HAL/stm32yyxx_hal_cortex.c.o
                0x00000000080003bc                HAL_SYSTICK_Config
 .text.HAL_NVIC_ClearPendingIRQ
                0x00000000080003e8       0x20 .pio/build/genericSTM32F103C8/SrcWrapper/src/HAL/stm32yyxx_hal_cortex.c.o
                0x00000000080003e8                HAL_NVIC_ClearPendingIRQ
 .text.HAL_SYSTICK_Callback
                0x0000000008000408        0x2 .pio/build/genericSTM32F103C8/SrcWrapper/src/HAL/stm32yyxx_hal_cortex.c.o
                0x0000000008000408                HAL_SYSTICK_Callback
 .text.HAL_SYSTICK_IRQHandler
                0x000000000800040a        0x8 .pio/build/genericSTM32F103C8/SrcWrapper/src/HAL/stm32yyxx_hal_cortex.c.o
                0x000000000800040a                HAL_SYSTICK_IRQHandler
 .text.HAL_DMA_Abort
                0x0000000008000412       0x3c .pio/build/genericSTM32F103C8/SrcWrapper/src/HAL/stm32yyxx_hal_dma.c.o
                0x0000000008000412                HAL_DMA_Abort
 *fill*         0x000000000800044e        0x2 
 .text.HAL_DMA_Abort_IT
                0x0000000008000450       0x8c .pio/build/genericSTM32F103C8/SrcWrapper/src/HAL/stm32yyxx_hal_dma.c.o
                0x0000000008000450                HAL_DMA_Abort_IT
 .text.HAL_GPIO_EXTI_IRQHandler
                0x00000000080004dc       0x18 .pio/build/genericSTM32F103C8/SrcWrapper/src/HAL/stm32yyxx_hal_gpio.c.o
                0x00000000080004dc                HAL_GPIO_EXTI_IRQHandler
 .text.HAL_PCD_Init
                0x00000000080004f4       0xf2 .pio/build/genericSTM32F103C8/SrcWrapper/src/HAL/stm32yyxx_hal_pcd.c.o
                0x00000000080004f4                HAL_PCD_Init
 .text.HAL_PCD_Start
                0x00000000080005e6       0x32 .pio/build/genericSTM32F103C8/SrcWrapper/src/HAL/stm32yyxx_hal_pcd.c.o
                0x00000000080005e6                HAL_PCD_Start
 .text.HAL_PCD_SetAddress
                0x0000000008000618       0x28 .pio/build/genericSTM32F103C8/SrcWrapper/src/HAL/stm32yyxx_hal_pcd.c.o
                0x0000000008000618                HAL_PCD_SetAddress
 .text.HAL_PCD_IRQHandler
                0x0000000008000640      0x9a8 .pio/build/genericSTM32F103C8/SrcWrapper/src/HAL/stm32yyxx_hal_pcd.c.o
                0x0000000008000640                HAL_PCD_IRQHandler
 .text.HAL_PCD_EP_Open
                0x0000000008000fe8       0x64 .pio/build/genericSTM32F103C8/SrcWrapper/src/HAL/stm32yyxx_hal_pcd.c.o
                0x0000000008000fe8                HAL_PCD_EP_Open
 .text.HAL_PCD_EP_Close
                0x000000000800104c       0x52 .pio/build/genericSTM32F103C8/SrcWrapper/src/HAL/stm32yyxx_hal_pcd.c.o
                0x000000000800104c                HAL_PCD_EP_Close
 .text.HAL_PCD_EP_Receive
                0x000000000800109e       0x2e .pio/build/genericSTM32F103C8/SrcWrapper/src/HAL/stm32yyxx_hal_pcd.c.o
                0x000000000800109e                HAL_PCD_EP_Receive
 .text.HAL_PCD_EP_GetRxCount
                0x00000000080010cc       0x10 .pio/build/genericSTM32F103C8/SrcWrapper/src/HAL/stm32yyxx_hal_pcd.c.o
                0x00000000080010cc                HAL_PCD_EP_GetRxCount
 .text.HAL_PCD_EP_Transmit
                0x00000000080010dc       0x34 .pio/build/genericSTM32F103C8/SrcWrapper/src/HAL/stm32yyxx_hal_pcd.c.o
                0x00000000080010dc                HAL_PCD_EP_Transmit
 .text.HAL_PCD_EP_SetStall
                0x0000000008001110       0x68 .pio/build/genericSTM32F103C8/SrcWrapper/src/HAL/stm32yyxx_hal_pcd.c.o
                0x0000000008001110                HAL_PCD_EP_SetStall
 .text.HAL_PCD_EP_ClrStall
                0x0000000008001178       0x64 .pio/build/genericSTM32F103C8/SrcWrapper/src/HAL/stm32yyxx_hal_pcd.c.o
                0x0000000008001178                HAL_PCD_EP_ClrStall
 .text.HAL_PCDEx_PMAConfig
                0x00000000080011dc       0x32 .pio/build/genericSTM32F103C8/SrcWrapper/src/HAL/stm32yyxx_hal_pcd_ex.c.o
                0x00000000080011dc                HAL_PCDEx_PMAConfig
 .text.HAL_PCDEx_SetConnectionState
                0x000000000800120e        0x2 .pio/build/genericSTM32F103C8/SrcWrapper/src/HAL/stm32yyxx_hal_pcd_ex.c.o
                0x000000000800120e                HAL_PCDEx_SetConnectionState
 .text.HAL_RCC_OscConfig
                0x0000000008001210      0x338 .pio/build/genericSTM32F103C8/SrcWrapper/src/HAL/stm32yyxx_hal_rcc.c.o
                0x0000000008001210                HAL_RCC_OscConfig
 .text.HAL_RCC_GetSysClockFreq
                0x0000000008001548       0x74 .pio/build/genericSTM32F103C8/SrcWrapper/src/HAL/stm32yyxx_hal_rcc.c.o
                0x0000000008001548                HAL_RCC_GetSysClockFreq
 .text.HAL_RCC_ClockConfig
                0x00000000080015bc      0x138 .pio/build/genericSTM32F103C8/SrcWrapper/src/HAL/stm32yyxx_hal_rcc.c.o
                0x00000000080015bc                HAL_RCC_ClockConfig
 .text.HAL_RCC_GetPCLK1Freq
                0x00000000080016f4       0x20 .pio/build/genericSTM32F103C8/SrcWrapper/src/HAL/stm32yyxx_hal_rcc.c.o
                0x00000000080016f4                HAL_RCC_GetPCLK1Freq
 .text.HAL_RCC_GetPCLK2Freq
                0x0000000008001714       0x20 .pio/build/genericSTM32F103C8/SrcWrapper/src/HAL/stm32yyxx_hal_rcc.c.o
                0x0000000008001714                HAL_RCC_GetPCLK2Freq
 .text.HAL_RCCEx_PeriphCLKConfig
                0x0000000008001734       0xf0 .pio/build/genericSTM32F103C8/SrcWrapper/src/HAL/stm32yyxx_hal_rcc_ex.c.o
                0x0000000008001734                HAL_RCCEx_PeriphCLKConfig
 .text.HAL_SPI_MspInit
                0x0000000008001824        0x2 .pio/build/genericSTM32F103C8/SrcWrapper/src/HAL/stm32yyxx_hal_spi.c.o
                0x0000000008001824                HAL_SPI_MspInit
 .text.HAL_SPI_Init
                0x0000000008001826       0xb0 .pio/build/genericSTM32F103C8/SrcWrapper/src/HAL/stm32yyxx_hal_spi.c.o
                0x0000000008001826                HAL_SPI_Init
 .text.HAL_TIM_PWM_PulseFinishedCallback
                0x00000000080018d6        0x2 .pio/build/genericSTM32F103C8/SrcWrapper/src/HAL/stm32yyxx_hal_tim.c.o
                0x00000000080018d6                HAL_TIM_PWM_PulseFinishedCallback
 .text.HAL_TIM_TriggerCallback
                0x00000000080018d8        0x2 .pio/build/genericSTM32F103C8/SrcWrapper/src/HAL/stm32yyxx_hal_tim.c.o
                0x00000000080018d8                HAL_TIM_TriggerCallback
 .text.HAL_TIM_IRQHandler
                0x00000000080018da      0x144 .pio/build/genericSTM32F103C8/SrcWrapper/src/HAL/stm32yyxx_hal_tim.c.o
                0x00000000080018da                HAL_TIM_IRQHandler
 *fill*         0x0000000008001a1e        0x2 
 .text.TIM_Base_SetConfig
                0x0000000008001a20       0x70 .pio/build/genericSTM32F103C8/SrcWrapper/src/HAL/stm32yyxx_hal_tim.c.o
                0x0000000008001a20                TIM_Base_SetConfig
 .text.HAL_TIM_Base_Init
                0x0000000008001a90       0x58 .pio/build/genericSTM32F103C8/SrcWrapper/src/HAL/stm32yyxx_hal_tim.c.o
                0x0000000008001a90                HAL_TIM_Base_Init
 .text.HAL_TIMEx_CommutCallback
                0x0000000008001ae8        0x2 .pio/build/genericSTM32F103C8/SrcWrapper/src/HAL/stm32yyxx_hal_tim_ex.c.o
                0x0000000008001ae8                HAL_TIMEx_CommutCallback
 .text.HAL_TIMEx_BreakCallback
                0x0000000008001aea        0x2 .pio/build/genericSTM32F103C8/SrcWrapper/src/HAL/stm32yyxx_hal_tim_ex.c.o
                0x0000000008001aea                HAL_TIMEx_BreakCallback
 .text.UART_EndRxTransfer
                0x0000000008001aec       0x2c .pio/build/genericSTM32F103C8/SrcWrapper/src/HAL/stm32yyxx_hal_uart.c.o
 .text.HAL_UART_Transmit_IT
                0x0000000008001b18       0x3e .pio/build/genericSTM32F103C8/SrcWrapper/src/HAL/stm32yyxx_hal_uart.c.o
                0x0000000008001b18                HAL_UART_Transmit_IT
 .text.UART_DMAAbortOnError
                0x0000000008001b56       0x10 .pio/build/genericSTM32F103C8/SrcWrapper/src/HAL/stm32yyxx_hal_uart.c.o
 .text.HAL_UARTEx_RxEventCallback
                0x0000000008001b66        0x2 .pio/build/genericSTM32F103C8/SrcWrapper/src/HAL/stm32yyxx_hal_uart.c.o
                0x0000000008001b66                HAL_UARTEx_RxEventCallback
 .text.UART_Receive_IT
                0x0000000008001b68       0xa4 .pio/build/genericSTM32F103C8/SrcWrapper/src/HAL/stm32yyxx_hal_uart.c.o
 .text.HAL_UART_IRQHandler
                0x0000000008001c0c      0x200 .pio/build/genericSTM32F103C8/SrcWrapper/src/HAL/stm32yyxx_hal_uart.c.o
                0x0000000008001c0c                HAL_UART_IRQHandler
 .text.HAL_HalfDuplex_EnableTransmitter
                0x0000000008001e0c       0x30 .pio/build/genericSTM32F103C8/SrcWrapper/src/HAL/stm32yyxx_hal_uart.c.o
                0x0000000008001e0c                HAL_HalfDuplex_EnableTransmitter
 .text.HAL_HalfDuplex_EnableReceiver
                0x0000000008001e3c       0x30 .pio/build/genericSTM32F103C8/SrcWrapper/src/HAL/stm32yyxx_hal_uart.c.o
                0x0000000008001e3c                HAL_HalfDuplex_EnableReceiver
 .text.HAL_UART_GetState
                0x0000000008001e6c        0xc .pio/build/genericSTM32F103C8/SrcWrapper/src/HAL/stm32yyxx_hal_uart.c.o
                0x0000000008001e6c                HAL_UART_GetState
 .text.UART_Start_Receive_IT
                0x0000000008001e78       0x32 .pio/build/genericSTM32F103C8/SrcWrapper/src/HAL/stm32yyxx_hal_uart.c.o
                0x0000000008001e78                UART_Start_Receive_IT
 .text.HAL_UART_Receive_IT
                0x0000000008001eaa       0x30 .pio/build/genericSTM32F103C8/SrcWrapper/src/HAL/stm32yyxx_hal_uart.c.o
                0x0000000008001eaa                HAL_UART_Receive_IT
 .text.USB_CoreInit
                0x0000000008001eda        0xe .pio/build/genericSTM32F103C8/SrcWrapper/src/LL/stm32yyxx_ll_usb.c.o
                0x0000000008001eda                USB_CoreInit
 .text.USB_EnableGlobalInt
                0x0000000008001ee8       0x12 .pio/build/genericSTM32F103C8/SrcWrapper/src/LL/stm32yyxx_ll_usb.c.o
                0x0000000008001ee8                USB_EnableGlobalInt
 .text.USB_DisableGlobalInt
                0x0000000008001efa       0x14 .pio/build/genericSTM32F103C8/SrcWrapper/src/LL/stm32yyxx_ll_usb.c.o
                0x0000000008001efa                USB_DisableGlobalInt
 .text.USB_SetCurrentMode
                0x0000000008001f0e        0x4 .pio/build/genericSTM32F103C8/SrcWrapper/src/LL/stm32yyxx_ll_usb.c.o
                0x0000000008001f0e                USB_SetCurrentMode
 .text.USB_DevInit
                0x0000000008001f12       0x28 .pio/build/genericSTM32F103C8/SrcWrapper/src/LL/stm32yyxx_ll_usb.c.o
                0x0000000008001f12                USB_DevInit
 *fill*         0x0000000008001f3a        0x2 
 .text.USB_ActivateEndpoint
                0x0000000008001f3c      0x2b0 .pio/build/genericSTM32F103C8/SrcWrapper/src/LL/stm32yyxx_ll_usb.c.o
                0x0000000008001f3c                USB_ActivateEndpoint
 .text.USB_DeactivateEndpoint
                0x00000000080021ec      0x1be .pio/build/genericSTM32F103C8/SrcWrapper/src/LL/stm32yyxx_ll_usb.c.o
                0x00000000080021ec                USB_DeactivateEndpoint
 .text.USB_EPSetStall
                0x00000000080023aa       0x40 .pio/build/genericSTM32F103C8/SrcWrapper/src/LL/stm32yyxx_ll_usb.c.o
                0x00000000080023aa                USB_EPSetStall
 .text.USB_EPClearStall
                0x00000000080023ea       0x96 .pio/build/genericSTM32F103C8/SrcWrapper/src/LL/stm32yyxx_ll_usb.c.o
                0x00000000080023ea                USB_EPClearStall
 .text.USB_SetDevAddress
                0x0000000008002480        0xc .pio/build/genericSTM32F103C8/SrcWrapper/src/LL/stm32yyxx_ll_usb.c.o
                0x0000000008002480                USB_SetDevAddress
 .text.USB_DevConnect
                0x000000000800248c        0x4 .pio/build/genericSTM32F103C8/SrcWrapper/src/LL/stm32yyxx_ll_usb.c.o
                0x000000000800248c                USB_DevConnect
 .text.USB_DevDisconnect
                0x0000000008002490        0x4 .pio/build/genericSTM32F103C8/SrcWrapper/src/LL/stm32yyxx_ll_usb.c.o
                0x0000000008002490                USB_DevDisconnect
 .text.USB_ReadInterrupts
                0x0000000008002494        0x8 .pio/build/genericSTM32F103C8/SrcWrapper/src/LL/stm32yyxx_ll_usb.c.o
                0x0000000008002494                USB_ReadInterrupts
 .text.USB_EP0_OutStart
                0x000000000800249c        0x4 .pio/build/genericSTM32F103C8/SrcWrapper/src/LL/stm32yyxx_ll_usb.c.o
                0x000000000800249c                USB_EP0_OutStart
 .text.USB_WritePMA
                0x00000000080024a0       0x20 .pio/build/genericSTM32F103C8/SrcWrapper/src/LL/stm32yyxx_ll_usb.c.o
                0x00000000080024a0                USB_WritePMA
 .text.USB_EPStartXfer
                0x00000000080024c0      0x71c .pio/build/genericSTM32F103C8/SrcWrapper/src/LL/stm32yyxx_ll_usb.c.o
                0x00000000080024c0                USB_EPStartXfer
 .text.USB_ReadPMA
                0x0000000008002bdc       0x38 .pio/build/genericSTM32F103C8/SrcWrapper/src/LL/stm32yyxx_ll_usb.c.o
                0x0000000008002bdc                USB_ReadPMA
 .text.set_GPIO_Port_Clock
                0x0000000008002c14       0xa8 .pio/build/genericSTM32F103C8/SrcWrapper/src/stm32/PortNames.c.o
                0x0000000008002c14                set_GPIO_Port_Clock
 .text.pwm_stop
                0x0000000008002cbc       0x5c .pio/build/genericSTM32F103C8/SrcWrapper/src/stm32/analog.cpp.o
                0x0000000008002cbc                pwm_stop
 .text.getCurrentMillis
                0x0000000008002d18        0x4 .pio/build/genericSTM32F103C8/SrcWrapper/src/stm32/clock.c.o
                0x0000000008002d18                getCurrentMillis
 .text.noOsSystickHandler
                0x0000000008002d1c        0x2 .pio/build/genericSTM32F103C8/SrcWrapper/src/stm32/clock.c.o
                0x0000000008002d1c                osSystickHandler
                0x0000000008002d1c                noOsSystickHandler
 .text.SysTick_Handler
                0x0000000008002d1e       0x10 .pio/build/genericSTM32F103C8/SrcWrapper/src/stm32/clock.c.o
                0x0000000008002d1e                SysTick_Handler
 .text.configHSECapacitorTuning
                0x0000000008002d2e        0x2 .pio/build/genericSTM32F103C8/SrcWrapper/src/stm32/clock.c.o
                0x0000000008002d2e                configHSECapacitorTuning
 .text.configIPClock
                0x0000000008002d30       0x30 .pio/build/genericSTM32F103C8/SrcWrapper/src/stm32/clock.c.o
                0x0000000008002d30                configIPClock
 .text.dwt_init
                0x0000000008002d60       0x38 .pio/build/genericSTM32F103C8/SrcWrapper/src/stm32/dwt.c.o
                0x0000000008002d60                dwt_init
 .text.hw_config_init
                0x0000000008002d98       0x1e .pio/build/genericSTM32F103C8/SrcWrapper/src/stm32/hw_config.c.o
                0x0000000008002d98                hw_config_init
 .text._ZNSt14_Function_baseD2Ev
                0x0000000008002db6       0x12 .pio/build/genericSTM32F103C8/SrcWrapper/src/stm32/interrupt.cpp.o
                0x0000000008002db6                std::_Function_base::~_Function_base()
                0x0000000008002db6                std::_Function_base::~_Function_base()
 .text.HAL_GPIO_EXTI_Callback
                0x0000000008002dc8       0x2c .pio/build/genericSTM32F103C8/SrcWrapper/src/stm32/interrupt.cpp.o
                0x0000000008002dc8                HAL_GPIO_EXTI_Callback
 .text.EXTI0_IRQHandler
                0x0000000008002df4        0x6 .pio/build/genericSTM32F103C8/SrcWrapper/src/stm32/interrupt.cpp.o
                0x0000000008002df4                EXTI0_IRQHandler
 .text.EXTI1_IRQHandler
                0x0000000008002dfa        0x6 .pio/build/genericSTM32F103C8/SrcWrapper/src/stm32/interrupt.cpp.o
                0x0000000008002dfa                EXTI1_IRQHandler
 .text.EXTI2_IRQHandler
                0x0000000008002e00        0x6 .pio/build/genericSTM32F103C8/SrcWrapper/src/stm32/interrupt.cpp.o
                0x0000000008002e00                EXTI2_IRQHandler
 .text.EXTI3_IRQHandler
                0x0000000008002e06        0x6 .pio/build/genericSTM32F103C8/SrcWrapper/src/stm32/interrupt.cpp.o
                0x0000000008002e06                EXTI3_IRQHandler
 .text.EXTI4_IRQHandler
                0x0000000008002e0c        0x6 .pio/build/genericSTM32F103C8/SrcWrapper/src/stm32/interrupt.cpp.o
                0x0000000008002e0c                EXTI4_IRQHandler
 .text.EXTI9_5_IRQHandler
                0x0000000008002e12       0x16 .pio/build/genericSTM32F103C8/SrcWrapper/src/stm32/interrupt.cpp.o
                0x0000000008002e12                EXTI9_5_IRQHandler
 .text.EXTI15_10_IRQHandler
                0x0000000008002e28       0x18 .pio/build/genericSTM32F103C8/SrcWrapper/src/stm32/interrupt.cpp.o
                0x0000000008002e28                EXTI15_10_IRQHandler
 .text.startup._GLOBAL__sub_I__Z22stm32_interrupt_enableP12GPIO_TypeDeftSt8functionIFvvEEm
                0x0000000008002e40       0x88 .pio/build/genericSTM32F103C8/SrcWrapper/src/stm32/interrupt.cpp.o
 .text.exit._GLOBAL__sub_D__Z22stm32_interrupt_enableP12GPIO_TypeDeftSt8functionIFvvEEm
                0x0000000008002ec8       0x1c .pio/build/genericSTM32F103C8/SrcWrapper/src/stm32/interrupt.cpp.o
 .text.pin_SetF1AFPin
                0x0000000008002ee4      0x1f8 .pio/build/genericSTM32F103C8/SrcWrapper/src/stm32/pinmap.c.o
 .text.LL_GPIO_SetPinMode
                0x00000000080030dc       0x2e .pio/build/genericSTM32F103C8/SrcWrapper/src/stm32/pinmap.c.o
 .text.LL_GPIO_SetPinOutputType
                0x000000000800310a       0x2e .pio/build/genericSTM32F103C8/SrcWrapper/src/stm32/pinmap.c.o
 .text.pin_in_pinmap
                0x0000000008003138       0x1e .pio/build/genericSTM32F103C8/SrcWrapper/src/stm32/pinmap.c.o
                0x0000000008003138                pin_in_pinmap
 *fill*         0x0000000008003156        0x2 
 .text.pin_function
                0x0000000008003158      0x18c .pio/build/genericSTM32F103C8/SrcWrapper/src/stm32/pinmap.c.o
                0x0000000008003158                pin_function
 .text.pinmap_pinout
                0x00000000080032e4       0x28 .pio/build/genericSTM32F103C8/SrcWrapper/src/stm32/pinmap.c.o
                0x00000000080032e4                pinmap_pinout
 .text.pinmap_find_peripheral
                0x000000000800330c       0x16 .pio/build/genericSTM32F103C8/SrcWrapper/src/stm32/pinmap.c.o
                0x000000000800330c                pinmap_find_peripheral
 .text.pinmap_peripheral
                0x0000000008003322        0xc .pio/build/genericSTM32F103C8/SrcWrapper/src/stm32/pinmap.c.o
                0x0000000008003322                pinmap_peripheral
 .text.pinmap_find_pin
                0x000000000800332e       0x16 .pio/build/genericSTM32F103C8/SrcWrapper/src/stm32/pinmap.c.o
                0x000000000800332e                pinmap_find_pin
 .text.pinmap_pin
                0x0000000008003344        0xc .pio/build/genericSTM32F103C8/SrcWrapper/src/stm32/pinmap.c.o
                0x0000000008003344                pinmap_pin
 .text.pinmap_merge_peripheral
                0x0000000008003350       0x14 .pio/build/genericSTM32F103C8/SrcWrapper/src/stm32/pinmap.c.o
                0x0000000008003350                pinmap_merge_peripheral
 .text._Error_Handler
                0x0000000008003364        0x2 .pio/build/genericSTM32F103C8/SrcWrapper/src/stm32/stm32_def.c.o
                0x0000000008003364                _Error_Handler
 *fill*         0x0000000008003366        0x2 
 .text.SystemInit
                0x0000000008003368       0x4c .pio/build/genericSTM32F103C8/SrcWrapper/src/stm32/system_stm32yyxx.c.o
                0x0000000008003368                SystemInit
 .text.get_timer_obj
                0x00000000080033b4        0x4 .pio/build/genericSTM32F103C8/SrcWrapper/src/stm32/timer.c.o
                0x00000000080033b4                get_timer_obj
 .text.enableTimerClock
                0x00000000080033b8       0x88 .pio/build/genericSTM32F103C8/SrcWrapper/src/stm32/timer.c.o
                0x00000000080033b8                enableTimerClock
 .text.disableTimerClock
                0x0000000008003440       0x5c .pio/build/genericSTM32F103C8/SrcWrapper/src/stm32/timer.c.o
                0x0000000008003440                disableTimerClock
 .text.getTimerUpIrq
                0x000000000800349c       0x4c .pio/build/genericSTM32F103C8/SrcWrapper/src/stm32/timer.c.o
                0x000000000800349c                getTimerUpIrq
 .text.getTimerCCIrq
                0x00000000080034e8       0x4c .pio/build/genericSTM32F103C8/SrcWrapper/src/stm32/timer.c.o
                0x00000000080034e8                getTimerCCIrq
 .text.HAL_TIM_Base_MspInit
                0x0000000008003534       0x50 .pio/build/genericSTM32F103C8/SrcWrapper/src/stm32/timer.c.o
                0x0000000008003534                HAL_TIM_Base_MspInit
 .text.serial_rx_active
                0x0000000008003584       0x24 .pio/build/genericSTM32F103C8/SrcWrapper/src/stm32/uart.c.o
                0x0000000008003584                serial_rx_active
 .text.serial_tx_active
                0x00000000080035a8       0x24 .pio/build/genericSTM32F103C8/SrcWrapper/src/stm32/uart.c.o
                0x00000000080035a8                serial_tx_active
 .text.uart_attach_tx_callback
                0x00000000080035cc       0x40 .pio/build/genericSTM32F103C8/SrcWrapper/src/stm32/uart.c.o
                0x00000000080035cc                uart_attach_tx_callback
 .text.uart_enable_tx
                0x000000000800360c       0x1c .pio/build/genericSTM32F103C8/SrcWrapper/src/stm32/uart.c.o
                0x000000000800360c                uart_enable_tx
 .text.uart_enable_rx
                0x0000000008003628       0x1c .pio/build/genericSTM32F103C8/SrcWrapper/src/stm32/uart.c.o
                0x0000000008003628                uart_enable_rx
 .text.HAL_UART_RxCpltCallback
                0x0000000008003644        0x6 .pio/build/genericSTM32F103C8/SrcWrapper/src/stm32/uart.c.o
                0x0000000008003644                HAL_UART_RxCpltCallback
 .text.HAL_UART_TxCpltCallback
                0x000000000800364a        0x6 .pio/build/genericSTM32F103C8/SrcWrapper/src/stm32/uart.c.o
                0x000000000800364a                HAL_UART_TxCpltCallback
 .text.HAL_UART_ErrorCallback
                0x0000000008003650       0x7a .pio/build/genericSTM32F103C8/SrcWrapper/src/stm32/uart.c.o
                0x0000000008003650                HAL_UART_ErrorCallback
 *fill*         0x00000000080036ca        0x2 
 .text.USART1_IRQHandler
                0x00000000080036cc       0x18 .pio/build/genericSTM32F103C8/SrcWrapper/src/stm32/uart.c.o
                0x00000000080036cc                USART1_IRQHandler
 .text.USART2_IRQHandler
                0x00000000080036e4       0x1c .pio/build/genericSTM32F103C8/SrcWrapper/src/stm32/uart.c.o
                0x00000000080036e4                USART2_IRQHandler
 .text.USART3_IRQHandler
                0x0000000008003700       0x1c .pio/build/genericSTM32F103C8/SrcWrapper/src/stm32/uart.c.o
                0x0000000008003700                USART3_IRQHandler
 .text._sbrk    0x000000000800371c       0x3c .pio/build/genericSTM32F103C8/SrcWrapper/src/syscalls.c.o
                0x000000000800371c                _sbrk
 .text._exit    0x0000000008003758        0x2 .pio/build/genericSTM32F103C8/SrcWrapper/src/syscalls.c.o
                0x0000000008003758                _exit
 *fill*         0x000000000800375a        0x2 
 .text._kill    0x000000000800375c       0x10 .pio/build/genericSTM32F103C8/SrcWrapper/src/syscalls.c.o
                0x000000000800375c                _kill
 .text._getpid  0x000000000800376c        0x4 .pio/build/genericSTM32F103C8/SrcWrapper/src/syscalls.c.o
                0x000000000800376c                _getpid
 .text._ZN11SPISettingsC2Em8BitOrderhb
                0x0000000008003770       0x1e .pio/build/genericSTM32F103C8/src/main.cpp.o
                0x0000000008003770                SPISettings::SPISettings(unsigned long, BitOrder, unsigned char, bool)
                0x0000000008003770                SPISettings::SPISettings(unsigned long, BitOrder, unsigned char, bool)
 *fill*         0x000000000800378e        0x2 
 .text._Z9transmitePhi
                0x0000000008003790       0x64 .pio/build/genericSTM32F103C8/src/main.cpp.o
                0x0000000008003790                transmite(unsigned char*, int)
 .text.loop     0x00000000080037f4       0x44 .pio/build/genericSTM32F103C8/src/main.cpp.o
                0x00000000080037f4                loop
 .text._Z12ADC_DMA_Initv
                0x0000000008003838       0x94 .pio/build/genericSTM32F103C8/src/main.cpp.o
                0x0000000008003838                ADC_DMA_Init()
 .text._Z13Ethernet_Initv
                0x00000000080038cc       0x20 .pio/build/genericSTM32F103C8/src/main.cpp.o
                0x00000000080038cc                Ethernet_Init()
 .text.setup    0x00000000080038ec       0x4c .pio/build/genericSTM32F103C8/src/main.cpp.o
                0x00000000080038ec                setup
 .text.DMA1_Channel1_IRQHandler
                0x0000000008003938       0x38 .pio/build/genericSTM32F103C8/src/main.cpp.o
                0x0000000008003938                DMA1_Channel1_IRQHandler
 .text.startup._GLOBAL__sub_I_buffer_ADC
                0x0000000008003970       0x38 .pio/build/genericSTM32F103C8/src/main.cpp.o
 .text._ZN8SPIClass6pinIdxEhNS_12pin_option_tE
                0x00000000080039a8       0x6c .pio/build/genericSTM32F103C8/libdd9/libSPI.a(SPI.cpp.o)
                0x00000000080039a8                SPIClass::pinIdx(unsigned char, SPIClass::pin_option_t)
 .text._ZN8SPIClassC2Ev
                0x0000000008003a14       0x5c .pio/build/genericSTM32F103C8/libdd9/libSPI.a(SPI.cpp.o)
                0x0000000008003a14                SPIClass::SPIClass()
                0x0000000008003a14                SPIClass::SPIClass()
 .text._ZN8SPIClass5beginEh
                0x0000000008003a70       0x4c .pio/build/genericSTM32F103C8/libdd9/libSPI.a(SPI.cpp.o)
                0x0000000008003a70                SPIClass::begin(unsigned char)
 .text._ZN8SPIClass16beginTransactionEh11SPISettings
                0x0000000008003abc       0x6a .pio/build/genericSTM32F103C8/libdd9/libSPI.a(SPI.cpp.o)
                0x0000000008003abc                SPIClass::beginTransaction(unsigned char, SPISettings)
 *fill*         0x0000000008003b26        0x2 
 .text._ZN8SPIClass14endTransactionEh
                0x0000000008003b28       0x6c .pio/build/genericSTM32F103C8/libdd9/libSPI.a(SPI.cpp.o)
                0x0000000008003b28                SPIClass::endTransaction(unsigned char)
 .text._ZN8SPIClass8transferEhh15SPITransferMode
                0x0000000008003b94       0x98 .pio/build/genericSTM32F103C8/libdd9/libSPI.a(SPI.cpp.o)
                0x0000000008003b94                SPIClass::transfer(unsigned char, unsigned char, SPITransferMode)
 .text._ZN8SPIClass8transferEhPvj15SPITransferMode
                0x0000000008003c2c       0x9c .pio/build/genericSTM32F103C8/libdd9/libSPI.a(SPI.cpp.o)
                0x0000000008003c2c                SPIClass::transfer(unsigned char, void*, unsigned int, SPITransferMode)
 .text.startup._GLOBAL__sub_I_SPI
                0x0000000008003cc8        0xc .pio/build/genericSTM32F103C8/libdd9/libSPI.a(SPI.cpp.o)
 .text.LL_GPIO_SetPinMode
                0x0000000008003cd4       0x2e .pio/build/genericSTM32F103C8/libdd9/libSPI.a(spi_com.c.o)
 *fill*         0x0000000008003d02        0x2 
 .text.spi_getClkFreqInst
                0x0000000008003d04       0x2c .pio/build/genericSTM32F103C8/libdd9/libSPI.a(spi_com.c.o)
                0x0000000008003d04                spi_getClkFreqInst
 .text.spi_init
                0x0000000008003d30      0x260 .pio/build/genericSTM32F103C8/libdd9/libSPI.a(spi_com.c.o)
                0x0000000008003d30                spi_init
 .text.spi_transfer
                0x0000000008003f90       0x78 .pio/build/genericSTM32F103C8/libdd9/libSPI.a(spi_com.c.o)
                0x0000000008003f90                spi_transfer
 .text._ZN8SPIClass16beginTransactionE11SPISettings
                0x0000000008004008       0x1c .pio/build/genericSTM32F103C8/libc19/libEthernet.a(Ethernet.cpp.o)
                0x0000000008004008                SPIClass::beginTransaction(SPISettings)
 .text._ZN8SPIClass14endTransactionEv
                0x0000000008004024        0x6 .pio/build/genericSTM32F103C8/libc19/libEthernet.a(Ethernet.cpp.o)
                0x0000000008004024                SPIClass::endTransaction()
 .text._ZN10W5100Class8writeGAREPKh
                0x000000000800402a        0xa .pio/build/genericSTM32F103C8/libc19/libEthernet.a(Ethernet.cpp.o)
                0x000000000800402a                W5100Class::writeGAR(unsigned char const*)
 .text._ZN10W5100Class9writeSUBREPKh
                0x0000000008004034        0xa .pio/build/genericSTM32F103C8/libc19/libEthernet.a(Ethernet.cpp.o)
                0x0000000008004034                W5100Class::writeSUBR(unsigned char const*)
 .text._ZN10W5100Class9writeSHAREPKh
                0x000000000800403e        0xa .pio/build/genericSTM32F103C8/libc19/libEthernet.a(Ethernet.cpp.o)
                0x000000000800403e                W5100Class::writeSHAR(unsigned char const*)
 .text._ZN10W5100Class9writeSIPREPKh
                0x0000000008004048        0xa .pio/build/genericSTM32F103C8/libc19/libEthernet.a(Ethernet.cpp.o)
                0x0000000008004048                W5100Class::writeSIPR(unsigned char const*)
 *fill*         0x0000000008004052        0x2 
 .text._ZN13EthernetClass5beginEPh9IPAddressS1_S1_S1_
                0x0000000008004054       0x68 .pio/build/genericSTM32F103C8/libc19/libEthernet.a(Ethernet.cpp.o)
                0x0000000008004054                EthernetClass::begin(unsigned char*, IPAddress, IPAddress, IPAddress, IPAddress)
 .text._ZN13EthernetClass5beginEPh9IPAddressS1_S1_
                0x00000000080040bc       0x54 .pio/build/genericSTM32F103C8/libc19/libEthernet.a(Ethernet.cpp.o)
                0x00000000080040bc                EthernetClass::begin(unsigned char*, IPAddress, IPAddress, IPAddress)
 .text._ZN13EthernetClass5beginEPh9IPAddressS1_
                0x0000000008004110       0x34 .pio/build/genericSTM32F103C8/libc19/libEthernet.a(Ethernet.cpp.o)
                0x0000000008004110                EthernetClass::begin(unsigned char*, IPAddress, IPAddress)
 .text._ZN13EthernetClass5beginEPh9IPAddress
                0x0000000008004144       0x2c .pio/build/genericSTM32F103C8/libc19/libEthernet.a(Ethernet.cpp.o)
                0x0000000008004144                EthernetClass::begin(unsigned char*, IPAddress)
 .text.startup._GLOBAL__sub_I__ZN13EthernetClass17_dnsServerAddressE
                0x0000000008004170       0x24 .pio/build/genericSTM32F103C8/libc19/libEthernet.a(Ethernet.cpp.o)
 .text._ZN14EthernetClientD2Ev
                0x0000000008004194        0x2 .pio/build/genericSTM32F103C8/libc19/libEthernet.a(EthernetClient.cpp.o)
                0x0000000008004194                EthernetClient::~EthernetClient()
                0x0000000008004194                EthernetClient::~EthernetClient()
 .text._ZN14EthernetClientcvbEv
                0x0000000008004196        0xc .pio/build/genericSTM32F103C8/libc19/libEthernet.a(EthernetClient.cpp.o)
                0x0000000008004196                EthernetClient::operator bool()
 .text._ZN14EthernetClienteqEb
                0x00000000080041a2        0x6 .pio/build/genericSTM32F103C8/libc19/libEthernet.a(EthernetClient.cpp.o)
                0x00000000080041a2                EthernetClient::operator==(bool)
 .text._ZN14EthernetClientneEb
                0x00000000080041a8        0x4 .pio/build/genericSTM32F103C8/libc19/libEthernet.a(EthernetClient.cpp.o)
                0x00000000080041a8                EthernetClient::operator!=(bool)
 .text._ZN14EthernetClientneERKS_
                0x00000000080041ac       0x10 .pio/build/genericSTM32F103C8/libc19/libEthernet.a(EthernetClient.cpp.o)
                0x00000000080041ac                EthernetClient::operator!=(EthernetClient const&)
 .text._ZN14EthernetClient20setConnectionTimeoutEt
                0x00000000080041bc        0x4 .pio/build/genericSTM32F103C8/libc19/libEthernet.a(EthernetClient.cpp.o)
                0x00000000080041bc                EthernetClient::setConnectionTimeout(unsigned short)
 .text._ZN14EthernetClient5writeEh
                0x00000000080041c0       0x18 .pio/build/genericSTM32F103C8/libc19/libEthernet.a(EthernetClient.cpp.o)
                0x00000000080041c0                EthernetClient::write(unsigned char)
 .text._ZN14EthernetClienteqERKS_
                0x00000000080041d8       0x16 .pio/build/genericSTM32F103C8/libc19/libEthernet.a(EthernetClient.cpp.o)
                0x00000000080041d8                EthernetClient::operator==(EthernetClient const&)
 *fill*         0x00000000080041ee        0x2 
 .text._ZN14EthernetClient9connectedEv
                0x00000000080041f0       0x40 .pio/build/genericSTM32F103C8/libc19/libEthernet.a(EthernetClient.cpp.o)
                0x00000000080041f0                EthernetClient::connected()
 .text._ZN14EthernetClient7connectEPKct
                0x0000000008004230       0x8c .pio/build/genericSTM32F103C8/libc19/libEthernet.a(EthernetClient.cpp.o)
                0x0000000008004230                EthernetClient::connect(char const*, unsigned short)
 .text._ZN14EthernetClient17availableForWriteEv
                0x00000000080042bc       0x12 .pio/build/genericSTM32F103C8/libc19/libEthernet.a(EthernetClient.cpp.o)
                0x00000000080042bc                EthernetClient::availableForWrite()
 .text._ZN14EthernetClient5flushEv
                0x00000000080042ce       0x24 .pio/build/genericSTM32F103C8/libc19/libEthernet.a(EthernetClient.cpp.o)
                0x00000000080042ce                EthernetClient::flush()
 .text._ZN14EthernetClient5writeEPKhj
                0x00000000080042f2       0x1e .pio/build/genericSTM32F103C8/libc19/libEthernet.a(EthernetClient.cpp.o)
                0x00000000080042f2                EthernetClient::write(unsigned char const*, unsigned int)
 .text._ZN14EthernetClient9availableEv
                0x0000000008004310       0x12 .pio/build/genericSTM32F103C8/libc19/libEthernet.a(EthernetClient.cpp.o)
                0x0000000008004310                EthernetClient::available()
 .text._ZN14EthernetClient4readEPhj
                0x0000000008004322       0x10 .pio/build/genericSTM32F103C8/libc19/libEthernet.a(EthernetClient.cpp.o)
                0x0000000008004322                EthernetClient::read(unsigned char*, unsigned int)
 .text._ZN14EthernetClient4readEv
                0x0000000008004332       0x20 .pio/build/genericSTM32F103C8/libc19/libEthernet.a(EthernetClient.cpp.o)
                0x0000000008004332                EthernetClient::read()
 .text._ZN14EthernetClient4peekEv
                0x0000000008004352       0x22 .pio/build/genericSTM32F103C8/libc19/libEthernet.a(EthernetClient.cpp.o)
                0x0000000008004352                EthernetClient::peek()
 .text._ZN14EthernetClientD0Ev
                0x0000000008004374        0xe .pio/build/genericSTM32F103C8/libc19/libEthernet.a(EthernetClient.cpp.o)
                0x0000000008004374                EthernetClient::~EthernetClient()
 .text._ZN14EthernetClient4stopEv
                0x0000000008004382       0x3c .pio/build/genericSTM32F103C8/libc19/libEthernet.a(EthernetClient.cpp.o)
                0x0000000008004382                EthernetClient::stop()
 .text._ZN14EthernetClient7connectE9IPAddresst
                0x00000000080043be       0x98 .pio/build/genericSTM32F103C8/libc19/libEthernet.a(EthernetClient.cpp.o)
                0x00000000080043be                EthernetClient::connect(IPAddress, unsigned short)
 *fill*         0x0000000008004456        0x2 
 .text._ZN10W5100Class6readSnEhtPht
                0x0000000008004458       0x20 .pio/build/genericSTM32F103C8/libc19/libEthernet.a(EthernetClient.cpp.o)
                0x0000000008004458                W5100Class::readSn(unsigned char, unsigned short, unsigned char*, unsigned short)
 .text._ZN14EthernetClient9localPortEv
                0x0000000008004478       0x6c .pio/build/genericSTM32F103C8/libc19/libEthernet.a(EthernetClient.cpp.o)
                0x0000000008004478                EthernetClient::localPort()
 .text._ZN14EthernetClient8remoteIPEv
                0x00000000080044e4       0x6c .pio/build/genericSTM32F103C8/libc19/libEthernet.a(EthernetClient.cpp.o)
                0x00000000080044e4                EthernetClient::remoteIP()
 .text._ZN14EthernetClient10remotePortEv
                0x0000000008004550       0x6c .pio/build/genericSTM32F103C8/libc19/libEthernet.a(EthernetClient.cpp.o)
                0x0000000008004550                EthernetClient::remotePort()
 .text.startup._GLOBAL__sub_I__ZN14EthernetClient7connectEPKct
                0x00000000080045bc       0x1c .pio/build/genericSTM32F103C8/libc19/libEthernet.a(EthernetClient.cpp.o)
 .text._ZN5Print17availableForWriteEv
                0x00000000080045d8        0x4 .pio/build/genericSTM32F103C8/libc19/libEthernet.a(EthernetUdp.cpp.o)
                0x00000000080045d8                Print::availableForWrite()
 .text._ZN11EthernetUDP4readEPcj
                0x00000000080045dc        0x6 .pio/build/genericSTM32F103C8/libc19/libEthernet.a(EthernetUdp.cpp.o)
                0x00000000080045dc                EthernetUDP::read(char*, unsigned int)
 *fill*         0x00000000080045e2        0x2 
 .text._ZN11EthernetUDP8remoteIPEv
                0x00000000080045e4       0x10 .pio/build/genericSTM32F103C8/libc19/libEthernet.a(EthernetUdp.cpp.o)
                0x00000000080045e4                EthernetUDP::remoteIP()
 .text._ZN11EthernetUDP10remotePortEv
                0x00000000080045f4        0x4 .pio/build/genericSTM32F103C8/libc19/libEthernet.a(EthernetUdp.cpp.o)
                0x00000000080045f4                EthernetUDP::remotePort()
 .text._ZN11EthernetUDP9localPortEv
                0x00000000080045f8        0x4 .pio/build/genericSTM32F103C8/libc19/libEthernet.a(EthernetUdp.cpp.o)
                0x00000000080045f8                EthernetUDP::localPort()
 .text._ZN11EthernetUDP9availableEv
                0x00000000080045fc        0x4 .pio/build/genericSTM32F103C8/libc19/libEthernet.a(EthernetUdp.cpp.o)
                0x00000000080045fc                EthernetUDP::available()
 .text._ZN11EthernetUDP5writeEh
                0x0000000008004600       0x18 .pio/build/genericSTM32F103C8/libc19/libEthernet.a(EthernetUdp.cpp.o)
                0x0000000008004600                EthernetUDP::write(unsigned char)
 .text._ZN11EthernetUDP5flushEv
                0x0000000008004618        0x2 .pio/build/genericSTM32F103C8/libc19/libEthernet.a(EthernetUdp.cpp.o)
                0x0000000008004618                EthernetUDP::flush()
 .text._ZN11EthernetUDP4stopEv
                0x000000000800461a       0x18 .pio/build/genericSTM32F103C8/libc19/libEthernet.a(EthernetUdp.cpp.o)
                0x000000000800461a                EthernetUDP::stop()
 .text._ZN11EthernetUDP5beginEt
                0x0000000008004632       0x2e .pio/build/genericSTM32F103C8/libc19/libEthernet.a(EthernetUdp.cpp.o)
                0x0000000008004632                EthernetUDP::begin(unsigned short)
 .text._ZN11EthernetUDP11beginPacketEPKct
                0x0000000008004660       0x78 .pio/build/genericSTM32F103C8/libc19/libEthernet.a(EthernetUdp.cpp.o)
                0x0000000008004660                EthernetUDP::beginPacket(char const*, unsigned short)
 .text._ZN11EthernetUDP11beginPacketE9IPAddresst
                0x00000000080046d8       0x12 .pio/build/genericSTM32F103C8/libc19/libEthernet.a(EthernetUdp.cpp.o)
                0x00000000080046d8                EthernetUDP::beginPacket(IPAddress, unsigned short)
 .text._ZN11EthernetUDP9endPacketEv
                0x00000000080046ea        0xc .pio/build/genericSTM32F103C8/libc19/libEthernet.a(EthernetUdp.cpp.o)
                0x00000000080046ea                EthernetUDP::endPacket()
 .text._ZN11EthernetUDP5writeEPKhj
                0x00000000080046f6       0x1a .pio/build/genericSTM32F103C8/libc19/libEthernet.a(EthernetUdp.cpp.o)
                0x00000000080046f6                EthernetUDP::write(unsigned char const*, unsigned int)
 .text._ZN11EthernetUDP4readEv
                0x0000000008004710       0x2e .pio/build/genericSTM32F103C8/libc19/libEthernet.a(EthernetUdp.cpp.o)
                0x0000000008004710                EthernetUDP::read()
 .text._ZN11EthernetUDP4readEPhj
                0x000000000800473e       0x2a .pio/build/genericSTM32F103C8/libc19/libEthernet.a(EthernetUdp.cpp.o)
                0x000000000800473e                EthernetUDP::read(unsigned char*, unsigned int)
 .text._ZN11EthernetUDP4peekEv
                0x0000000008004768       0x1c .pio/build/genericSTM32F103C8/libc19/libEthernet.a(EthernetUdp.cpp.o)
                0x0000000008004768                EthernetUDP::peek()
 .text._ZN11EthernetUDP14beginMulticastE9IPAddresst
                0x0000000008004784       0x40 .pio/build/genericSTM32F103C8/libc19/libEthernet.a(EthernetUdp.cpp.o)
                0x0000000008004784                EthernetUDP::beginMulticast(IPAddress, unsigned short)
 .text._ZN11EthernetUDP11parsePacketEv
                0x00000000080047c4       0x5a .pio/build/genericSTM32F103C8/libc19/libEthernet.a(EthernetUdp.cpp.o)
                0x00000000080047c4                EthernetUDP::parsePacket()
 *fill*         0x000000000800481e        0x2 
 .text.startup._GLOBAL__sub_I__ZN11EthernetUDP5beginEt
                0x0000000008004820       0x1c .pio/build/genericSTM32F103C8/libc19/libEthernet.a(EthernetUdp.cpp.o)
 .text._ZN10W5100Class6readSnEht
                0x000000000800483c       0x28 .pio/build/genericSTM32F103C8/libc19/libEthernet.a(socket.cpp.o)
                0x000000000800483c                W5100Class::readSn(unsigned char, unsigned short)
 .text._ZN10W5100Class7writeSnEhth
                0x0000000008004864       0x2c .pio/build/genericSTM32F103C8/libc19/libEthernet.a(socket.cpp.o)
                0x0000000008004864                W5100Class::writeSn(unsigned char, unsigned short, unsigned char)
 .text._ZN10W5100Class7writeSnEhtPht
                0x0000000008004890       0x20 .pio/build/genericSTM32F103C8/libc19/libEthernet.a(socket.cpp.o)
                0x0000000008004890                W5100Class::writeSn(unsigned char, unsigned short, unsigned char*, unsigned short)
 .text._ZL10write_datahtPKht
                0x00000000080048b0       0xa8 .pio/build/genericSTM32F103C8/libc19/libEthernet.a(socket.cpp.o)
 .text._ZN10W5100Class8readSnSREh
                0x0000000008004958        0xa .pio/build/genericSTM32F103C8/libc19/libEthernet.a(socket.cpp.o)
                0x0000000008004958                W5100Class::readSnSR(unsigned char)
 .text._ZN10W5100Class11writeSnPORTEht
                0x0000000008004962       0x18 .pio/build/genericSTM32F103C8/libc19/libEthernet.a(socket.cpp.o)
                0x0000000008004962                W5100Class::writeSnPORT(unsigned char, unsigned short)
 .text._ZN10W5100Class11writeSnDIPREhPh
                0x000000000800497a        0xe .pio/build/genericSTM32F103C8/libc19/libEthernet.a(socket.cpp.o)
                0x000000000800497a                W5100Class::writeSnDIPR(unsigned char, unsigned char*)
 .text._ZN10W5100Class12writeSnDPORTEht
                0x0000000008004988       0x18 .pio/build/genericSTM32F103C8/libc19/libEthernet.a(socket.cpp.o)
                0x0000000008004988                W5100Class::writeSnDPORT(unsigned char, unsigned short)
 .text._ZN10W5100Class12readSnTX_FSREh
                0x00000000080049a0       0x1e .pio/build/genericSTM32F103C8/libc19/libEthernet.a(socket.cpp.o)
                0x00000000080049a0                W5100Class::readSnTX_FSR(unsigned char)
 *fill*         0x00000000080049be        0x2 
 .text._ZL11getSnTX_FSRh
                0x00000000080049c0       0x28 .pio/build/genericSTM32F103C8/libc19/libEthernet.a(socket.cpp.o)
 .text._ZN10W5100Class12readSnRX_RSREh
                0x00000000080049e8       0x1e .pio/build/genericSTM32F103C8/libc19/libEthernet.a(socket.cpp.o)
                0x00000000080049e8                W5100Class::readSnRX_RSR(unsigned char)
 .text._ZN10W5100Class11readSnRX_RDEh
                0x0000000008004a06       0x1e .pio/build/genericSTM32F103C8/libc19/libEthernet.a(socket.cpp.o)
                0x0000000008004a06                W5100Class::readSnRX_RD(unsigned char)
 .text._ZN10W5100Class5RBASEEh
                0x0000000008004a24       0x18 .pio/build/genericSTM32F103C8/libc19/libEthernet.a(socket.cpp.o)
                0x0000000008004a24                W5100Class::RBASE(unsigned char)
 .text._ZN13EthernetClass11socketBeginEht
                0x0000000008004a3c      0x12c .pio/build/genericSTM32F103C8/libc19/libEthernet.a(socket.cpp.o)
                0x0000000008004a3c                EthernetClass::socketBegin(unsigned char, unsigned short)
 .text._ZN13EthernetClass20socketBeginMulticastEh9IPAddresst
                0x0000000008004b68      0x170 .pio/build/genericSTM32F103C8/libc19/libEthernet.a(socket.cpp.o)
                0x0000000008004b68                EthernetClass::socketBeginMulticast(unsigned char, IPAddress, unsigned short)
 .text._ZN13EthernetClass12socketStatusEh
                0x0000000008004cd8       0x40 .pio/build/genericSTM32F103C8/libc19/libEthernet.a(socket.cpp.o)
                0x0000000008004cd8                EthernetClass::socketStatus(unsigned char)
 .text._ZN13EthernetClass11socketCloseEh
                0x0000000008004d18       0x3c .pio/build/genericSTM32F103C8/libc19/libEthernet.a(socket.cpp.o)
                0x0000000008004d18                EthernetClass::socketClose(unsigned char)
 .text._ZN13EthernetClass13socketConnectEhPht
                0x0000000008004d54       0x58 .pio/build/genericSTM32F103C8/libc19/libEthernet.a(socket.cpp.o)
                0x0000000008004d54                EthernetClass::socketConnect(unsigned char, unsigned char*, unsigned short)
 .text._ZN13EthernetClass16socketDisconnectEh
                0x0000000008004dac       0x3c .pio/build/genericSTM32F103C8/libc19/libEthernet.a(socket.cpp.o)
                0x0000000008004dac                EthernetClass::socketDisconnect(unsigned char)
 .text._ZN13EthernetClass10socketRecvEhPhs
                0x0000000008004de8      0x13c .pio/build/genericSTM32F103C8/libc19/libEthernet.a(socket.cpp.o)
                0x0000000008004de8                EthernetClass::socketRecv(unsigned char, unsigned char*, short)
 .text._ZN13EthernetClass19socketRecvAvailableEh
                0x0000000008004f24       0x64 .pio/build/genericSTM32F103C8/libc19/libEthernet.a(socket.cpp.o)
                0x0000000008004f24                EthernetClass::socketRecvAvailable(unsigned char)
 .text._ZN13EthernetClass10socketPeekEh
                0x0000000008004f88       0x5c .pio/build/genericSTM32F103C8/libc19/libEthernet.a(socket.cpp.o)
                0x0000000008004f88                EthernetClass::socketPeek(unsigned char)
 .text._ZN13EthernetClass10socketSendEhPKht
                0x0000000008004fe4      0x10c .pio/build/genericSTM32F103C8/libc19/libEthernet.a(socket.cpp.o)
                0x0000000008004fe4                EthernetClass::socketSend(unsigned char, unsigned char const*, unsigned short)
 .text._ZN13EthernetClass19socketSendAvailableEh
                0x00000000080050f0       0x50 .pio/build/genericSTM32F103C8/libc19/libEthernet.a(socket.cpp.o)
                0x00000000080050f0                EthernetClass::socketSendAvailable(unsigned char)
 .text._ZN13EthernetClass16socketBufferDataEhtPKht
                0x0000000008005140       0x5c .pio/build/genericSTM32F103C8/libc19/libEthernet.a(socket.cpp.o)
                0x0000000008005140                EthernetClass::socketBufferData(unsigned char, unsigned short, unsigned char const*, unsigned short)
 .text._ZN13EthernetClass14socketStartUDPEhPht
                0x000000000800519c       0x60 .pio/build/genericSTM32F103C8/libc19/libEthernet.a(socket.cpp.o)
                0x000000000800519c                EthernetClass::socketStartUDP(unsigned char, unsigned char*, unsigned short)
 .text._ZN13EthernetClass13socketSendUDPEh
                0x00000000080051fc       0xa8 .pio/build/genericSTM32F103C8/libc19/libEthernet.a(socket.cpp.o)
                0x00000000080051fc                EthernetClass::socketSendUDP(unsigned char)
 .text.startup._GLOBAL__sub_I__ZN13EthernetClass14socketPortRandEt
                0x00000000080052a4       0x1c .pio/build/genericSTM32F103C8/libc19/libEthernet.a(socket.cpp.o)
 .text._ZN8SPIClass8transferEh15SPITransferMode
                0x00000000080052c0        0xa .pio/build/genericSTM32F103C8/libc19/libEthernet.a(w5100.cpp.o)
                0x00000000080052c0                SPIClass::transfer(unsigned char, SPITransferMode)
 *fill*         0x00000000080052ca        0x2 
 .text._ZN10W5100Class5setSSEv
                0x00000000080052cc       0x10 .pio/build/genericSTM32F103C8/libc19/libEthernet.a(w5100.cpp.o)
                0x00000000080052cc                W5100Class::setSS()
 .text._ZN10W5100Class7resetSSEv
                0x00000000080052dc       0x10 .pio/build/genericSTM32F103C8/libc19/libEthernet.a(w5100.cpp.o)
                0x00000000080052dc                W5100Class::resetSS()
 .text._ZN10W5100Class5writeEtPKht
                0x00000000080052ec      0x15c .pio/build/genericSTM32F103C8/libc19/libEthernet.a(w5100.cpp.o)
                0x00000000080052ec                W5100Class::write(unsigned short, unsigned char const*, unsigned short)
 .text._ZN10W5100Class5writeEth
                0x0000000008005448       0x18 .pio/build/genericSTM32F103C8/libc19/libEthernet.a(w5100.cpp.o)
                0x0000000008005448                W5100Class::write(unsigned short, unsigned char)
 .text._ZN10W5100Class7writeMREh
                0x0000000008005460        0xc .pio/build/genericSTM32F103C8/libc19/libEthernet.a(w5100.cpp.o)
                0x0000000008005460                W5100Class::writeMR(unsigned char)
 .text._ZN10W5100Class4readEtPht
                0x000000000800546c      0x110 .pio/build/genericSTM32F103C8/libc19/libEthernet.a(w5100.cpp.o)
                0x000000000800546c                W5100Class::read(unsigned short, unsigned char*, unsigned short)
 .text._ZN10W5100Class4readEt
                0x000000000800557c       0x16 .pio/build/genericSTM32F103C8/libc19/libEthernet.a(w5100.cpp.o)
                0x000000000800557c                W5100Class::read(unsigned short)
 .text._ZN10W5100Class6readMREv
                0x0000000008005592        0xa .pio/build/genericSTM32F103C8/libc19/libEthernet.a(w5100.cpp.o)
                0x0000000008005592                W5100Class::readMR()
 .text._ZN10W5100Class9softResetEv
                0x000000000800559c       0x26 .pio/build/genericSTM32F103C8/libc19/libEthernet.a(w5100.cpp.o)
                0x000000000800559c                W5100Class::softReset()
 *fill*         0x00000000080055c2        0x2 
 .text._ZN10W5100Class7isW5100Ev
                0x00000000080055c4       0x44 .pio/build/genericSTM32F103C8/libc19/libEthernet.a(w5100.cpp.o)
                0x00000000080055c4                W5100Class::isW5100()
 .text._ZN10W5100Class7isW5200Ev
                0x0000000008005608       0x50 .pio/build/genericSTM32F103C8/libc19/libEthernet.a(w5100.cpp.o)
                0x0000000008005608                W5100Class::isW5200()
 .text._ZN10W5100Class7isW5500Ev
                0x0000000008005658       0x50 .pio/build/genericSTM32F103C8/libc19/libEthernet.a(w5100.cpp.o)
                0x0000000008005658                W5100Class::isW5500()
 .text._ZN10W5100Class4initEv
                0x00000000080056a8       0xe4 .pio/build/genericSTM32F103C8/libc19/libEthernet.a(w5100.cpp.o)
                0x00000000080056a8                W5100Class::init()
 .text._ZN10W5100Class9execCmdSnEh7SockCMD
                0x000000000800578c       0x28 .pio/build/genericSTM32F103C8/libc19/libEthernet.a(w5100.cpp.o)
                0x000000000800578c                W5100Class::execCmdSn(unsigned char, SockCMD)
 .text.startup._GLOBAL__sub_I__ZN10W5100Class4chipE
                0x00000000080057b4       0x1c .pio/build/genericSTM32F103C8/libc19/libEthernet.a(w5100.cpp.o)
 .text.startup._GLOBAL__sub_I__ZN9DhcpClass13beginWithDHCPEPhmm
                0x00000000080057d0       0x1c .pio/build/genericSTM32F103C8/libc19/libEthernet.a(Dhcp.cpp.o)
 .text._ZN9DNSClient5beginERK9IPAddress
                0x00000000080057ec        0xa .pio/build/genericSTM32F103C8/libc19/libEthernet.a(Dns.cpp.o)
                0x00000000080057ec                DNSClient::begin(IPAddress const&)
 .text._ZN9DNSClient9inet_atonEPKcR9IPAddress
                0x00000000080057f6       0x48 .pio/build/genericSTM32F103C8/libc19/libEthernet.a(Dns.cpp.o)
                0x00000000080057f6                DNSClient::inet_aton(char const*, IPAddress&)
 *fill*         0x000000000800583e        0x2 
 .text.startup._GLOBAL__sub_I__ZN9DNSClient5beginERK9IPAddress
                0x0000000008005840       0x1c .pio/build/genericSTM32F103C8/libc19/libEthernet.a(Dns.cpp.o)
 .text._ZN9DNSClient12BuildRequestEPKc
                0x000000000800585c       0xe6 .pio/build/genericSTM32F103C8/libc19/libEthernet.a(Dns.cpp.o)
                0x000000000800585c                DNSClient::BuildRequest(char const*)
 .text._ZN9DNSClient15ProcessResponseEtR9IPAddress
                0x0000000008005942      0x1d4 .pio/build/genericSTM32F103C8/libc19/libEthernet.a(Dns.cpp.o)
                0x0000000008005942                DNSClient::ProcessResponse(unsigned short, IPAddress&)
 *fill*         0x0000000008005b16        0x2 
 .text._ZN9DNSClient13getHostByNameEPKcR9IPAddresst
                0x0000000008005b18       0x8c .pio/build/genericSTM32F103C8/libc19/libEthernet.a(Dns.cpp.o)
                0x0000000008005b18                DNSClient::getHostByName(char const*, IPAddress&, unsigned short)
 .text.startup._GLOBAL__sub_I__ZN14EthernetServer11server_portE
                0x0000000008005ba4       0x1c .pio/build/genericSTM32F103C8/libc19/libEthernet.a(EthernetServer.cpp.o)
 .text._ZNSt8functionIFvvEEaSEDn.isra.0
                0x0000000008005bc0       0x18 .pio/build/genericSTM32F103C8/libFrameworkArduino.a(HardwareTimer.cpp.o)
 .text._Z15get_timer_indexP11TIM_TypeDef
                0x0000000008005bd8       0x38 .pio/build/genericSTM32F103C8/libFrameworkArduino.a(HardwareTimer.cpp.o)
                0x0000000008005bd8                get_timer_index(TIM_TypeDef*)
 .text._ZN13HardwareTimerD2Ev
                0x0000000008005c10       0x40 .pio/build/genericSTM32F103C8/libFrameworkArduino.a(HardwareTimer.cpp.o)
                0x0000000008005c10                HardwareTimer::~HardwareTimer()
                0x0000000008005c10                HardwareTimer::~HardwareTimer()
 .text._ZN13HardwareTimer5setupEP11TIM_TypeDef
                0x0000000008005c50       0xa4 .pio/build/genericSTM32F103C8/libFrameworkArduino.a(HardwareTimer.cpp.o)
                0x0000000008005c50                HardwareTimer::setup(TIM_TypeDef*)
 .text._ZN13HardwareTimerC2EP11TIM_TypeDef
                0x0000000008005cf4       0x20 .pio/build/genericSTM32F103C8/libFrameworkArduino.a(HardwareTimer.cpp.o)
                0x0000000008005cf4                HardwareTimer::HardwareTimer(TIM_TypeDef*)
                0x0000000008005cf4                HardwareTimer::HardwareTimer(TIM_TypeDef*)
 .text.TIM1_UP_IRQHandler
                0x0000000008005d14       0x14 .pio/build/genericSTM32F103C8/libFrameworkArduino.a(HardwareTimer.cpp.o)
                0x0000000008005d14                TIM1_UP_IRQHandler
 .text.TIM1_CC_IRQHandler
                0x0000000008005d28        0x4 .pio/build/genericSTM32F103C8/libFrameworkArduino.a(HardwareTimer.cpp.o)
                0x0000000008005d28                TIM1_CC_IRQHandler
 .text.TIM2_IRQHandler
                0x0000000008005d2c       0x14 .pio/build/genericSTM32F103C8/libFrameworkArduino.a(HardwareTimer.cpp.o)
                0x0000000008005d2c                TIM2_IRQHandler
 .text.TIM3_IRQHandler
                0x0000000008005d40       0x14 .pio/build/genericSTM32F103C8/libFrameworkArduino.a(HardwareTimer.cpp.o)
                0x0000000008005d40                TIM3_IRQHandler
 .text.TIM4_IRQHandler
                0x0000000008005d54       0x14 .pio/build/genericSTM32F103C8/libFrameworkArduino.a(HardwareTimer.cpp.o)
                0x0000000008005d54                TIM4_IRQHandler
 .text._ZNKSt8functionIFvvEEclEv
                0x0000000008005d68       0x12 .pio/build/genericSTM32F103C8/libFrameworkArduino.a(HardwareTimer.cpp.o)
                0x0000000008005d68                std::function<void ()>::operator()() const
 *fill*         0x0000000008005d7a        0x2 
 .text._ZN13HardwareTimer14updateCallbackEP17TIM_HandleTypeDef
                0x0000000008005d7c       0x28 .pio/build/genericSTM32F103C8/libFrameworkArduino.a(HardwareTimer.cpp.o)
                0x0000000008005d7c                HardwareTimer::updateCallback(TIM_HandleTypeDef*)
 .text.HAL_TIM_PeriodElapsedCallback
                0x0000000008005da4        0x4 .pio/build/genericSTM32F103C8/libFrameworkArduino.a(HardwareTimer.cpp.o)
                0x0000000008005da4                HAL_TIM_PeriodElapsedCallback
 .text._ZN13HardwareTimer22captureCompareCallbackEP17TIM_HandleTypeDef
                0x0000000008005da8       0x50 .pio/build/genericSTM32F103C8/libFrameworkArduino.a(HardwareTimer.cpp.o)
                0x0000000008005da8                HardwareTimer::captureCompareCallback(TIM_HandleTypeDef*)
 .text.HAL_TIM_OC_DelayElapsedCallback
                0x0000000008005df8        0x4 .pio/build/genericSTM32F103C8/libFrameworkArduino.a(HardwareTimer.cpp.o)
                0x0000000008005df8                HAL_TIM_OC_DelayElapsedCallback
 .text.HAL_TIM_IC_CaptureCallback
                0x0000000008005dfc        0x4 .pio/build/genericSTM32F103C8/libFrameworkArduino.a(HardwareTimer.cpp.o)
                0x0000000008005dfc                HAL_TIM_IC_CaptureCallback
 .text._ZNK9IPAddress7printToER5Print
                0x0000000008005e00       0x40 .pio/build/genericSTM32F103C8/libFrameworkArduino.a(IPAddress.cpp.o)
                0x0000000008005e00                IPAddress::printTo(Print&) const
 .text._ZN9IPAddressC2Ev
                0x0000000008005e40       0x10 .pio/build/genericSTM32F103C8/libFrameworkArduino.a(IPAddress.cpp.o)
                0x0000000008005e40                IPAddress::IPAddress()
                0x0000000008005e40                IPAddress::IPAddress()
 .text._ZN9IPAddressC2Ehhhh
                0x0000000008005e50       0x18 .pio/build/genericSTM32F103C8/libFrameworkArduino.a(IPAddress.cpp.o)
                0x0000000008005e50                IPAddress::IPAddress(unsigned char, unsigned char, unsigned char, unsigned char)
                0x0000000008005e50                IPAddress::IPAddress(unsigned char, unsigned char, unsigned char, unsigned char)
 .text._ZN9IPAddressC2Em
                0x0000000008005e68        0xc .pio/build/genericSTM32F103C8/libFrameworkArduino.a(IPAddress.cpp.o)
                0x0000000008005e68                IPAddress::IPAddress(unsigned long)
                0x0000000008005e68                IPAddress::IPAddress(unsigned long)
 .text._ZN9IPAddressC2EPKh
                0x0000000008005e74       0x10 .pio/build/genericSTM32F103C8/libFrameworkArduino.a(IPAddress.cpp.o)
                0x0000000008005e74                IPAddress::IPAddress(unsigned char const*)
                0x0000000008005e74                IPAddress::IPAddress(unsigned char const*)
 .text._ZN9IPAddressaSEPKh
                0x0000000008005e84        0x6 .pio/build/genericSTM32F103C8/libFrameworkArduino.a(IPAddress.cpp.o)
                0x0000000008005e84                IPAddress::operator=(unsigned char const*)
 .text._ZN5Print5writeEPKc
                0x0000000008005e8a       0x20 .pio/build/genericSTM32F103C8/libFrameworkArduino.a(Print.cpp.o)
                0x0000000008005e8a                Print::write(char const*)
 .text._ZN5Print5printEc
                0x0000000008005eaa        0x6 .pio/build/genericSTM32F103C8/libFrameworkArduino.a(Print.cpp.o)
                0x0000000008005eaa                Print::print(char)
 .text._ZN5Print7printlnEv
                0x0000000008005eb0       0x10 .pio/build/genericSTM32F103C8/libFrameworkArduino.a(Print.cpp.o)
                0x0000000008005eb0                Print::println()
 .text._ZN5Print7printlnEPKc
                0x0000000008005ec0       0x14 .pio/build/genericSTM32F103C8/libFrameworkArduino.a(Print.cpp.o)
                0x0000000008005ec0                Print::println(char const*)
 .text._ZN5Print11printNumberEmh
                0x0000000008005ed4       0x3a .pio/build/genericSTM32F103C8/libFrameworkArduino.a(Print.cpp.o)
                0x0000000008005ed4                Print::printNumber(unsigned long, unsigned char)
 .text._ZN5Print5printEmi
                0x0000000008005f0e       0x16 .pio/build/genericSTM32F103C8/libFrameworkArduino.a(Print.cpp.o)
                0x0000000008005f0e                Print::print(unsigned long, int)
 .text._ZN5Print5printEhi
                0x0000000008005f24        0x4 .pio/build/genericSTM32F103C8/libFrameworkArduino.a(Print.cpp.o)
                0x0000000008005f24                Print::print(unsigned char, int)
 .text._ZN6Stream9timedReadEv
                0x0000000008005f28       0x2a .pio/build/genericSTM32F103C8/libFrameworkArduino.a(Stream.cpp.o)
                0x0000000008005f28                Stream::timedRead()
 .text._ZN6Stream9readBytesEPcj
                0x0000000008005f52       0x22 .pio/build/genericSTM32F103C8/libFrameworkArduino.a(Stream.cpp.o)
                0x0000000008005f52                Stream::readBytes(char*, unsigned int)
 .text._ZN6Stream14readBytesUntilEcPcj
                0x0000000008005f74       0x30 .pio/build/genericSTM32F103C8/libFrameworkArduino.a(Stream.cpp.o)
                0x0000000008005f74                Stream::readBytesUntil(char, char*, unsigned int)
 .text._ZN9USBSerial5writeEh
                0x0000000008005fa4       0x18 .pio/build/genericSTM32F103C8/libFrameworkArduino.a(USBSerial.cpp.o)
                0x0000000008005fa4                USBSerial::write(unsigned char)
 .text._ZN9USBSerial17availableForWriteEv
                0x0000000008005fbc        0xc .pio/build/genericSTM32F103C8/libFrameworkArduino.a(USBSerial.cpp.o)
                0x0000000008005fbc                USBSerial::availableForWrite()
 .text._ZN9USBSerial5writeEPKhj
                0x0000000008005fc8       0x48 .pio/build/genericSTM32F103C8/libFrameworkArduino.a(USBSerial.cpp.o)
                0x0000000008005fc8                USBSerial::write(unsigned char const*, unsigned int)
 .text._ZN9USBSerial9availableEv
                0x0000000008006010        0xc .pio/build/genericSTM32F103C8/libFrameworkArduino.a(USBSerial.cpp.o)
                0x0000000008006010                USBSerial::available()
 .text._ZN9USBSerial4readEv
                0x000000000800601c       0x18 .pio/build/genericSTM32F103C8/libFrameworkArduino.a(USBSerial.cpp.o)
                0x000000000800601c                USBSerial::read()
 .text._ZN9USBSerial9readBytesEPcj
                0x0000000008006034       0x4c .pio/build/genericSTM32F103C8/libFrameworkArduino.a(USBSerial.cpp.o)
                0x0000000008006034                USBSerial::readBytes(char*, unsigned int)
 .text._ZN9USBSerial14readBytesUntilEcPcj
                0x0000000008006080       0x68 .pio/build/genericSTM32F103C8/libFrameworkArduino.a(USBSerial.cpp.o)
                0x0000000008006080                USBSerial::readBytesUntil(char, char*, unsigned int)
 .text._ZN9USBSerial4peekEv
                0x00000000080060e8        0xc .pio/build/genericSTM32F103C8/libFrameworkArduino.a(USBSerial.cpp.o)
                0x00000000080060e8                USBSerial::peek()
 .text._ZN9USBSerial5flushEv
                0x00000000080060f4       0x14 .pio/build/genericSTM32F103C8/libFrameworkArduino.a(USBSerial.cpp.o)
                0x00000000080060f4                USBSerial::flush()
 .text.startup._GLOBAL__sub_I_SerialUSB
                0x0000000008006108       0x1c .pio/build/genericSTM32F103C8/libFrameworkArduino.a(USBSerial.cpp.o)
 .text.__empty  0x0000000008006124        0x2 .pio/build/genericSTM32F103C8/libFrameworkArduino.a(hooks.c.o)
                0x0000000008006124                yield
 .text.startup._Z7premainv
                0x0000000008006126       0x10 .pio/build/genericSTM32F103C8/libFrameworkArduino.a(main.cpp.o)
                0x0000000008006126                premain()
 .text.startup.main
                0x0000000008006136       0x14 .pio/build/genericSTM32F103C8/libFrameworkArduino.a(main.cpp.o)
                0x0000000008006136                main
 .text._Znwj    0x000000000800614a        0x4 .pio/build/genericSTM32F103C8/libFrameworkArduino.a(new.cpp.o)
                0x000000000800614a                operator new(unsigned int)
 .text._ZdlPvj  0x000000000800614e        0x4 .pio/build/genericSTM32F103C8/libFrameworkArduino.a(new.cpp.o)
                0x000000000800614e                operator delete(void*, unsigned int)
 .text.CDC_TransmitQueue_Init
                0x0000000008006152        0xc .pio/build/genericSTM32F103C8/libFrameworkArduino.a(cdc_queue.c.o)
                0x0000000008006152                CDC_TransmitQueue_Init
 .text.CDC_TransmitQueue_WriteSize
                0x000000000800615e       0x20 .pio/build/genericSTM32F103C8/libFrameworkArduino.a(cdc_queue.c.o)
                0x000000000800615e                CDC_TransmitQueue_WriteSize
 .text.CDC_TransmitQueue_ReadSize
                0x000000000800617e       0x22 .pio/build/genericSTM32F103C8/libFrameworkArduino.a(cdc_queue.c.o)
                0x000000000800617e                CDC_TransmitQueue_ReadSize
 .text.CDC_TransmitQueue_Enqueue
                0x00000000080061a0       0x42 .pio/build/genericSTM32F103C8/libFrameworkArduino.a(cdc_queue.c.o)
                0x00000000080061a0                CDC_TransmitQueue_Enqueue
 .text.CDC_TransmitQueue_ReadBlock
                0x00000000080061e2       0x36 .pio/build/genericSTM32F103C8/libFrameworkArduino.a(cdc_queue.c.o)
                0x00000000080061e2                CDC_TransmitQueue_ReadBlock
 .text.CDC_TransmitQueue_CommitRead
                0x0000000008006218       0x14 .pio/build/genericSTM32F103C8/libFrameworkArduino.a(cdc_queue.c.o)
                0x0000000008006218                CDC_TransmitQueue_CommitRead
 .text.CDC_ReceiveQueue_Init
                0x000000000800622c       0x12 .pio/build/genericSTM32F103C8/libFrameworkArduino.a(cdc_queue.c.o)
                0x000000000800622c                CDC_ReceiveQueue_Init
 .text.CDC_ReceiveQueue_ReserveBlock
                0x000000000800623e       0x72 .pio/build/genericSTM32F103C8/libFrameworkArduino.a(cdc_queue.c.o)
                0x000000000800623e                CDC_ReceiveQueue_ReserveBlock
 .text.CDC_ReceiveQueue_CommitBlock
                0x00000000080062b0       0x34 .pio/build/genericSTM32F103C8/libFrameworkArduino.a(cdc_queue.c.o)
                0x00000000080062b0                CDC_ReceiveQueue_CommitBlock
 .text.CDC_ReceiveQueue_ReadSize
                0x00000000080062e4       0x50 .pio/build/genericSTM32F103C8/libFrameworkArduino.a(cdc_queue.c.o)
                0x00000000080062e4                CDC_ReceiveQueue_ReadSize
 .text.CDC_ReceiveQueue_Dequeue
                0x0000000008006334       0x70 .pio/build/genericSTM32F103C8/libFrameworkArduino.a(cdc_queue.c.o)
                0x0000000008006334                CDC_ReceiveQueue_Dequeue
 .text.CDC_ReceiveQueue_Peek
                0x00000000080063a4       0x4c .pio/build/genericSTM32F103C8/libFrameworkArduino.a(cdc_queue.c.o)
                0x00000000080063a4                CDC_ReceiveQueue_Peek
 .text.CDC_ReceiveQueue_Read
                0x00000000080063f0       0x8c .pio/build/genericSTM32F103C8/libFrameworkArduino.a(cdc_queue.c.o)
                0x00000000080063f0                CDC_ReceiveQueue_Read
 .text.CDC_ReceiveQueue_ReadUntil
                0x000000000800647c       0xce .pio/build/genericSTM32F103C8/libFrameworkArduino.a(cdc_queue.c.o)
                0x000000000800647c                CDC_ReceiveQueue_ReadUntil
 .text.USBD_CDC_DeInit
                0x000000000800654a        0x4 .pio/build/genericSTM32F103C8/libFrameworkArduino.a(usbd_cdc_if.c.o)
 *fill*         0x000000000800654e        0x2 
 .text.USBD_CDC_Control
                0x0000000008006550       0x84 .pio/build/genericSTM32F103C8/libFrameworkArduino.a(usbd_cdc_if.c.o)
 .text.USBD_CDC_Init
                0x00000000080065d4       0x38 .pio/build/genericSTM32F103C8/libFrameworkArduino.a(usbd_cdc_if.c.o)
 .text.CDC_init
                0x000000000800660c       0x48 .pio/build/genericSTM32F103C8/libFrameworkArduino.a(usbd_cdc_if.c.o)
                0x000000000800660c                CDC_init
 .text.CDC_connected
                0x0000000008006654       0x38 .pio/build/genericSTM32F103C8/libFrameworkArduino.a(usbd_cdc_if.c.o)
                0x0000000008006654                CDC_connected
 .text.CDC_continue_transmit
                0x000000000800668c       0x4c .pio/build/genericSTM32F103C8/libFrameworkArduino.a(usbd_cdc_if.c.o)
                0x000000000800668c                CDC_continue_transmit
 .text.USBD_CDC_TransmitCplt
                0x00000000080066d8       0x20 .pio/build/genericSTM32F103C8/libFrameworkArduino.a(usbd_cdc_if.c.o)
 .text.CDC_resume_receive
                0x00000000080066f8       0x38 .pio/build/genericSTM32F103C8/libFrameworkArduino.a(usbd_cdc_if.c.o)
                0x00000000080066f8                CDC_resume_receive
 .text.USBD_CDC_Receive
                0x0000000008006730       0x2c .pio/build/genericSTM32F103C8/libFrameworkArduino.a(usbd_cdc_if.c.o)
 .text.USBD_Init
                0x000000000800675c       0x26 .pio/build/genericSTM32F103C8/libFrameworkArduino.a(usb_device_core.c.o)
                0x000000000800675c                USBD_Init
 .text.USBD_RegisterClass
                0x0000000008006782       0x2c .pio/build/genericSTM32F103C8/libFrameworkArduino.a(usb_device_core.c.o)
                0x0000000008006782                USBD_RegisterClass
 .text.USBD_Start
                0x00000000080067ae        0x4 .pio/build/genericSTM32F103C8/libFrameworkArduino.a(usb_device_core.c.o)
                0x00000000080067ae                USBD_Start
 .text.USBD_SetClassConfig
                0x00000000080067b2        0xe .pio/build/genericSTM32F103C8/libFrameworkArduino.a(usb_device_core.c.o)
                0x00000000080067b2                USBD_SetClassConfig
 .text.USBD_ClrClassConfig
                0x00000000080067c0       0x10 .pio/build/genericSTM32F103C8/libFrameworkArduino.a(usb_device_core.c.o)
                0x00000000080067c0                USBD_ClrClassConfig
 .text.USBD_LL_SetupStage
                0x00000000080067d0       0x60 .pio/build/genericSTM32F103C8/libFrameworkArduino.a(usb_device_core.c.o)
                0x00000000080067d0                USBD_LL_SetupStage
 .text.USBD_LL_DataOutStage
                0x0000000008006830       0x60 .pio/build/genericSTM32F103C8/libFrameworkArduino.a(usb_device_core.c.o)
                0x0000000008006830                USBD_LL_DataOutStage
 .text.USBD_LL_DataInStage
                0x0000000008006890       0x92 .pio/build/genericSTM32F103C8/libFrameworkArduino.a(usb_device_core.c.o)
                0x0000000008006890                USBD_LL_DataInStage
 .text.USBD_LL_Reset
                0x0000000008006922       0x58 .pio/build/genericSTM32F103C8/libFrameworkArduino.a(usb_device_core.c.o)
                0x0000000008006922                USBD_LL_Reset
 .text.USBD_LL_SetSpeed
                0x000000000800697a        0x6 .pio/build/genericSTM32F103C8/libFrameworkArduino.a(usb_device_core.c.o)
                0x000000000800697a                USBD_LL_SetSpeed
 .text.USBD_LL_Suspend
                0x0000000008006980       0x14 .pio/build/genericSTM32F103C8/libFrameworkArduino.a(usb_device_core.c.o)
                0x0000000008006980                USBD_LL_Suspend
 .text.USBD_LL_Resume
                0x0000000008006994       0x16 .pio/build/genericSTM32F103C8/libFrameworkArduino.a(usb_device_core.c.o)
                0x0000000008006994                USBD_LL_Resume
 .text.USBD_LL_SOF
                0x00000000080069aa       0x22 .pio/build/genericSTM32F103C8/libFrameworkArduino.a(usb_device_core.c.o)
                0x00000000080069aa                USBD_LL_SOF
 .text.USBD_CtlError.constprop.0
                0x00000000080069cc       0x16 .pio/build/genericSTM32F103C8/libFrameworkArduino.a(usb_device_ctlreq.c.o)
 *fill*         0x00000000080069e2        0x2 
 .text.USBD_StdDevReq
                0x00000000080069e4      0x280 .pio/build/genericSTM32F103C8/libFrameworkArduino.a(usb_device_ctlreq.c.o)
                0x00000000080069e4                USBD_StdDevReq
 .text.USBD_StdItfReq
                0x0000000008006c64       0x4c .pio/build/genericSTM32F103C8/libFrameworkArduino.a(usb_device_ctlreq.c.o)
                0x0000000008006c64                USBD_StdItfReq
 .text.USBD_StdEPReq
                0x0000000008006cb0      0x122 .pio/build/genericSTM32F103C8/libFrameworkArduino.a(usb_device_ctlreq.c.o)
                0x0000000008006cb0                USBD_StdEPReq
 .text.USBD_ParseSetupRequest
                0x0000000008006dd2       0x28 .pio/build/genericSTM32F103C8/libFrameworkArduino.a(usb_device_ctlreq.c.o)
                0x0000000008006dd2                USBD_ParseSetupRequest
 .text.USBD_CtlError
                0x0000000008006dfa       0x16 .pio/build/genericSTM32F103C8/libFrameworkArduino.a(usb_device_ctlreq.c.o)
                0x0000000008006dfa                USBD_CtlError
 .text.USBD_GetString
                0x0000000008006e10       0x38 .pio/build/genericSTM32F103C8/libFrameworkArduino.a(usb_device_ctlreq.c.o)
                0x0000000008006e10                USBD_GetString
 .text.USBD_CtlSendData
                0x0000000008006e48       0x1a .pio/build/genericSTM32F103C8/libFrameworkArduino.a(usb_device_ioreq.c.o)
                0x0000000008006e48                USBD_CtlSendData
 .text.USBD_CtlContinueSendData
                0x0000000008006e62       0x10 .pio/build/genericSTM32F103C8/libFrameworkArduino.a(usb_device_ioreq.c.o)
                0x0000000008006e62                USBD_CtlContinueSendData
 .text.USBD_CtlPrepareRx
                0x0000000008006e72       0x1a .pio/build/genericSTM32F103C8/libFrameworkArduino.a(usb_device_ioreq.c.o)
                0x0000000008006e72                USBD_CtlPrepareRx
 .text.USBD_CtlContinueRx
                0x0000000008006e8c       0x10 .pio/build/genericSTM32F103C8/libFrameworkArduino.a(usb_device_ioreq.c.o)
                0x0000000008006e8c                USBD_CtlContinueRx
 .text.USBD_CtlSendStatus
                0x0000000008006e9c       0x16 .pio/build/genericSTM32F103C8/libFrameworkArduino.a(usb_device_ioreq.c.o)
                0x0000000008006e9c                USBD_CtlSendStatus
 .text.USBD_CtlReceiveStatus
                0x0000000008006eb2       0x16 .pio/build/genericSTM32F103C8/libFrameworkArduino.a(usb_device_ioreq.c.o)
                0x0000000008006eb2                USBD_CtlReceiveStatus
 .text.HAL_PCD_MspInit
                0x0000000008006ec8       0xa4 .pio/build/genericSTM32F103C8/libFrameworkArduino.a(usbd_conf.c.o)
                0x0000000008006ec8                HAL_PCD_MspInit
 .text.HAL_PCD_SetupStageCallback
                0x0000000008006f6c        0xc .pio/build/genericSTM32F103C8/libFrameworkArduino.a(usbd_conf.c.o)
                0x0000000008006f6c                HAL_PCD_SetupStageCallback
 .text.HAL_PCD_DataOutStageCallback
                0x0000000008006f78       0x12 .pio/build/genericSTM32F103C8/libFrameworkArduino.a(usbd_conf.c.o)
                0x0000000008006f78                HAL_PCD_DataOutStageCallback
 .text.HAL_PCD_DataInStageCallback
                0x0000000008006f8a       0x10 .pio/build/genericSTM32F103C8/libFrameworkArduino.a(usbd_conf.c.o)
                0x0000000008006f8a                HAL_PCD_DataInStageCallback
 .text.HAL_PCD_SOFCallback
                0x0000000008006f9a        0x8 .pio/build/genericSTM32F103C8/libFrameworkArduino.a(usbd_conf.c.o)
                0x0000000008006f9a                HAL_PCD_SOFCallback
 .text.HAL_PCD_ResetCallback
                0x0000000008006fa2       0x1a .pio/build/genericSTM32F103C8/libFrameworkArduino.a(usbd_conf.c.o)
                0x0000000008006fa2                HAL_PCD_ResetCallback
 .text.HAL_PCD_SuspendCallback
                0x0000000008006fbc       0x20 .pio/build/genericSTM32F103C8/libFrameworkArduino.a(usbd_conf.c.o)
                0x0000000008006fbc                HAL_PCD_SuspendCallback
 .text.HAL_PCD_ResumeCallback
                0x0000000008006fdc       0x28 .pio/build/genericSTM32F103C8/libFrameworkArduino.a(usbd_conf.c.o)
                0x0000000008006fdc                HAL_PCD_ResumeCallback
 .text.USB_LP_CAN1_RX0_IRQHandler
                0x0000000008007004        0xc .pio/build/genericSTM32F103C8/libFrameworkArduino.a(usbd_conf.c.o)
                0x0000000008007004                USB_LP_CAN1_RX0_IRQHandler
 .text.USB_HP_CAN1_TX_IRQHandler
                0x0000000008007010        0x4 .pio/build/genericSTM32F103C8/libFrameworkArduino.a(usbd_conf.c.o)
                0x0000000008007010                USB_HP_CAN1_TX_IRQHandler
 .text.USBWakeUp_IRQHandler
                0x0000000008007014       0x2c .pio/build/genericSTM32F103C8/libFrameworkArduino.a(usbd_conf.c.o)
                0x0000000008007014                USBWakeUp_IRQHandler
 .text.USBD_LL_Init
                0x0000000008007040       0x6c .pio/build/genericSTM32F103C8/libFrameworkArduino.a(usbd_conf.c.o)
                0x0000000008007040                USBD_LL_Init
 .text.USBD_LL_Start
                0x00000000080070ac        0xe .pio/build/genericSTM32F103C8/libFrameworkArduino.a(usbd_conf.c.o)
                0x00000000080070ac                USBD_LL_Start
 .text.USBD_LL_OpenEP
                0x00000000080070ba       0x14 .pio/build/genericSTM32F103C8/libFrameworkArduino.a(usbd_conf.c.o)
                0x00000000080070ba                USBD_LL_OpenEP
 .text.USBD_LL_CloseEP
                0x00000000080070ce        0xe .pio/build/genericSTM32F103C8/libFrameworkArduino.a(usbd_conf.c.o)
                0x00000000080070ce                USBD_LL_CloseEP
 .text.USBD_LL_StallEP
                0x00000000080070dc        0xe .pio/build/genericSTM32F103C8/libFrameworkArduino.a(usbd_conf.c.o)
                0x00000000080070dc                USBD_LL_StallEP
 .text.USBD_LL_ClearStallEP
                0x00000000080070ea        0xe .pio/build/genericSTM32F103C8/libFrameworkArduino.a(usbd_conf.c.o)
                0x00000000080070ea                USBD_LL_ClearStallEP
 .text.USBD_LL_IsStallEP
                0x00000000080070f8       0x24 .pio/build/genericSTM32F103C8/libFrameworkArduino.a(usbd_conf.c.o)
                0x00000000080070f8                USBD_LL_IsStallEP
 .text.USBD_LL_SetUSBAddress
                0x000000000800711c        0xe .pio/build/genericSTM32F103C8/libFrameworkArduino.a(usbd_conf.c.o)
                0x000000000800711c                USBD_LL_SetUSBAddress
 .text.USBD_LL_Transmit
                0x000000000800712a        0xe .pio/build/genericSTM32F103C8/libFrameworkArduino.a(usbd_conf.c.o)
                0x000000000800712a                USBD_LL_Transmit
 .text.USBD_LL_PrepareReceive
                0x0000000008007138        0xe .pio/build/genericSTM32F103C8/libFrameworkArduino.a(usbd_conf.c.o)
                0x0000000008007138                USBD_LL_PrepareReceive
 .text.USBD_LL_GetRxDataSize
                0x0000000008007146        0x8 .pio/build/genericSTM32F103C8/libFrameworkArduino.a(usbd_conf.c.o)
                0x0000000008007146                USBD_LL_GetRxDataSize
 *fill*         0x000000000800714e        0x2 
 .text.USBD_Class_DeviceDescriptor
                0x0000000008007150        0xc .pio/build/genericSTM32F103C8/libFrameworkArduino.a(usbd_desc.c.o)
                0x0000000008007150                USBD_Class_DeviceDescriptor
 .text.USBD_LangIDStrDescriptor
                0x000000000800715c        0xc .pio/build/genericSTM32F103C8/libFrameworkArduino.a(usbd_desc.c.o)
                0x000000000800715c                USBD_LangIDStrDescriptor
 .text.USBD_Class_UserStrDescriptor
                0x0000000008007168        0x8 .pio/build/genericSTM32F103C8/libFrameworkArduino.a(usbd_desc.c.o)
                0x0000000008007168                USBD_Class_UserStrDescriptor
 .text.IntToUnicode
                0x0000000008007170       0x2a .pio/build/genericSTM32F103C8/libFrameworkArduino.a(usbd_desc.c.o)
 *fill*         0x000000000800719a        0x2 
 .text.USBD_SerialStrDescriptor
                0x000000000800719c       0x40 .pio/build/genericSTM32F103C8/libFrameworkArduino.a(usbd_desc.c.o)
                0x000000000800719c                USBD_SerialStrDescriptor
 .text.USBD_ManufacturerStrDescriptor
                0x00000000080071dc       0x1c .pio/build/genericSTM32F103C8/libFrameworkArduino.a(usbd_desc.c.o)
                0x00000000080071dc                USBD_ManufacturerStrDescriptor
 .text.USBD_Class_ProductStrDescriptor
                0x00000000080071f8       0x24 .pio/build/genericSTM32F103C8/libFrameworkArduino.a(usbd_desc.c.o)
                0x00000000080071f8                USBD_Class_ProductStrDescriptor
 .text.USBD_Class_ConfigStrDescriptor
                0x000000000800721c       0x1c .pio/build/genericSTM32F103C8/libFrameworkArduino.a(usbd_desc.c.o)
                0x000000000800721c                USBD_Class_ConfigStrDescriptor
 .text.USBD_Class_InterfaceStrDescriptor
                0x0000000008007238       0x1c .pio/build/genericSTM32F103C8/libFrameworkArduino.a(usbd_desc.c.o)
                0x0000000008007238                USBD_Class_InterfaceStrDescriptor
 .text.USBD_reenumerate
                0x0000000008007254       0x34 .pio/build/genericSTM32F103C8/libFrameworkArduino.a(usbd_if.c.o)
                0x0000000008007254                USBD_reenumerate
 .text.USBD_CDC_init
                0x0000000008007288        0x4 .pio/build/genericSTM32F103C8/libFrameworkArduino.a(usbd_if.c.o)
                0x0000000008007288                USBD_CDC_init
 .text.USBD_SystemClockConfigFromResume
                0x000000000800728c        0xe .pio/build/genericSTM32F103C8/libFrameworkArduino.a(usbd_if.c.o)
                0x000000000800728c                USBD_SystemClockConfigFromResume
 *fill*         0x000000000800729a        0x2 
 .text.pinMode  0x000000000800729c       0xc8 .pio/build/genericSTM32F103C8/libFrameworkArduino.a(wiring_digital.c.o)
                0x000000000800729c                pinMode
 .text.digitalWrite
                0x0000000008007364       0x78 .pio/build/genericSTM32F103C8/libFrameworkArduino.a(wiring_digital.c.o)
                0x0000000008007364                digitalWrite
 .text.millis   0x00000000080073dc        0x4 .pio/build/genericSTM32F103C8/libFrameworkArduino.a(wiring_time.c.o)
                0x00000000080073dc                millis
 .text.delay    0x00000000080073e0       0x1c .pio/build/genericSTM32F103C8/libFrameworkArduino.a(wiring_time.c.o)
                0x00000000080073e0                delay
 .text._Z14serialEventRunv
                0x00000000080073fc       0x34 .pio/build/genericSTM32F103C8/libFrameworkArduino.a(WSerial.cpp.o)
                0x00000000080073fc                serialEventRun()
 .text.init     0x0000000008007430        0x4 .pio/build/genericSTM32F103C8/libFrameworkArduino.a(board.c.o)
                0x0000000008007430                init
 .text.USBD_CDC_EP0_RxReady
                0x0000000008007434       0x2e .pio/build/genericSTM32F103C8/libFrameworkArduino.a(usbd_cdc.c.o)
 *fill*         0x0000000008007462        0x2 
 .text.USBD_CDC_GetFSCfgDesc
                0x0000000008007464        0xc .pio/build/genericSTM32F103C8/libFrameworkArduino.a(usbd_cdc.c.o)
 .text.USBD_CDC_GetHSCfgDesc
                0x0000000008007470        0xc .pio/build/genericSTM32F103C8/libFrameworkArduino.a(usbd_cdc.c.o)
 .text.USBD_CDC_GetOtherSpeedCfgDesc
                0x000000000800747c        0xc .pio/build/genericSTM32F103C8/libFrameworkArduino.a(usbd_cdc.c.o)
 .text.USBD_CDC_GetDeviceQualifierDescriptor
                0x0000000008007488        0xc .pio/build/genericSTM32F103C8/libFrameworkArduino.a(usbd_cdc.c.o)
                0x0000000008007488                USBD_CDC_GetDeviceQualifierDescriptor
 .text.USBD_CDC_DataOut
                0x0000000008007494       0x2a .pio/build/genericSTM32F103C8/libFrameworkArduino.a(usbd_cdc.c.o)
 .text.USBD_CDC_DataIn
                0x00000000080074be       0x60 .pio/build/genericSTM32F103C8/libFrameworkArduino.a(usbd_cdc.c.o)
 *fill*         0x000000000800751e        0x2 
 .text.USBD_CDC_Setup
                0x0000000008007520      0x100 .pio/build/genericSTM32F103C8/libFrameworkArduino.a(usbd_cdc.c.o)
 .text.USBD_CDC_DeInit
                0x0000000008007620       0x44 .pio/build/genericSTM32F103C8/libFrameworkArduino.a(usbd_cdc.c.o)
 .text.USBD_CDC_Init
                0x0000000008007664       0xb2 .pio/build/genericSTM32F103C8/libFrameworkArduino.a(usbd_cdc.c.o)
 .text.USBD_CDC_RegisterInterface
                0x0000000008007716        0xe .pio/build/genericSTM32F103C8/libFrameworkArduino.a(usbd_cdc.c.o)
                0x0000000008007716                USBD_CDC_RegisterInterface
 .text.USBD_CDC_SetTxBuffer
                0x0000000008007724       0x16 .pio/build/genericSTM32F103C8/libFrameworkArduino.a(usbd_cdc.c.o)
                0x0000000008007724                USBD_CDC_SetTxBuffer
 .text.USBD_CDC_SetRxBuffer
                0x000000000800773a       0x12 .pio/build/genericSTM32F103C8/libFrameworkArduino.a(usbd_cdc.c.o)
                0x000000000800773a                USBD_CDC_SetRxBuffer
 .text.USBD_CDC_TransmitPacket
                0x000000000800774c       0x30 .pio/build/genericSTM32F103C8/libFrameworkArduino.a(usbd_cdc.c.o)
                0x000000000800774c                USBD_CDC_TransmitPacket
 .text.USBD_CDC_ReceivePacket
                0x000000000800777c       0x2e .pio/build/genericSTM32F103C8/libFrameworkArduino.a(usbd_cdc.c.o)
                0x000000000800777c                USBD_CDC_ReceivePacket
 .text.USBD_CDC_ClearBuffer
                0x00000000080077aa       0x1a .pio/build/genericSTM32F103C8/libFrameworkArduino.a(usbd_cdc.c.o)
                0x00000000080077aa                USBD_CDC_ClearBuffer
 .text._ZN14HardwareSerial9availableEv
                0x00000000080077c4       0x10 .pio/build/genericSTM32F103C8/libFrameworkArduino.a(HardwareSerial.cpp.o)
                0x00000000080077c4                HardwareSerial::available()
 .text._ZN14HardwareSerial4peekEv
                0x00000000080077d4       0x1a .pio/build/genericSTM32F103C8/libFrameworkArduino.a(HardwareSerial.cpp.o)
                0x00000000080077d4                HardwareSerial::peek()
 .text._ZN14HardwareSerial17availableForWriteEv
                0x00000000080077ee       0x1c .pio/build/genericSTM32F103C8/libFrameworkArduino.a(HardwareSerial.cpp.o)
                0x00000000080077ee                HardwareSerial::availableForWrite()
 .text._ZN14HardwareSerial5writeEh
                0x000000000800780a       0x18 .pio/build/genericSTM32F103C8/libFrameworkArduino.a(HardwareSerial.cpp.o)
                0x000000000800780a                HardwareSerial::write(unsigned char)
 *fill*         0x0000000008007822        0x2 