Archive member included to satisfy reference by file (symbol)

.pio/build/genericSTM32F103C8/libdd9/libSPI.a(SPI.cpp.o)
                              .pio/build/genericSTM32F103C8/src/main.cpp.o (SPIClass::begin(unsigned char))
.pio/build/genericSTM32F103C8/libdd9/libSPI.a(spi_com.c.o)
                              .pio/build/genericSTM32F103C8/libdd9/libSPI.a(SPI.cpp.o) (spi_getClkFreq)
.pio/build/genericSTM32F103C8/libc19/libEthernet.a(Ethernet.cpp.o)
                              .pio/build/genericSTM32F103C8/src/main.cpp.o (EthernetClass::begin(unsigned char*, IPAddress))
.pio/build/genericSTM32F103C8/libc19/libEthernet.a(EthernetClient.cpp.o)
                              .pio/build/genericSTM32F103C8/src/main.cpp.o (EthernetClient::connected())
.pio/build/genericSTM32F103C8/libc19/libEthernet.a(EthernetUdp.cpp.o)
                              .pio/build/genericSTM32F103C8/libc19/libEthernet.a(Ethernet.cpp.o) (vtable for EthernetUDP)
.pio/build/genericSTM32F103C8/libc19/libEthernet.a(socket.cpp.o)
                              .pio/build/genericSTM32F103C8/libc19/libEthernet.a(Ethernet.cpp.o) (EthernetClass::socketPortRand(unsigned short))
.pio/build/genericSTM32F103C8/libc19/libEthernet.a(w5100.cpp.o)
                              .pio/build/genericSTM32F103C8/libc19/libEthernet.a(Ethernet.cpp.o) (W5100Class::write(unsigned short, unsigned char const*, unsigned short))
.pio/build/genericSTM32F103C8/libc19/libEthernet.a(Dhcp.cpp.o)
                              .pio/build/genericSTM32F103C8/libc19/libEthernet.a(Ethernet.cpp.o) (DhcpClass::getLocalIp())
.pio/build/genericSTM32F103C8/libc19/libEthernet.a(Dns.cpp.o)
                              .pio/build/genericSTM32F103C8/libc19/libEthernet.a(EthernetClient.cpp.o) (DNSClient::begin(IPAddress const&))
.pio/build/genericSTM32F103C8/libc19/libEthernet.a(EthernetServer.cpp.o)
                              .pio/build/genericSTM32F103C8/libc19/libEthernet.a(socket.cpp.o) (EthernetServer::server_port)
.pio/build/genericSTM32F103C8/libFrameworkArduino.a(HardwareTimer.cpp.o)
                              .pio/build/genericSTM32F103C8/SrcWrapper/src/stm32/analog.cpp.o (HardwareTimer::resume())
.pio/build/genericSTM32F103C8/libFrameworkArduino.a(IPAddress.cpp.o)
                              .pio/build/genericSTM32F103C8/libc19/libEthernet.a(Ethernet.cpp.o) (IPAddress::IPAddress())
.pio/build/genericSTM32F103C8/libFrameworkArduino.a(Print.cpp.o)
                              .pio/build/genericSTM32F103C8/libFrameworkArduino.a(IPAddress.cpp.o) (Print::print(char))
.pio/build/genericSTM32F103C8/libFrameworkArduino.a(Stream.cpp.o)
                              .pio/build/genericSTM32F103C8/libc19/libEthernet.a(EthernetClient.cpp.o) (Stream::readBytes(char*, unsigned int))
.pio/build/genericSTM32F103C8/libFrameworkArduino.a(WMath.cpp.o)
                              .pio/build/genericSTM32F103C8/libc19/libEthernet.a(Dhcp.cpp.o) (random(long, long))
.pio/build/genericSTM32F103C8/libFrameworkArduino.a(WString.cpp.o)
                              .pio/build/genericSTM32F103C8/libFrameworkArduino.a(Stream.cpp.o) (String::String(char const*))
.pio/build/genericSTM32F103C8/libFrameworkArduino.a(abi.cpp.o)
                              .pio/build/genericSTM32F103C8/libFrameworkArduino.a(Print.cpp.o) (__cxa_pure_virtual)
.pio/build/genericSTM32F103C8/libFrameworkArduino.a(dtostrf.c.o)
                              .pio/build/genericSTM32F103C8/libFrameworkArduino.a(WString.cpp.o) (dtostrf)
.pio/build/genericSTM32F103C8/libFrameworkArduino.a(hooks.c.o)
                              .pio/build/genericSTM32F103C8/libc19/libEthernet.a(socket.cpp.o) (yield)
.pio/build/genericSTM32F103C8/libFrameworkArduino.a(itoa.c.o)
                              .pio/build/genericSTM32F103C8/libFrameworkArduino.a(WString.cpp.o) (ltoa)
.pio/build/genericSTM32F103C8/libFrameworkArduino.a(main.cpp.o)
                              c:/users/pc/.platformio/packages/toolchain-gccarmnoneeabi@1.90201.191206/bin/../lib/gcc/arm-none-eabi/9.2.1/../../../../arm-none-eabi/lib/thumb/v7-m/nofp/crt0.o (main)
.pio/build/genericSTM32F103C8/libFrameworkArduino.a(new.cpp.o)
                              .pio/build/genericSTM32F103C8/SrcWrapper/src/stm32/analog.cpp.o (operator new(unsigned int))
.pio/build/genericSTM32F103C8/libFrameworkArduino.a(pins_arduino.c.o)
                              .pio/build/genericSTM32F103C8/libFrameworkArduino.a(HardwareTimer.cpp.o) (pinNametoDigitalPin)
.pio/build/genericSTM32F103C8/libFrameworkArduino.a(usbd_if.c.o)
                              .pio/build/genericSTM32F103C8/SrcWrapper/src/stm32/hw_config.c.o (USBD_CDC_init)
.pio/build/genericSTM32F103C8/libFrameworkArduino.a(wiring_digital.c.o)
                              .pio/build/genericSTM32F103C8/libdd9/libSPI.a(SPI.cpp.o) (pinMode)
.pio/build/genericSTM32F103C8/libFrameworkArduino.a(wiring_time.c.o)
                              .pio/build/genericSTM32F103C8/libc19/libEthernet.a(EthernetClient.cpp.o) (millis)
[...]
Memory Configuration

Name             Origin             Length             Attributes
*default*        0x0000000000000000 0xffffffffffffffff
RAM              0x0000000020000000 0x0000000000005000 xrw
FLASH            0x0000000008000000 0x0000000000010000 xr

Linker script and memory map

                0x0000000020005000                _estack = (ORIGIN (RAM) + LENGTH (RAM))
                0x0000000000000200                _Min_Heap_Size = 0x200
                0x0000000000000400                _Min_Stack_Size = 0x400

.isr_vector     0x0000000008000000      0x10c
                0x0000000008000000                . = ALIGN (0x4)
 *(.isr_vector)
 .isr_vector    0x0000000008000000      0x10c .pio/build/genericSTM32F103C8/FrameworkArduinoVariant/startup_M200_f103xb.S.o
                0x0000000008000000                g_pfnVectors
                0x000000000800010c                . = ALIGN (0x4)

.text           0x000000000800010c     0x7cb0
                0x000000000800010c                . = ALIGN (0x4)
 *(.text)
 .text          0x000000000800010c       0x10 c:/users/pc/.platformio/packages/toolchain-gccarmnoneeabi@1.90201.191206/bin/../lib/gcc/arm-none-eabi/9.2.1/../../../../arm-none-eabi/lib/thumb/v7-m/nofp\libc_nano.a(lib_a-strlen.o)
                0x000000000800010c                strlen
 *(.text*)
 .text.__do_global_dtors_aux
                0x000000000800011c       0x24 c:/users/pc/.platformio/packages/toolchain-gccarmnoneeabi@1.90201.191206/bin/../lib/gcc/arm-none-eabi/9.2.1/thumb/v7-m/nofp/crtbegin.o
 .text.frame_dummy
                0x0000000008000140       0x1c c:/users/pc/.platformio/packages/toolchain-gccarmnoneeabi@1.90201.191206/bin/../lib/gcc/arm-none-eabi/9.2.1/thumb/v7-m/nofp/crtbegin.o
 .text.Reset_Handler
                0x000000000800015c       0x60 .pio/build/genericSTM32F103C8/FrameworkArduinoVariant/startup_M200_f103xb.S.o
                0x000000000800015c                Reset_Handler
 .text.Default_Handler
                0x00000000080001bc        0x4 .pio/build/genericSTM32F103C8/FrameworkArduinoVariant/startup_M200_f103xb.S.o
                0x00000000080001bc                RTC_Alarm_IRQHandler
                0x00000000080001bc                DebugMon_Handler
                0x00000000080001bc                HardFault_Handler
                0x00000000080001bc                PVD_IRQHandler
                0x00000000080001bc                PendSV_Handler
                0x00000000080001bc                NMI_Handler
                0x00000000080001bc                I2C2_EV_IRQHandler
                0x00000000080001bc                UsageFault_Handler
                0x00000000080001bc                ADC1_2_IRQHandler
                0x00000000080001bc                SPI1_IRQHandler
                0x00000000080001bc                TAMPER_IRQHandler
                0x00000000080001bc                DMA1_Channel4_IRQHandler
                0x00000000080001bc                RTC_IRQHandler
                0x00000000080001bc                DMA1_Channel7_IRQHandler
                0x00000000080001bc                CAN1_RX1_IRQHandler
                0x00000000080001bc                I2C1_EV_IRQHandler
                0x00000000080001bc                DMA1_Channel6_IRQHandler
                0x00000000080001bc                RCC_IRQHandler
                0x00000000080001bc                TIM1_TRG_COM_IRQHandler
                0x00000000080001bc                Default_Handler
                0x00000000080001bc                SPI2_IRQHandler
                0x00000000080001bc                MemManage_Handler
                0x00000000080001bc                SVC_Handler
                0x00000000080001bc                DMA1_Channel5_IRQHandler
                0x00000000080001bc                DMA1_Channel3_IRQHandler
                0x00000000080001bc                WWDG_IRQHandler
                0x00000000080001bc                TIM1_BRK_IRQHandler
                0x00000000080001bc                I2C2_ER_IRQHandler
                0x00000000080001bc                DMA1_Channel2_IRQHandler
                0x00000000080001bc                CAN1_SCE_IRQHandler
                0x00000000080001bc                FLASH_IRQHandler
                0x00000000080001bc                BusFault_Handler
                0x00000000080001bc                I2C1_ER_IRQHandler
 .text.SystemClock_Config
                0x00000000080001c0       0x9c .pio/build/genericSTM32F103C8/FrameworkArduinoVariant/variant_PILL_F103Cx.cpp.o
                0x00000000080001c0                SystemClock_Config
 .text.HAL_MspInit
                0x000000000800025c        0x2 .pio/build/genericSTM32F103C8/SrcWrapper/src/HAL/stm32yyxx_hal.c.o
                0x000000000800025c                HAL_MspInit
 *fill*         0x000000000800025e        0x2 
 .text.HAL_InitTick
                0x0000000008000260       0x48 .pio/build/genericSTM32F103C8/SrcWrapper/src/HAL/stm32yyxx_hal.c.o
                0x0000000008000260                HAL_InitTick
 .text.HAL_Init
                0x00000000080002a8       0x24 .pio/build/genericSTM32F103C8/SrcWrapper/src/HAL/stm32yyxx_hal.c.o
                0x00000000080002a8                HAL_Init
 .text.HAL_IncTick
                0x00000000080002cc       0x18 .pio/build/genericSTM32F103C8/SrcWrapper/src/HAL/stm32yyxx_hal.c.o
                0x00000000080002cc                HAL_IncTick
 .text.HAL_GetTick
                0x00000000080002e4        0xc .pio/build/genericSTM32F103C8/SrcWrapper/src/HAL/stm32yyxx_hal.c.o
                0x00000000080002e4                HAL_GetTick
 .text.HAL_NVIC_SetPriorityGrouping
                0x00000000080002f0       0x24 .pio/build/genericSTM32F103C8/SrcWrapper/src/HAL/stm32yyxx_hal_cortex.c.o
                0x00000000080002f0                HAL_NVIC_SetPriorityGrouping
 .text.HAL_NVIC_SetPriority
                0x0000000008000314       0x64 .pio/build/genericSTM32F103C8/SrcWrapper/src/HAL/stm32yyxx_hal_cortex.c.o
                0x0000000008000314                HAL_NVIC_SetPriority
 .text.HAL_NVIC_EnableIRQ
                0x0000000008000378       0x1c .pio/build/genericSTM32F103C8/SrcWrapper/src/HAL/stm32yyxx_hal_cortex.c.o
                0x0000000008000378                HAL_NVIC_EnableIRQ
 .text.HAL_NVIC_DisableIRQ
                0x0000000008000394       0x28 .pio/build/genericSTM32F103C8/SrcWrapper/src/HAL/stm32yyxx_hal_cortex.c.o
                0x0000000008000394                HAL_NVIC_DisableIRQ
 .text.HAL_SYSTICK_Config
                0x00000000080003bc       0x2c .pio/build/genericSTM32F103C8/SrcWrapper/src/HAL/stm32yyxx_hal_cortex.c.o
                0x00000000080003bc                HAL_SYSTICK_Config
 .text.HAL_NVIC_ClearPendingIRQ
                0x00000000080003e8       0x20 .pio/build/genericSTM32F103C8/SrcWrapper/src/HAL/stm32yyxx_hal_cortex.c.o
                0x00000000080003e8                HAL_NVIC_ClearPendingIRQ
 .text.HAL_SYSTICK_Callback
                0x0000000008000408        0x2 .pio/build/genericSTM32F103C8/SrcWrapper/src/HAL/stm32yyxx_hal_cortex.c.o
                0x0000000008000408                HAL_SYSTICK_Callback
 .text.HAL_SYSTICK_IRQHandler
                0x000000000800040a        0x8 .pio/build/genericSTM32F103C8/SrcWrapper/src/HAL/stm32yyxx_hal_cortex.c.o
                0x000000000800040a                HAL_SYSTICK_IRQHandler
 .text.HAL_DMA_Abort
                0x0000000008000412       0x3c .pio/build/genericSTM32F103C8/SrcWrapper/src/HAL/stm32yyxx_hal_dma.c.o
                0x0000000008000412                HAL_DMA_Abort
 *fill*         0x000000000800044e        0x2 
 .text.HAL_DMA_Abort_IT
                0x0000000008000450       0x8c .pio/build/genericSTM32F103C8/SrcWrapper/src/HAL/stm32yyxx_hal_dma.c.o
                0x0000000008000450                HAL_DMA_Abort_IT
 .text.HAL_GPIO_EXTI_IRQHandler
                0x00000000080004dc       0x18 .pio/build/genericSTM32F103C8/SrcWrapper/src/HAL/stm32yyxx_hal_gpio.c.o
                0x00000000080004dc                HAL_GPIO_EXTI_IRQHandler
 .text.HAL_PCD_Init
                0x00000000080004f4       0xf2 .pio/build/genericSTM32F103C8/SrcWrapper/src/HAL/stm32yyxx_hal_pcd.c.o
                0x00000000080004f4                HAL_PCD_Init
 .text.HAL_PCD_Start
                0x00000000080005e6       0x32 .pio/build/genericSTM32F103C8/SrcWrapper/src/HAL/stm32yyxx_hal_pcd.c.o
                0x00000000080005e6                HAL_PCD_Start
 .text.HAL_PCD_SetAddress
                0x0000000008000618       0x28 .pio/build/genericSTM32F103C8/SrcWrapper/src/HAL/stm32yyxx_hal_pcd.c.o
                0x0000000008000618                HAL_PCD_SetAddress
 .text.HAL_PCD_IRQHandler
                0x0000000008000640      0x9a8 .pio/build/genericSTM32F103C8/SrcWrapper/src/HAL/stm32yyxx_hal_pcd.c.o
                0x0000000008000640                HAL_PCD_IRQHandler
 .text.HAL_PCD_EP_Open
                0x0000000008000fe8       0x64 .pio/build/genericSTM32F103C8/SrcWrapper/src/HAL/stm32yyxx_hal_pcd.c.o
                0x0000000008000fe8                HAL_PCD_EP_Open
 .text.HAL_PCD_EP_Close
                0x000000000800104c       0x52 .pio/build/genericSTM32F103C8/SrcWrapper/src/HAL/stm32yyxx_hal_pcd.c.o
                0x000000000800104c                HAL_PCD_EP_Close
 .text.HAL_PCD_EP_Receive
                0x000000000800109e       0x2e .pio/build/genericSTM32F103C8/SrcWrapper/src/HAL/stm32yyxx_hal_pcd.c.o
                0x000000000800109e                HAL_PCD_EP_Receive
 .text.HAL_PCD_EP_GetRxCount
                0x00000000080010cc       0x10 .pio/build/genericSTM32F103C8/SrcWrapper/src/HAL/stm32yyxx_hal_pcd.c.o
                0x00000000080010cc                HAL_PCD_EP_GetRxCount
 .text.HAL_PCD_EP_Transmit
                0x00000000080010dc       0x34 .pio/build/genericSTM32F103C8/SrcWrapper/src/HAL/stm32yyxx_hal_pcd.c.o
                0x00000000080010dc                HAL_PCD_EP_Transmit
 .text.HAL_PCD_EP_SetStall
                0x0000000008001110       0x68 .pio/build/genericSTM32F103C8/SrcWrapper/src/HAL/stm32yyxx_hal_pcd.c.o
                0x0000000008001110                HAL_PCD_EP_SetStall
 .text.HAL_PCD_EP_ClrStall
                0x0000000008001178       0x64 .pio/build/genericSTM32F103C8/SrcWrapper/src/HAL/stm32yyxx_hal_pcd.c.o
                0x0000000008001178                HAL_PCD_EP_ClrStall
 .text.HAL_PCDEx_PMAConfig
                0x00000000080011dc       0x32 .pio/build/genericSTM32F103C8/SrcWrapper/src/HAL/stm32yyxx_hal_pcd_ex.c.o
                0x00000000080011dc                HAL_PCDEx_PMAConfig
 .text.HAL_PCDEx_SetConnectionState
                0x000000000800120e        0x2 .pio/build/genericSTM32F103C8/SrcWrapper/src/HAL/stm32yyxx_hal_pcd_ex.c.o
                0x000000000800120e                HAL_PCDEx_SetConnectionState
 .text.HAL_RCC_OscConfig
                0x0000000008001210      0x338 .pio/build/genericSTM32F103C8/SrcWrapper/src/HAL/stm32yyxx_hal_rcc.c.o
                0x0000000008001210                HAL_RCC_OscConfig
 .text.HAL_RCC_GetSysClockFreq
                0x0000000008001548       0x74 .pio/build/genericSTM32F103C8/SrcWrapper/src/HAL/stm32yyxx_hal_rcc.c.o
                0x0000000008001548                HAL_RCC_GetSysClockFreq
 .text.HAL_RCC_ClockConfig
                0x00000000080015bc      0x138 .pio/build/genericSTM32F103C8/SrcWrapper/src/HAL/stm32yyxx_hal_rcc.c.o
                0x00000000080015bc                HAL_RCC_ClockConfig
 .text.HAL_RCC_GetPCLK1Freq
                0x00000000080016f4       0x20 .pio/build/genericSTM32F103C8/SrcWrapper/src/HAL/stm32yyxx_hal_rcc.c.o
                0x00000000080016f4                HAL_RCC_GetPCLK1Freq
 .text.HAL_RCC_GetPCLK2Freq
                0x0000000008001714       0x20 .pio/build/genericSTM32F103C8/SrcWrapper/src/HAL/stm32yyxx_hal_rcc.c.o
                0x0000000008001714                HAL_RCC_GetPCLK2Freq
 .text.HAL_RCCEx_PeriphCLKConfig
                0x0000000008001734       0xf0 .pio/build/genericSTM32F103C8/SrcWrapper/src/HAL/stm32yyxx_hal_rcc_ex.c.o
                0x0000000008001734                HAL_RCCEx_PeriphCLKConfig
 .text.HAL_SPI_MspInit
                0x0000000008001824        0x2 .pio/build/genericSTM32F103C8/SrcWrapper/src/HAL/stm32yyxx_hal_spi.c.o
                0x0000000008001824                HAL_SPI_MspInit
 .text.HAL_SPI_Init
                0x0000000008001826       0xb0 .pio/build/genericSTM32F103C8/SrcWrapper/src/HAL/stm32yyxx_hal_spi.c.o
                0x0000000008001826                HAL_SPI_Init
 .text.HAL_TIM_PWM_PulseFinishedCallback
                0x00000000080018d6        0x2 .pio/build/genericSTM32F103C8/SrcWrapper/src/HAL/stm32yyxx_hal_tim.c.o
                0x00000000080018d6                HAL_TIM_PWM_PulseFinishedCallback
 .text.HAL_TIM_TriggerCallback
                0x00000000080018d8        0x2 .pio/build/genericSTM32F103C8/SrcWrapper/src/HAL/stm32yyxx_hal_tim.c.o
                0x00000000080018d8                HAL_TIM_TriggerCallback
 .text.HAL_TIM_IRQHandler
                0x00000000080018da      0x144 .pio/build/genericSTM32F103C8/SrcWrapper/src/HAL/stm32yyxx_hal_tim.c.o
                0x00000000080018da                HAL_TIM_IRQHandler
 *fill*         0x0000000008001a1e        0x2 
 .text.TIM_Base_SetConfig
                0x0000000008001a20       0x70 .pio/build/genericSTM32F103C8/SrcWrapper/src/HAL/stm32yyxx_hal_tim.c.o
                0x0000000008001a20                TIM_Base_SetConfig
 .text.HAL_TIM_Base_Init
                0x0000000008001a90       0x58 .pio/build/genericSTM32F103C8/SrcWrapper/src/HAL/stm32yyxx_hal_tim.c.o
                0x0000000008001a90                HAL_TIM_Base_Init
 .text.HAL_TIMEx_CommutCallback
                0x0000000008001ae8        0x2 .pio/build/genericSTM32F103C8/SrcWrapper/src/HAL/stm32yyxx_hal_tim_ex.c.o
                0x0000000008001ae8                HAL_TIMEx_CommutCallback
 .text.HAL_TIMEx_BreakCallback
                0x0000000008001aea        0x2 .pio/build/genericSTM32F103C8/SrcWrapper/src/HAL/stm32yyxx_hal_tim_ex.c.o
                0x0000000008001aea                HAL_TIMEx_BreakCallback
 .text.UART_EndRxTransfer
                0x0000000008001aec       0x2c .pio/build/genericSTM32F103C8/SrcWrapper/src/HAL/stm32yyxx_hal_uart.c.o
 .text.HAL_UART_Transmit_IT
                0x0000000008001b18       0x3e .pio/build/genericSTM32F103C8/SrcWrapper/src/HAL/stm32yyxx_hal_uart.c.o
                0x0000000008001b18                HAL_UART_Transmit_IT
 .text.UART_DMAAbortOnError
                0x0000000008001b56       0x10 .pio/build/genericSTM32F103C8/SrcWrapper/src/HAL/stm32yyxx_hal_uart.c.o
 .text.HAL_UARTEx_RxEventCallback
                0x0000000008001b66        0x2 .pio/build/genericSTM32F103C8/SrcWrapper/src/HAL/stm32yyxx_hal_uart.c.o
                0x0000000008001b66                HAL_UARTEx_RxEventCallback
 .text.UART_Receive_IT
                0x0000000008001b68       0xa4 .pio/build/genericSTM32F103C8/SrcWrapper/src/HAL/stm32yyxx_hal_uart.c.o
 .text.HAL_UART_IRQHandler
                0x0000000008001c0c      0x200 .pio/build/genericSTM32F103C8/SrcWrapper/src/HAL/stm32yyxx_hal_uart.c.o
                0x0000000008001c0c                HAL_UART_IRQHandler
 .text.HAL_HalfDuplex_EnableTransmitter
                0x0000000008001e0c       0x30 .pio/build/genericSTM32F103C8/SrcWrapper/src/HAL/stm32yyxx_hal_uart.c.o
                0x0000000008001e0c                HAL_HalfDuplex_EnableTransmitter
 .text.HAL_HalfDuplex_EnableReceiver
                0x0000000008001e3c       0x30 .pio/build/genericSTM32F103C8/SrcWrapper/src/HAL/stm32yyxx_hal_uart.c.o
                0x0000000008001e3c                HAL_HalfDuplex_EnableReceiver
 .text.HAL_UART_GetState
                0x0000000008001e6c        0xc .pio/build/genericSTM32F103C8/SrcWrapper/src/HAL/stm32yyxx_hal_uart.c.o
                0x0000000008001e6c                HAL_UART_GetState
 .text.UART_Start_Receive_IT
                0x0000000008001e78       0x32 .pio/build/genericSTM32F103C8/SrcWrapper/src/HAL/stm32yyxx_hal_uart.c.o
                0x0000000008001e78                UART_Start_Receive_IT
 .text.HAL_UART_Receive_IT
                0x0000000008001eaa       0x30 .pio/build/genericSTM32F103C8/SrcWrapper/src/HAL/stm32yyxx_hal_uart.c.o
                0x0000000008001eaa                HAL_UART_Receive_IT
 .text.USB_CoreInit
                0x0000000008001eda        0xe .pio/build/genericSTM32F103C8/SrcWrapper/src/LL/stm32yyxx_ll_usb.c.o
                0x0000000008001eda                USB_CoreInit
 .text.USB_EnableGlobalInt
                0x0000000008001ee8       0x12 .pio/build/genericSTM32F103C8/SrcWrapper/src/LL/stm32yyxx_ll_usb.c.o
                0x0000000008001ee8                USB_EnableGlobalInt
 .text.USB_DisableGlobalInt
                0x0000000008001efa       0x14 .pio/build/genericSTM32F103C8/SrcWrapper/src/LL/stm32yyxx_ll_usb.c.o
                0x0000000008001efa                USB_DisableGlobalInt
 .text.USB_SetCurrentMode
                0x0000000008001f0e        0x4 .pio/build/genericSTM32F103C8/SrcWrapper/src/LL/stm32yyxx_ll_usb.c.o
                0x0000000008001f0e                USB_SetCurrentMode
 .text.USB_DevInit
                0x0000000008001f12       0x28 .pio/build/genericSTM32F103C8/SrcWrapper/src/LL/stm32yyxx_ll_usb.c.o
                0x0000000008001f12                USB_DevInit
 *fill*         0x0000000008001f3a        0x2 
 .text.USB_ActivateEndpoint
                0x0000000008001f3c      0x2b0 .pio/build/genericSTM32F103C8/SrcWrapper/src/LL/stm32yyxx_ll_usb.c.o
                0x0000000008001f3c                USB_ActivateEndpoint
 .text.USB_DeactivateEndpoint
                0x00000000080021ec      0x1be .pio/build/genericSTM32F103C8/SrcWrapper/src/LL/stm32yyxx_ll_usb.c.o
                0x00000000080021ec                USB_DeactivateEndpoint
 .text.USB_EPSetStall
                0x00000000080023aa       0x40 .pio/build/genericSTM32F103C8/SrcWrapper/src/LL/stm32yyxx_ll_usb.c.o
                0x00000000080023aa                USB_EPSetStall
 .text.USB_EPClearStall
                0x00000000080023ea       0x96 .pio/build/genericSTM32F103C8/SrcWrapper/src/LL/stm32yyxx_ll_usb.c.o
                0x00000000080023ea                USB_EPClearStall
 .text.USB_SetDevAddress
                0x0000000008002480        0xc .pio/build/genericSTM32F103C8/SrcWrapper/src/LL/stm32yyxx_ll_usb.c.o
                0x0000000008002480                USB_SetDevAddress
 .text.USB_DevConnect
                0x000000000800248c        0x4 .pio/build/genericSTM32F103C8/SrcWrapper/src/LL/stm32yyxx_ll_usb.c.o
                0x000000000800248c                USB_DevConnect
 .text.USB_DevDisconnect
                0x0000000008002490        0x4 .pio/build/genericSTM32F103C8/SrcWrapper/src/LL/stm32yyxx_ll_usb.c.o
                0x0000000008002490                USB_DevDisconnect
 .text.USB_ReadInterrupts
                0x0000000008002494        0x8 .pio/build/genericSTM32F103C8/SrcWrapper/src/LL/stm32yyxx_ll_usb.c.o
                0x0000000008002494                USB_ReadInterrupts
 .text.USB_EP0_OutStart
                0x000000000800249c        0x4 .pio/build/genericSTM32F103C8/SrcWrapper/src/LL/stm32yyxx_ll_usb.c.o
                0x000000000800249c                USB_EP0_OutStart
 .text.USB_WritePMA
                0x00000000080024a0       0x20 .pio/build/genericSTM32F103C8/SrcWrapper/src/LL/stm32yyxx_ll_usb.c.o
                0x00000000080024a0                USB_WritePMA
 .text.USB_EPStartXfer
                0x00000000080024c0      0x71c .pio/build/genericSTM32F103C8/SrcWrapper/src/LL/stm32yyxx_ll_usb.c.o
                0x00000000080024c0                USB_EPStartXfer
 .text.USB_ReadPMA
                0x0000000008002bdc       0x38 .pio/build/genericSTM32F103C8/SrcWrapper/src/LL/stm32yyxx_ll_usb.c.o
                0x0000000008002bdc                USB_ReadPMA
 .text.set_GPIO_Port_Clock
                0x0000000008002c14       0xa8 .pio/build/genericSTM32F103C8/SrcWrapper/src/stm32/PortNames.c.o
                0x0000000008002c14                set_GPIO_Port_Clock
 .text.pwm_stop
                0x0000000008002cbc       0x5c .pio/build/genericSTM32F103C8/SrcWrapper/src/stm32/analog.cpp.o
                0x0000000008002cbc                pwm_stop
 .text.getCurrentMillis
                0x0000000008002d18        0x4 .pio/build/genericSTM32F103C8/SrcWrapper/src/stm32/clock.c.o
                0x0000000008002d18                getCurrentMillis
 .text.noOsSystickHandler
                0x0000000008002d1c        0x2 .pio/build/genericSTM32F103C8/SrcWrapper/src/stm32/clock.c.o
                0x0000000008002d1c                osSystickHandler
                0x0000000008002d1c                noOsSystickHandler
 .text.SysTick_Handler
                0x0000000008002d1e       0x10 .pio/build/genericSTM32F103C8/SrcWrapper/src/stm32/clock.c.o
                0x0000000008002d1e                SysTick_Handler
 .text.configHSECapacitorTuning
                0x0000000008002d2e        0x2 .pio/build/genericSTM32F103C8/SrcWrapper/src/stm32/clock.c.o
                0x0000000008002d2e                configHSECapacitorTuning
 .text.configIPClock
                0x0000000008002d30       0x30 .pio/build/genericSTM32F103C8/SrcWrapper/src/stm32/clock.c.o
                0x0000000008002d30                configIPClock
 .text.dwt_init
                0x0000000008002d60       0x38 .pio/build/genericSTM32F103C8/SrcWrapper/src/stm32/dwt.c.o
                0x0000000008002d60                dwt_init
 .text.hw_config_init
                0x0000000008002d98       0x1e .pio/build/genericSTM32F103C8/SrcWrapper/src/stm32/hw_config.c.o
                0x0000000008002d98                hw_config_init
 .text._ZNSt14_Function_baseD2Ev
                0x0000000008002db6       0x12 .pio/build/genericSTM32F103C8/SrcWrapper/src/stm32/interrupt.cpp.o
                0x0000000008002db6                std::_Function_base::~_Function_base()
                0x0000000008002db6                std::_Function_base::~_Function_base()
 .text.HAL_GPIO_EXTI_Callback
                0x0000000008002dc8       0x2c .pio/build/genericSTM32F103C8/SrcWrapper/src/stm32/interrupt.cpp.o
                0x0000000008002dc8                HAL_GPIO_EXTI_Callback
 .text.EXTI0_IRQHandler
                0x0000000008002df4        0x6 .pio/build/genericSTM32F103C8/SrcWrapper/src/stm32/interrupt.cpp.o
                0x0000000008002df4                EXTI0_IRQHandler
 .text.EXTI1_IRQHandler
                0x0000000008002dfa        0x6 .pio/build/genericSTM32F103C8/SrcWrapper/src/stm32/interrupt.cpp.o
                0x0000000008002dfa                EXTI1_IRQHandler
 .text.EXTI2_IRQHandler
                0x0000000008002e00        0x6 .pio/build/genericSTM32F103C8/SrcWrapper/src/stm32/interrupt.cpp.o
                0x0000000008002e00                EXTI2_IRQHandler
 .text.EXTI3_IRQHandler
                0x0000000008002e06        0x6 .pio/build/genericSTM32F103C8/SrcWrapper/src/stm32/interrupt.cpp.o
                0x0000000008002e06                EXTI3_IRQHandler
 .text.EXTI4_IRQHandler
                0x0000000008002e0c        0x6 .pio/build/genericSTM32F103C8/SrcWrapper/src/stm32/interrupt.cpp.o
                0x0000000008002e0c                EXTI4_IRQHandler
 .text.EXTI9_5_IRQHandler
                0x0000000008002e12       0x16 .pio/build/genericSTM32F103C8/SrcWrapper/src/stm32/interrupt.cpp.o
                0x0000000008002e12                EXTI9_5_IRQHandler
 .text.EXTI15_10_IRQHandler
                0x0000000008002e28       0x18 .pio/build/genericSTM32F103C8/SrcWrapper/src/stm32/interrupt.cpp.o
                0x0000000008002e28                EXTI15_10_IRQHandler
 .text.startup._GLOBAL__sub_I__Z22stm32_interrupt_enableP12GPIO_TypeDeftSt8functionIFvvEEm
                0x0000000008002e40       0x88 .pio/build/genericSTM32F103C8/SrcWrapper/src/stm32/interrupt.cpp.o
 .text.exit._GLOBAL__sub_D__Z22stm32_interrupt_enableP12GPIO_TypeDeftSt8functionIFvvEEm
                0x0000000008002ec8       0x1c .pio/build/genericSTM32F103C8/SrcWrapper/src/stm32/interrupt.cpp.o
 .text.pin_SetF1AFPin
                0x0000000008002ee4      0x1f8 .pio/build/genericSTM32F103C8/SrcWrapper/src/stm32/pinmap.c.o
 .text.LL_GPIO_SetPinMode
                0x00000000080030dc       0x2e .pio/build/genericSTM32F103C8/SrcWrapper/src/stm32/pinmap.c.o
 .text.LL_GPIO_SetPinOutputType
                0x000000000800310a       0x2e .pio/build/genericSTM32F103C8/SrcWrapper/src/stm32/pinmap.c.o
 .text.pin_in_pinmap
                0x0000000008003138       0x1e .pio/build/genericSTM32F103C8/SrcWrapper/src/stm32/pinmap.c.o
                0x0000000008003138                pin_in_pinmap
 *fill*         0x0000000008003156        0x2 
 .text.pin_function
                0x0000000008003158      0x18c .pio/build/genericSTM32F103C8/SrcWrapper/src/stm32/pinmap.c.o
                0x0000000008003158                pin_function
 .text.pinmap_pinout
                0x00000000080032e4       0x28 .pio/build/genericSTM32F103C8/SrcWrapper/src/stm32/pinmap.c.o
                0x00000000080032e4                pinmap_pinout
 .text.pinmap_find_peripheral
                0x000000000800330c       0x16 .pio/build/genericSTM32F103C8/SrcWrapper/src/stm32/pinmap.c.o
                0x000000000800330c                pinmap_find_peripheral
 .text.pinmap_peripheral
                0x0000000008003322        0xc .pio/build/genericSTM32F103C8/SrcWrapper/src/stm32/pinmap.c.o
                0x0000000008003322                pinmap_peripheral
 .text.pinmap_find_pin
                0x000000000800332e       0x16 .pio/build/genericSTM32F103C8/SrcWrapper/src/stm32/pinmap.c.o
                0x000000000800332e                pinmap_find_pin
 .text.pinmap_pin
                0x0000000008003344        0xc .pio/build/genericSTM32F103C8/SrcWrapper/src/stm32/pinmap.c.o
                0x0000000008003344                pinmap_pin
 .text.pinmap_merge_peripheral
                0x0000000008003350       0x14 .pio/build/genericSTM32F103C8/SrcWrapper/src/stm32/pinmap.c.o
                0x0000000008003350                pinmap_merge_peripheral
 .text._Error_Handler
                0x0000000008003364        0x2 .pio/build/genericSTM32F103C8/SrcWrapper/src/stm32/stm32_def.c.o
                0x0000000008003364                _Error_Handler
 *fill*         0x0000000008003366        0x2 
 .text.SystemInit
                0x0000000008003368       0x4c .pio/build/genericSTM32F103C8/SrcWrapper/src/stm32/system_stm32yyxx.c.o
                0x0000000008003368                SystemInit
 .text.get_timer_obj
                0x00000000080033b4        0x4 .pio/build/genericSTM32F103C8/SrcWrapper/src/stm32/timer.c.o
                0x00000000080033b4                get_timer_obj
 .text.enableTimerClock
                0x00000000080033b8       0x88 .pio/build/genericSTM32F103C8/SrcWrapper/src/stm32/timer.c.o
                0x00000000080033b8                enableTimerClock
 .text.disableTimerClock
                0x0000000008003440       0x5c .pio/build/genericSTM32F103C8/SrcWrapper/src/stm32/timer.c.o
                0x0000000008003440                disableTimerClock
 .text.getTimerUpIrq
                0x000000000800349c       0x4c .pio/build/genericSTM32F103C8/SrcWrapper/src/stm32/timer.c.o
                0x000000000800349c                getTimerUpIrq
 .text.getTimerCCIrq
                0x00000000080034e8       0x4c .pio/build/genericSTM32F103C8/SrcWrapper/src/stm32/timer.c.o
                0x00000000080034e8                getTimerCCIrq
 .text.HAL_TIM_Base_MspInit
                0x0000000008003534       0x50 .pio/build/genericSTM32F103C8/SrcWrapper/src/stm32/timer.c.o
                0x0000000008003534                HAL_TIM_Base_MspInit
 .text.serial_rx_active
                0x0000000008003584       0x24 .pio/build/genericSTM32F103C8/SrcWrapper/src/stm32/uart.c.o
                0x0000000008003584                serial_rx_active
 .text.serial_tx_active
                0x00000000080035a8       0x24 .pio/build/genericSTM32F103C8/SrcWrapper/src/stm32/uart.c.o
                0x00000000080035a8                serial_tx_active
 .text.uart_attach_tx_callback
                0x00000000080035cc       0x40 .pio/build/genericSTM32F103C8/SrcWrapper/src/stm32/uart.c.o
                0x00000000080035cc                uart_attach_tx_callback
 .text.uart_enable_tx
                0x000000000800360c       0x1c .pio/build/genericSTM32F103C8/SrcWrapper/src/stm32/uart.c.o
                0x000000000800360c                uart_enable_tx
 .text.uart_enable_rx
                0x0000000008003628       0x1c .pio/build/genericSTM32F103C8/SrcWrapper/src/stm32/uart.c.o
                0x0000000008003628                uart_enable_rx
 .text.HAL_UART_RxCpltCallback
                0x0000000008003644        0x6 .pio/build/genericSTM32F103C8/SrcWrapper/src/stm32/uart.c.o
                0x0000000008003644                HAL_UART_RxCpltCallback
 .text.HAL_UART_TxCpltCallback
                0x000000000800364a        0x6 .pio/build/genericSTM32F103C8/SrcWrapper/src/stm32/uart.c.o
                0x000000000800364a                HAL_UART_TxCpltCallback
 .text.HAL_UART_ErrorCallback
                0x0000000008003650       0x7a .pio/build/genericSTM32F103C8/SrcWrapper/src/stm32/uart.c.o
                0x0000000008003650                HAL_UART_ErrorCallback
 *fill*         0x00000000080036ca        0x2 
 .text.USART1_IRQHandler
                0x00000000080036cc       0x18 .pio/build/genericSTM32F103C8/SrcWrapper/src/stm32/uart.c.o
                0x00000000080036cc                USART1_IRQHandler
 .text.USART2_IRQHandler
                0x00000000080036e4       0x1c .pio/build/genericSTM32F103C8/SrcWrapper/src/stm32/uart.c.o
                0x00000000080036e4                USART2_IRQHandler
 .text.USART3_IRQHandler
                0x0000000008003700       0x1c .pio/build/genericSTM32F103C8/SrcWrapper/src/stm32/uart.c.o
                0x0000000008003700                USART3_IRQHandler
 .text._sbrk    0x000000000800371c       0x3c .pio/build/genericSTM32F103C8/SrcWrapper/src/syscalls.c.o
                0x000000000800371c                _sbrk
 .text._exit    0x0000000008003758        0x2 .pio/build/genericSTM32F103C8/SrcWrapper/src/syscalls.c.o
                0x0000000008003758                _exit
 *fill*         0x000000000800375a        0x2 
 .text._kill    0x000000000800375c       0x10 .pio/build/genericSTM32F103C8/SrcWrapper/src/syscalls.c.o
                0x000000000800375c                _kill
 .text._getpid  0x000000000800376c        0x4 .pio/build/genericSTM32F103C8/SrcWrapper/src/syscalls.c.o
                0x000000000800376c                _getpid
 .text._ZN11SPISettingsC2Em8BitOrderhb
                0x0000000008003770       0x1e .pio/build/genericSTM32F103C8/src/main.cpp.o
                0x0000000008003770                SPISettings::SPISettings(unsigned long, BitOrder, unsigned char, bool)
                0x0000000008003770                SPISettings::SPISettings(unsigned long, BitOrder, unsigned char, bool)
 *fill*         0x000000000800378e        0x2 
 .text._Z9transmitePt
                0x0000000008003790       0x60 .pio/build/genericSTM32F103C8/src/main.cpp.o
                0x0000000008003790                transmite(unsigned short*)
 .text.loop     0x00000000080037f0       0x40 .pio/build/genericSTM32F103C8/src/main.cpp.o
                0x00000000080037f0                loop
 .text._Z12ADC_DMA_Initv
                0x0000000008003830       0x94 .pio/build/genericSTM32F103C8/src/main.cpp.o
                0x0000000008003830                ADC_DMA_Init()
 .text._Z13Ethernet_Initv
                0x00000000080038c4       0x20 .pio/build/genericSTM32F103C8/src/main.cpp.o
                0x00000000080038c4                Ethernet_Init()
 .text.setup    0x00000000080038e4       0x4c .pio/build/genericSTM32F103C8/src/main.cpp.o
                0x00000000080038e4                setup
 .text.DMA1_Channel1_IRQHandler
                0x0000000008003930       0x38 .pio/build/genericSTM32F103C8/src/main.cpp.o
                0x0000000008003930                DMA1_Channel1_IRQHandler
 .text.startup._GLOBAL__sub_I_buffer_ADC
                0x0000000008003968       0x38 .pio/build/genericSTM32F103C8/src/main.cpp.o
 .text._ZN8SPIClass6pinIdxEhNS_12pin_option_tE
                0x00000000080039a0       0x6c .pio/build/genericSTM32F103C8/libdd9/libSPI.a(SPI.cpp.o)
                0x00000000080039a0                SPIClass::pinIdx(unsigned char, SPIClass::pin_option_t)
 .text._ZN8SPIClassC2Ev
                0x0000000008003a0c       0x5c .pio/build/genericSTM32F103C8/libdd9/libSPI.a(SPI.cpp.o)
                0x0000000008003a0c                SPIClass::SPIClass()
                0x0000000008003a0c                SPIClass::SPIClass()
 .text._ZN8SPIClass5beginEh
                0x0000000008003a68       0x4c .pio/build/genericSTM32F103C8/libdd9/libSPI.a(SPI.cpp.o)
                0x0000000008003a68                SPIClass::begin(unsigned char)
 .text._ZN8SPIClass16beginTransactionEh11SPISettings
                0x0000000008003ab4       0x6a .pio/build/genericSTM32F103C8/libdd9/libSPI.a(SPI.cpp.o)
                0x0000000008003ab4                SPIClass::beginTransaction(unsigned char, SPISettings)
 *fill*         0x0000000008003b1e        0x2 
 .text._ZN8SPIClass14endTransactionEh
                0x0000000008003b20       0x6c .pio/build/genericSTM32F103C8/libdd9/libSPI.a(SPI.cpp.o)
                0x0000000008003b20                SPIClass::endTransaction(unsigned char)
 .text._ZN8SPIClass8transferEhh15SPITransferMode
                0x0000000008003b8c       0x98 .pio/build/genericSTM32F103C8/libdd9/libSPI.a(SPI.cpp.o)
                0x0000000008003b8c                SPIClass::transfer(unsigned char, unsigned char, SPITransferMode)
 .text._ZN8SPIClass8transferEhPvj15SPITransferMode
                0x0000000008003c24       0x9c .pio/build/genericSTM32F103C8/libdd9/libSPI.a(SPI.cpp.o)
                0x0000000008003c24                SPIClass::transfer(unsigned char, void*, unsigned int, SPITransferMode)
 .text.startup._GLOBAL__sub_I_SPI
                0x0000000008003cc0        0xc .pio/build/genericSTM32F103C8/libdd9/libSPI.a(SPI.cpp.o)
 .text.LL_GPIO_SetPinMode
                0x0000000008003ccc       0x2e .pio/build/genericSTM32F103C8/libdd9/libSPI.a(spi_com.c.o)
 *fill*         0x0000000008003cfa        0x2 
 .text.spi_getClkFreqInst
                0x0000000008003cfc       0x2c .pio/build/genericSTM32F103C8/libdd9/libSPI.a(spi_com.c.o)
                0x0000000008003cfc                spi_getClkFreqInst
 .text.spi_init
                0x0000000008003d28      0x260 .pio/build/genericSTM32F103C8/libdd9/libSPI.a(spi_com.c.o)
                0x0000000008003d28                spi_init
 .text.spi_transfer
                0x0000000008003f88       0x78 .pio/build/genericSTM32F103C8/libdd9/libSPI.a(spi_com.c.o)
                0x0000000008003f88                spi_transfer
 .text._ZN8SPIClass16beginTransactionE11SPISettings
                0x0000000008004000       0x1c .pio/build/genericSTM32F103C8/libc19/libEthernet.a(Ethernet.cpp.o)
                0x0000000008004000                SPIClass::beginTransaction(SPISettings)
 .text._ZN8SPIClass14endTransactionEv
                0x000000000800401c        0x6 .pio/build/genericSTM32F103C8/libc19/libEthernet.a(Ethernet.cpp.o)
                0x000000000800401c                SPIClass::endTransaction()
 .text._ZN10W5100Class8writeGAREPKh
                0x0000000008004022        0xa .pio/build/genericSTM32F103C8/libc19/libEthernet.a(Ethernet.cpp.o)
                0x0000000008004022                W5100Class::writeGAR(unsigned char const*)
 .text._ZN10W5100Class9writeSUBREPKh
                0x000000000800402c        0xa .pio/build/genericSTM32F103C8/libc19/libEthernet.a(Ethernet.cpp.o)
                0x000000000800402c                W5100Class::writeSUBR(unsigned char const*)
 .text._ZN10W5100Class9writeSHAREPKh
                0x0000000008004036        0xa .pio/build/genericSTM32F103C8/libc19/libEthernet.a(Ethernet.cpp.o)
                0x0000000008004036                W5100Class::writeSHAR(unsigned char const*)
 .text._ZN10W5100Class9writeSIPREPKh
                0x0000000008004040        0xa .pio/build/genericSTM32F103C8/libc19/libEthernet.a(Ethernet.cpp.o)
                0x0000000008004040                W5100Class::writeSIPR(unsigned char const*)
 *fill*         0x000000000800404a        0x2 
 .text._ZN13EthernetClass5beginEPh9IPAddressS1_S1_S1_
                0x000000000800404c       0x68 .pio/build/genericSTM32F103C8/libc19/libEthernet.a(Ethernet.cpp.o)
                0x000000000800404c                EthernetClass::begin(unsigned char*, IPAddress, IPAddress, IPAddress, IPAddress)
 .text._ZN13EthernetClass5beginEPh9IPAddressS1_S1_
                0x00000000080040b4       0x54 .pio/build/genericSTM32F103C8/libc19/libEthernet.a(Ethernet.cpp.o)
                0x00000000080040b4                EthernetClass::begin(unsigned char*, IPAddress, IPAddress, IPAddress)
 .text._ZN13EthernetClass5beginEPh9IPAddressS1_
                0x0000000008004108       0x34 .pio/build/genericSTM32F103C8/libc19/libEthernet.a(Ethernet.cpp.o)
                0x0000000008004108                EthernetClass::begin(unsigned char*, IPAddress, IPAddress)
 .text._ZN13EthernetClass5beginEPh9IPAddress
                0x000000000800413c       0x2c .pio/build/genericSTM32F103C8/libc19/libEthernet.a(Ethernet.cpp.o)
                0x000000000800413c                EthernetClass::begin(unsigned char*, IPAddress)
 .text.startup._GLOBAL__sub_I__ZN13EthernetClass17_dnsServerAddressE
                0x0000000008004168       0x24 .pio/build/genericSTM32F103C8/libc19/libEthernet.a(Ethernet.cpp.o)
 .text._ZN14EthernetClientD2Ev
                0x000000000800418c        0x2 .pio/build/genericSTM32F103C8/libc19/libEthernet.a(EthernetClient.cpp.o)
                0x000000000800418c                EthernetClient::~EthernetClient()
                0x000000000800418c                EthernetClient::~EthernetClient()
 .text._ZN14EthernetClientcvbEv
                0x000000000800418e        0xc .pio/build/genericSTM32F103C8/libc19/libEthernet.a(EthernetClient.cpp.o)
                0x000000000800418e                EthernetClient::operator bool()
 .text._ZN14EthernetClienteqEb
                0x000000000800419a        0x6 .pio/build/genericSTM32F103C8/libc19/libEthernet.a(EthernetClient.cpp.o)
                0x000000000800419a                EthernetClient::operator==(bool)
 .text._ZN14EthernetClientneEb
                0x00000000080041a0        0x4 .pio/build/genericSTM32F103C8/libc19/libEthernet.a(EthernetClient.cpp.o)
                0x00000000080041a0                EthernetClient::operator!=(bool)
 .text._ZN14EthernetClientneERKS_
                0x00000000080041a4       0x10 .pio/build/genericSTM32F103C8/libc19/libEthernet.a(EthernetClient.cpp.o)
                0x00000000080041a4                EthernetClient::operator!=(EthernetClient const&)
 .text._ZN14EthernetClient20setConnectionTimeoutEt
                0x00000000080041b4        0x4 .pio/build/genericSTM32F103C8/libc19/libEthernet.a(EthernetClient.cpp.o)
                0x00000000080041b4                EthernetClient::setConnectionTimeout(unsigned short)
 .text._ZN14EthernetClient5writeEh
                0x00000000080041b8       0x18 .pio/build/genericSTM32F103C8/libc19/libEthernet.a(EthernetClient.cpp.o)
                0x00000000080041b8                EthernetClient::write(unsigned char)
 .text._ZN14EthernetClienteqERKS_
                0x00000000080041d0       0x16 .pio/build/genericSTM32F103C8/libc19/libEthernet.a(EthernetClient.cpp.o)
                0x00000000080041d0                EthernetClient::operator==(EthernetClient const&)
 *fill*         0x00000000080041e6        0x2 
 .text._ZN14EthernetClient9connectedEv
                0x00000000080041e8       0x40 .pio/build/genericSTM32F103C8/libc19/libEthernet.a(EthernetClient.cpp.o)
                0x00000000080041e8                EthernetClient::connected()
 .text._ZN14EthernetClient7connectEPKct
                0x0000000008004228       0x8c .pio/build/genericSTM32F103C8/libc19/libEthernet.a(EthernetClient.cpp.o)
                0x0000000008004228                EthernetClient::connect(char const*, unsigned short)
 .text._ZN14EthernetClient17availableForWriteEv
                0x00000000080042b4       0x12 .pio/build/genericSTM32F103C8/libc19/libEthernet.a(EthernetClient.cpp.o)
                0x00000000080042b4                EthernetClient::availableForWrite()
 .text._ZN14EthernetClient5flushEv
                0x00000000080042c6       0x24 .pio/build/genericSTM32F103C8/libc19/libEthernet.a(EthernetClient.cpp.o)
                0x00000000080042c6                EthernetClient::flush()
 .text._ZN14EthernetClient5writeEPKhj
                0x00000000080042ea       0x1e .pio/build/genericSTM32F103C8/libc19/libEthernet.a(EthernetClient.cpp.o)
                0x00000000080042ea                EthernetClient::write(unsigned char const*, unsigned int)
 .text._ZN14EthernetClient9availableEv
                0x0000000008004308       0x12 .pio/build/genericSTM32F103C8/libc19/libEthernet.a(EthernetClient.cpp.o)
                0x0000000008004308                EthernetClient::available()
 .text._ZN14EthernetClient4readEPhj
                0x000000000800431a       0x10 .pio/build/genericSTM32F103C8/libc19/libEthernet.a(EthernetClient.cpp.o)
                0x000000000800431a                EthernetClient::read(unsigned char*, unsigned int)
 .text._ZN14EthernetClient4readEv
                0x000000000800432a       0x20 .pio/build/genericSTM32F103C8/libc19/libEthernet.a(EthernetClient.cpp.o)
                0x000000000800432a                EthernetClient::read()
 .text._ZN14EthernetClient4peekEv
                0x000000000800434a       0x22 .pio/build/genericSTM32F103C8/libc19/libEthernet.a(EthernetClient.cpp.o)
                0x000000000800434a                EthernetClient::peek()
 .text._ZN14EthernetClientD0Ev
                0x000000000800436c        0xe .pio/build/genericSTM32F103C8/libc19/libEthernet.a(EthernetClient.cpp.o)
                0x000000000800436c                EthernetClient::~EthernetClient()
 .text._ZN14EthernetClient4stopEv
                0x000000000800437a       0x3c .pio/build/genericSTM32F103C8/libc19/libEthernet.a(EthernetClient.cpp.o)
                0x000000000800437a                EthernetClient::stop()
 .text._ZN14EthernetClient7connectE9IPAddresst
                0x00000000080043b6       0x98 .pio/build/genericSTM32F103C8/libc19/libEthernet.a(EthernetClient.cpp.o)
                0x00000000080043b6                EthernetClient::connect(IPAddress, unsigned short)
 *fill*         0x000000000800444e        0x2 
 .text._ZN10W5100Class6readSnEhtPht
                0x0000000008004450       0x20 .pio/build/genericSTM32F103C8/libc19/libEthernet.a(EthernetClient.cpp.o)
                0x0000000008004450                W5100Class::readSn(unsigned char, unsigned short, unsigned char*, unsigned short)
 .text._ZN14EthernetClient9localPortEv
                0x0000000008004470       0x6c .pio/build/genericSTM32F103C8/libc19/libEthernet.a(EthernetClient.cpp.o)
                0x0000000008004470                EthernetClient::localPort()
 .text._ZN14EthernetClient8remoteIPEv
                0x00000000080044dc       0x6c .pio/build/genericSTM32F103C8/libc19/libEthernet.a(EthernetClient.cpp.o)
                0x00000000080044dc                EthernetClient::remoteIP()
 .text._ZN14EthernetClient10remotePortEv
                0x0000000008004548       0x6c .pio/build/genericSTM32F103C8/libc19/libEthernet.a(EthernetClient.cpp.o)
                0x0000000008004548                EthernetClient::remotePort()
 .text.startup._GLOBAL__sub_I__ZN14EthernetClient7connectEPKct
                0x00000000080045b4       0x1c .pio/build/genericSTM32F103C8/libc19/libEthernet.a(EthernetClient.cpp.o)
 .text._ZN5Print17availableForWriteEv
                0x00000000080045d0        0x4 .pio/build/genericSTM32F103C8/libc19/libEthernet.a(EthernetUdp.cpp.o)
                0x00000000080045d0                Print::availableForWrite()
 .text._ZN11EthernetUDP4readEPcj
                0x00000000080045d4        0x6 .pio/build/genericSTM32F103C8/libc19/libEthernet.a(EthernetUdp.cpp.o)
                0x00000000080045d4                EthernetUDP::read(char*, unsigned int)
 *fill*         0x00000000080045da        0x2 
 .text._ZN11EthernetUDP8remoteIPEv
                0x00000000080045dc       0x10 .pio/build/genericSTM32F103C8/libc19/libEthernet.a(EthernetUdp.cpp.o)
                0x00000000080045dc                EthernetUDP::remoteIP()
 .text._ZN11EthernetUDP10remotePortEv
                0x00000000080045ec        0x4 .pio/build/genericSTM32F103C8/libc19/libEthernet.a(EthernetUdp.cpp.o)
                0x00000000080045ec                EthernetUDP::remotePort()
 .text._ZN11EthernetUDP9localPortEv
                0x00000000080045f0        0x4 .pio/build/genericSTM32F103C8/libc19/libEthernet.a(EthernetUdp.cpp.o)
                0x00000000080045f0                EthernetUDP::localPort()
 .text._ZN11EthernetUDP9availableEv
                0x00000000080045f4        0x4 .pio/build/genericSTM32F103C8/libc19/libEthernet.a(EthernetUdp.cpp.o)
                0x00000000080045f4                EthernetUDP::available()
 .text._ZN11EthernetUDP5writeEh
                0x00000000080045f8       0x18 .pio/build/genericSTM32F103C8/libc19/libEthernet.a(EthernetUdp.cpp.o)
                0x00000000080045f8                EthernetUDP::write(unsigned char)
 .text._ZN11EthernetUDP5flushEv
                0x0000000008004610        0x2 .pio/build/genericSTM32F103C8/libc19/libEthernet.a(EthernetUdp.cpp.o)
                0x0000000008004610                EthernetUDP::flush()
 .text._ZN11EthernetUDP4stopEv
                0x0000000008004612       0x18 .pio/build/genericSTM32F103C8/libc19/libEthernet.a(EthernetUdp.cpp.o)
                0x0000000008004612                EthernetUDP::stop()
 .text._ZN11EthernetUDP5beginEt
                0x000000000800462a       0x2e .pio/build/genericSTM32F103C8/libc19/libEthernet.a(EthernetUdp.cpp.o)
                0x000000000800462a                EthernetUDP::begin(unsigned short)
 .text._ZN11EthernetUDP11beginPacketEPKct
                0x0000000008004658       0x78 .pio/build/genericSTM32F103C8/libc19/libEthernet.a(EthernetUdp.cpp.o)
                0x0000000008004658                EthernetUDP::beginPacket(char const*, unsigned short)
 .text._ZN11EthernetUDP11beginPacketE9IPAddresst
                0x00000000080046d0       0x12 .pio/build/genericSTM32F103C8/libc19/libEthernet.a(EthernetUdp.cpp.o)
                0x00000000080046d0                EthernetUDP::beginPacket(IPAddress, unsigned short)
 .text._ZN11EthernetUDP9endPacketEv
                0x00000000080046e2        0xc .pio/build/genericSTM32F103C8/libc19/libEthernet.a(EthernetUdp.cpp.o)
                0x00000000080046e2                EthernetUDP::endPacket()
 .text._ZN11EthernetUDP5writeEPKhj
                0x00000000080046ee       0x1a .pio/build/genericSTM32F103C8/libc19/libEthernet.a(EthernetUdp.cpp.o)
                0x00000000080046ee                EthernetUDP::write(unsigned char const*, unsigned int)
 .text._ZN11EthernetUDP4readEv
                0x0000000008004708       0x2e .pio/build/genericSTM32F103C8/libc19/libEthernet.a(EthernetUdp.cpp.o)
                0x0000000008004708                EthernetUDP::read()
 .text._ZN11EthernetUDP4readEPhj
                0x0000000008004736       0x2a .pio/build/genericSTM32F103C8/libc19/libEthernet.a(EthernetUdp.cpp.o)
                0x0000000008004736                EthernetUDP::read(unsigned char*, unsigned int)
 .text._ZN11EthernetUDP4peekEv
                0x0000000008004760       0x1c .pio/build/genericSTM32F103C8/libc19/libEthernet.a(EthernetUdp.cpp.o)
                0x0000000008004760                EthernetUDP::peek()
 .text._ZN11EthernetUDP14beginMulticastE9IPAddresst
                0x000000000800477c       0x40 .pio/build/genericSTM32F103C8/libc19/libEthernet.a(EthernetUdp.cpp.o)
                0x000000000800477c                EthernetUDP::beginMulticast(IPAddress, unsigned short)
 .text._ZN11EthernetUDP11parsePacketEv
                0x00000000080047bc       0x5a .pio/build/genericSTM32F103C8/libc19/libEthernet.a(EthernetUdp.cpp.o)
                0x00000000080047bc                EthernetUDP::parsePacket()
 *fill*         0x0000000008004816        0x2 
 .text.startup._GLOBAL__sub_I__ZN11EthernetUDP5beginEt
                0x0000000008004818       0x1c .pio/build/genericSTM32F103C8/libc19/libEthernet.a(EthernetUdp.cpp.o)
 .text._ZN10W5100Class6readSnEht
                0x0000000008004834       0x28 .pio/build/genericSTM32F103C8/libc19/libEthernet.a(socket.cpp.o)
                0x0000000008004834                W5100Class::readSn(unsigned char, unsigned short)
 .text._ZN10W5100Class7writeSnEhth
                0x000000000800485c       0x2c .pio/build/genericSTM32F103C8/libc19/libEthernet.a(socket.cpp.o)
                0x000000000800485c                W5100Class::writeSn(unsigned char, unsigned short, unsigned char)
 .text._ZN10W5100Class7writeSnEhtPht
                0x0000000008004888       0x20 .pio/build/genericSTM32F103C8/libc19/libEthernet.a(socket.cpp.o)
                0x0000000008004888                W5100Class::writeSn(unsigned char, unsigned short, unsigned char*, unsigned short)
 .text._ZL10write_datahtPKht
                0x00000000080048a8       0xa8 .pio/build/genericSTM32F103C8/libc19/libEthernet.a(socket.cpp.o)
 .text._ZN10W5100Class8readSnSREh
                0x0000000008004950        0xa .pio/build/genericSTM32F103C8/libc19/libEthernet.a(socket.cpp.o)
                0x0000000008004950                W5100Class::readSnSR(unsigned char)
 .text._ZN10W5100Class11writeSnPORTEht
                0x000000000800495a       0x18 .pio/build/genericSTM32F103C8/libc19/libEthernet.a(socket.cpp.o)
                0x000000000800495a                W5100Class::writeSnPORT(unsigned char, unsigned short)
 .text._ZN10W5100Class11writeSnDIPREhPh
                0x0000000008004972        0xe .pio/build/genericSTM32F103C8/libc19/libEthernet.a(socket.cpp.o)
                0x0000000008004972                W5100Class::writeSnDIPR(unsigned char, unsigned char*)
 .text._ZN10W5100Class12writeSnDPORTEht
                0x0000000008004980       0x18 .pio/build/genericSTM32F103C8/libc19/libEthernet.a(socket.cpp.o)
                0x0000000008004980                W5100Class::writeSnDPORT(unsigned char, unsigned short)
 .text._ZN10W5100Class12readSnTX_FSREh
                0x0000000008004998       0x1e .pio/build/genericSTM32F103C8/libc19/libEthernet.a(socket.cpp.o)
                0x0000000008004998                W5100Class::readSnTX_FSR(unsigned char)
 *fill*         0x00000000080049b6        0x2 
 .text._ZL11getSnTX_FSRh
                0x00000000080049b8       0x28 .pio/build/genericSTM32F103C8/libc19/libEthernet.a(socket.cpp.o)
 .text._ZN10W5100Class12readSnRX_RSREh
                0x00000000080049e0       0x1e .pio/build/genericSTM32F103C8/libc19/libEthernet.a(socket.cpp.o)
                0x00000000080049e0                W5100Class::readSnRX_RSR(unsigned char)
 .text._ZN10W5100Class11readSnRX_RDEh
                0x00000000080049fe       0x1e .pio/build/genericSTM32F103C8/libc19/libEthernet.a(socket.cpp.o)
                0x00000000080049fe                W5100Class::readSnRX_RD(unsigned char)
 .text._ZN10W5100Class5RBASEEh
                0x0000000008004a1c       0x18 .pio/build/genericSTM32F103C8/libc19/libEthernet.a(socket.cpp.o)
                0x0000000008004a1c                W5100Class::RBASE(unsigned char)
 .text._ZN13EthernetClass11socketBeginEht
                0x0000000008004a34      0x12c .pio/build/genericSTM32F103C8/libc19/libEthernet.a(socket.cpp.o)
                0x0000000008004a34                EthernetClass::socketBegin(unsigned char, unsigned short)
 .text._ZN13EthernetClass20socketBeginMulticastEh9IPAddresst
                0x0000000008004b60      0x170 .pio/build/genericSTM32F103C8/libc19/libEthernet.a(socket.cpp.o)
                0x0000000008004b60                EthernetClass::socketBeginMulticast(unsigned char, IPAddress, unsigned short)
 .text._ZN13EthernetClass12socketStatusEh
                0x0000000008004cd0       0x40 .pio/build/genericSTM32F103C8/libc19/libEthernet.a(socket.cpp.o)
                0x0000000008004cd0                EthernetClass::socketStatus(unsigned char)
 .text._ZN13EthernetClass11socketCloseEh
                0x0000000008004d10       0x3c .pio/build/genericSTM32F103C8/libc19/libEthernet.a(socket.cpp.o)
                0x0000000008004d10                EthernetClass::socketClose(unsigned char)
 .text._ZN13EthernetClass13socketConnectEhPht
                0x0000000008004d4c       0x58 .pio/build/genericSTM32F103C8/libc19/libEthernet.a(socket.cpp.o)
                0x0000000008004d4c                EthernetClass::socketConnect(unsigned char, unsigned char*, unsigned short)
 .text._ZN13EthernetClass16socketDisconnectEh
                0x0000000008004da4       0x3c .pio/build/genericSTM32F103C8/libc19/libEthernet.a(socket.cpp.o)
                0x0000000008004da4                EthernetClass::socketDisconnect(unsigned char)
 .text._ZN13EthernetClass10socketRecvEhPhs
                0x0000000008004de0      0x13c .pio/build/genericSTM32F103C8/libc19/libEthernet.a(socket.cpp.o)
                0x0000000008004de0                EthernetClass::socketRecv(unsigned char, unsigned char*, short)
 .text._ZN13EthernetClass19socketRecvAvailableEh
                0x0000000008004f1c       0x64 .pio/build/genericSTM32F103C8/libc19/libEthernet.a(socket.cpp.o)
                0x0000000008004f1c                EthernetClass::socketRecvAvailable(unsigned char)
 .text._ZN13EthernetClass10socketPeekEh
                0x0000000008004f80       0x5c .pio/build/genericSTM32F103C8/libc19/libEthernet.a(socket.cpp.o)
                0x0000000008004f80                EthernetClass::socketPeek(unsigned char)
 .text._ZN13EthernetClass10socketSendEhPKht
                0x0000000008004fdc      0x10c .pio/build/genericSTM32F103C8/libc19/libEthernet.a(socket.cpp.o)
                0x0000000008004fdc                EthernetClass::socketSend(unsigned char, unsigned char const*, unsigned short)
 .text._ZN13EthernetClass19socketSendAvailableEh
                0x00000000080050e8       0x50 .pio/build/genericSTM32F103C8/libc19/libEthernet.a(socket.cpp.o)
                0x00000000080050e8                EthernetClass::socketSendAvailable(unsigned char)
 .text._ZN13EthernetClass16socketBufferDataEhtPKht
                0x0000000008005138       0x5c .pio/build/genericSTM32F103C8/libc19/libEthernet.a(socket.cpp.o)
                0x0000000008005138                EthernetClass::socketBufferData(unsigned char, unsigned short, unsigned char const*, unsigned short)
 .text._ZN13EthernetClass14socketStartUDPEhPht
                0x0000000008005194       0x60 .pio/build/genericSTM32F103C8/libc19/libEthernet.a(socket.cpp.o)
                0x0000000008005194                EthernetClass::socketStartUDP(unsigned char, unsigned char*, unsigned short)
 .text._ZN13EthernetClass13socketSendUDPEh
                0x00000000080051f4       0xa8 .pio/build/genericSTM32F103C8/libc19/libEthernet.a(socket.cpp.o)
                0x00000000080051f4                EthernetClass::socketSendUDP(unsigned char)
 .text.startup._GLOBAL__sub_I__ZN13EthernetClass14socketPortRandEt
                0x000000000800529c       0x1c .pio/build/genericSTM32F103C8/libc19/libEthernet.a(socket.cpp.o)
 .text._ZN8SPIClass8transferEh15SPITransferMode
                0x00000000080052b8        0xa .pio/build/genericSTM32F103C8/libc19/libEthernet.a(w5100.cpp.o)
                0x00000000080052b8                SPIClass::transfer(unsigned char, SPITransferMode)
 *fill*         0x00000000080052c2        0x2 
 .text._ZN10W5100Class5setSSEv
                0x00000000080052c4       0x10 .pio/build/genericSTM32F103C8/libc19/libEthernet.a(w5100.cpp.o)
                0x00000000080052c4                W5100Class::setSS()
 .text._ZN10W5100Class7resetSSEv
                0x00000000080052d4       0x10 .pio/build/genericSTM32F103C8/libc19/libEthernet.a(w5100.cpp.o)
                0x00000000080052d4                W5100Class::resetSS()
 .text._ZN10W5100Class5writeEtPKht
                0x00000000080052e4      0x15c .pio/build/genericSTM32F103C8/libc19/libEthernet.a(w5100.cpp.o)
                0x00000000080052e4                W5100Class::write(unsigned short, unsigned char const*, unsigned short)
 .text._ZN10W5100Class5writeEth
                0x0000000008005440       0x18 .pio/build/genericSTM32F103C8/libc19/libEthernet.a(w5100.cpp.o)
                0x0000000008005440                W5100Class::write(unsigned short, unsigned char)
 .text._ZN10W5100Class7writeMREh
                0x0000000008005458        0xc .pio/build/genericSTM32F103C8/libc19/libEthernet.a(w5100.cpp.o)
                0x0000000008005458                W5100Class::writeMR(unsigned char)
 .text._ZN10W5100Class4readEtPht
                0x0000000008005464      0x110 .pio/build/genericSTM32F103C8/libc19/libEthernet.a(w5100.cpp.o)
                0x0000000008005464                W5100Class::read(unsigned short, unsigned char*, unsigned short)
 .text._ZN10W5100Class4readEt
                0x0000000008005574       0x16 .pio/build/genericSTM32F103C8/libc19/libEthernet.a(w5100.cpp.o)
                0x0000000008005574                W5100Class::read(unsigned short)
 .text._ZN10W5100Class6readMREv
                0x000000000800558a        0xa .pio/build/genericSTM32F103C8/libc19/libEthernet.a(w5100.cpp.o)
                0x000000000800558a                W5100Class::readMR()
 .text._ZN10W5100Class9softResetEv
                0x0000000008005594       0x26 .pio/build/genericSTM32F103C8/libc19/libEthernet.a(w5100.cpp.o)
                0x0000000008005594                W5100Class::softReset()
 *fill*         0x00000000080055ba        0x2 
 .text._ZN10W5100Class7isW5100Ev
                0x00000000080055bc       0x44 .pio/build/genericSTM32F103C8/libc19/libEthernet.a(w5100.cpp.o)
                0x00000000080055bc                W5100Class::isW5100()
 .text._ZN10W5100Class7isW5200Ev
                0x0000000008005600       0x50 .pio/build/genericSTM32F103C8/libc19/libEthernet.a(w5100.cpp.o)
                0x0000000008005600                W5100Class::isW5200()
 .text._ZN10W5100Class7isW5500Ev
                0x0000000008005650       0x50 .pio/build/genericSTM32F103C8/libc19/libEthernet.a(w5100.cpp.o)
                0x0000000008005650                W5100Class::isW5500()
 .text._ZN10W5100Class4initEv
                0x00000000080056a0       0xe4 .pio/build/genericSTM32F103C8/libc19/libEthernet.a(w5100.cpp.o)
                0x00000000080056a0                W5100Class::init()
 .text._ZN10W5100Class9execCmdSnEh7SockCMD
                0x0000000008005784       0x28 .pio/build/genericSTM32F103C8/libc19/libEthernet.a(w5100.cpp.o)
                0x0000000008005784                W5100Class::execCmdSn(unsigned char, SockCMD)
 .text.startup._GLOBAL__sub_I__ZN10W5100Class4chipE
                0x00000000080057ac       0x1c .pio/build/genericSTM32F103C8/libc19/libEthernet.a(w5100.cpp.o)
 .text.startup._GLOBAL__sub_I__ZN9DhcpClass13beginWithDHCPEPhmm
                0x00000000080057c8       0x1c .pio/build/genericSTM32F103C8/libc19/libEthernet.a(Dhcp.cpp.o)
 .text._ZN9DNSClient5beginERK9IPAddress
                0x00000000080057e4        0xa .pio/build/genericSTM32F103C8/libc19/libEthernet.a(Dns.cpp.o)
                0x00000000080057e4                DNSClient::begin(IPAddress const&)
 .text._ZN9DNSClient9inet_atonEPKcR9IPAddress
                0x00000000080057ee       0x48 .pio/build/genericSTM32F103C8/libc19/libEthernet.a(Dns.cpp.o)
                0x00000000080057ee                DNSClient::inet_aton(char const*, IPAddress&)
 *fill*         0x0000000008005836        0x2 
 .text.startup._GLOBAL__sub_I__ZN9DNSClient5beginERK9IPAddress
                0x0000000008005838       0x1c .pio/build/genericSTM32F103C8/libc19/libEthernet.a(Dns.cpp.o)
 .text._ZN9DNSClient12BuildRequestEPKc
                0x0000000008005854       0xe6 .pio/build/genericSTM32F103C8/libc19/libEthernet.a(Dns.cpp.o)
                0x0000000008005854                DNSClient::BuildRequest(char const*)
 .text._ZN9DNSClient15ProcessResponseEtR9IPAddress
                0x000000000800593a      0x1d4 .pio/build/genericSTM32F103C8/libc19/libEthernet.a(Dns.cpp.o)
                0x000000000800593a                DNSClient::ProcessResponse(unsigned short, IPAddress&)
 *fill*         0x0000000008005b0e        0x2 
 .text._ZN9DNSClient13getHostByNameEPKcR9IPAddresst
                0x0000000008005b10       0x8c .pio/build/genericSTM32F103C8/libc19/libEthernet.a(Dns.cpp.o)
                0x0000000008005b10                DNSClient::getHostByName(char const*, IPAddress&, unsigned short)
 .text.startup._GLOBAL__sub_I__ZN14EthernetServer11server_portE
                0x0000000008005b9c       0x1c .pio/build/genericSTM32F103C8/libc19/libEthernet.a(EthernetServer.cpp.o)
 .text._ZNSt8functionIFvvEEaSEDn.isra.0
                0x0000000008005bb8       0x18 .pio/build/genericSTM32F103C8/libFrameworkArduino.a(HardwareTimer.cpp.o)
 .text._Z15get_timer_indexP11TIM_TypeDef
                0x0000000008005bd0       0x38 .pio/build/genericSTM32F103C8/libFrameworkArduino.a(HardwareTimer.cpp.o)
                0x0000000008005bd0                get_timer_index(TIM_TypeDef*)
 .text._ZN13HardwareTimerD2Ev
                0x0000000008005c08       0x40 .pio/build/genericSTM32F103C8/libFrameworkArduino.a(HardwareTimer.cpp.o)
                0x0000000008005c08                HardwareTimer::~HardwareTimer()
                0x0000000008005c08                HardwareTimer::~HardwareTimer()
 .text._ZN13HardwareTimer5setupEP11TIM_TypeDef
                0x0000000008005c48       0xa4 .pio/build/genericSTM32F103C8/libFrameworkArduino.a(HardwareTimer.cpp.o)
                0x0000000008005c48                HardwareTimer::setup(TIM_TypeDef*)
 .text._ZN13HardwareTimerC2EP11TIM_TypeDef
                0x0000000008005cec       0x20 .pio/build/genericSTM32F103C8/libFrameworkArduino.a(HardwareTimer.cpp.o)
                0x0000000008005cec                HardwareTimer::HardwareTimer(TIM_TypeDef*)
                0x0000000008005cec                HardwareTimer::HardwareTimer(TIM_TypeDef*)
 .text.TIM1_UP_IRQHandler
                0x0000000008005d0c       0x14 .pio/build/genericSTM32F103C8/libFrameworkArduino.a(HardwareTimer.cpp.o)
                0x0000000008005d0c                TIM1_UP_IRQHandler
 .text.TIM1_CC_IRQHandler
                0x0000000008005d20        0x4 .pio/build/genericSTM32F103C8/libFrameworkArduino.a(HardwareTimer.cpp.o)
                0x0000000008005d20                TIM1_CC_IRQHandler
 .text.TIM2_IRQHandler
                0x0000000008005d24       0x14 .pio/build/genericSTM32F103C8/libFrameworkArduino.a(HardwareTimer.cpp.o)
                0x0000000008005d24                TIM2_IRQHandler
 .text.TIM3_IRQHandler
                0x0000000008005d38       0x14 .pio/build/genericSTM32F103C8/libFrameworkArduino.a(HardwareTimer.cpp.o)
                0x0000000008005d38                TIM3_IRQHandler
 .text.TIM4_IRQHandler
                0x0000000008005d4c       0x14 .pio/build/genericSTM32F103C8/libFrameworkArduino.a(HardwareTimer.cpp.o)
                0x0000000008005d4c                TIM4_IRQHandler
 .text._ZNKSt8functionIFvvEEclEv
                0x0000000008005d60       0x12 .pio/build/genericSTM32F103C8/libFrameworkArduino.a(HardwareTimer.cpp.o)
                0x0000000008005d60                std::function<void ()>::operator()() const
 *fill*         0x0000000008005d72        0x2 
 .text._ZN13HardwareTimer14updateCallbackEP17TIM_HandleTypeDef
                0x0000000008005d74       0x28 .pio/build/genericSTM32F103C8/libFrameworkArduino.a(HardwareTimer.cpp.o)
                0x0000000008005d74                HardwareTimer::updateCallback(TIM_HandleTypeDef*)
 .text.HAL_TIM_PeriodElapsedCallback
                0x0000000008005d9c        0x4 .pio/build/genericSTM32F103C8/libFrameworkArduino.a(HardwareTimer.cpp.o)
                0x0000000008005d9c                HAL_TIM_PeriodElapsedCallback
 .text._ZN13HardwareTimer22captureCompareCallbackEP17TIM_HandleTypeDef
                0x0000000008005da0       0x50 .pio/build/genericSTM32F103C8/libFrameworkArduino.a(HardwareTimer.cpp.o)
                0x0000000008005da0                HardwareTimer::captureCompareCallback(TIM_HandleTypeDef*)
 .text.HAL_TIM_OC_DelayElapsedCallback
                0x0000000008005df0        0x4 .pio/build/genericSTM32F103C8/libFrameworkArduino.a(HardwareTimer.cpp.o)
                0x0000000008005df0                HAL_TIM_OC_DelayElapsedCallback
 .text.HAL_TIM_IC_CaptureCallback
                0x0000000008005df4        0x4 .pio/build/genericSTM32F103C8/libFrameworkArduino.a(HardwareTimer.cpp.o)
                0x0000000008005df4                HAL_TIM_IC_CaptureCallback
 .text._ZNK9IPAddress7printToER5Print
                0x0000000008005df8       0x40 .pio/build/genericSTM32F103C8/libFrameworkArduino.a(IPAddress.cpp.o)
                0x0000000008005df8                IPAddress::printTo(Print&) const
 .text._ZN9IPAddressC2Ev
                0x0000000008005e38       0x10 .pio/build/genericSTM32F103C8/libFrameworkArduino.a(IPAddress.cpp.o)
                0x0000000008005e38                IPAddress::IPAddress()
                0x0000000008005e38                IPAddress::IPAddress()
 .text._ZN9IPAddressC2Ehhhh
                0x0000000008005e48       0x18 .pio/build/genericSTM32F103C8/libFrameworkArduino.a(IPAddress.cpp.o)
                0x0000000008005e48                IPAddress::IPAddress(unsigned char, unsigned char, unsigned char, unsigned char)
                0x0000000008005e48                IPAddress::IPAddress(unsigned char, unsigned char, unsigned char, unsigned char)
 .text._ZN9IPAddressC2Em
                0x0000000008005e60        0xc .pio/build/genericSTM32F103C8/libFrameworkArduino.a(IPAddress.cpp.o)
                0x0000000008005e60                IPAddress::IPAddress(unsigned long)
                0x0000000008005e60                IPAddress::IPAddress(unsigned long)
 .text._ZN9IPAddressC2EPKh
                0x0000000008005e6c       0x10 .pio/build/genericSTM32F103C8/libFrameworkArduino.a(IPAddress.cpp.o)
                0x0000000008005e6c                IPAddress::IPAddress(unsigned char const*)
                0x0000000008005e6c                IPAddress::IPAddress(unsigned char const*)
 .text._ZN9IPAddressaSEPKh
                0x0000000008005e7c        0x6 .pio/build/genericSTM32F103C8/libFrameworkArduino.a(IPAddress.cpp.o)
                0x0000000008005e7c                IPAddress::operator=(unsigned char const*)
 .text._ZN5Print5writeEPKc
                0x0000000008005e82       0x20 .pio/build/genericSTM32F103C8/libFrameworkArduino.a(Print.cpp.o)
                0x0000000008005e82                Print::write(char const*)
 .text._ZN5Print5printEc
                0x0000000008005ea2        0x6 .pio/build/genericSTM32F103C8/libFrameworkArduino.a(Print.cpp.o)
                0x0000000008005ea2                Print::print(char)
 .text._ZN5Print11printNumberEmh
                0x0000000008005ea8       0x3a .pio/build/genericSTM32F103C8/libFrameworkArduino.a(Print.cpp.o)
                0x0000000008005ea8                Print::printNumber(unsigned long, unsigned char)
 .text._ZN5Print5printEmi
                0x0000000008005ee2       0x16 .pio/build/genericSTM32F103C8/libFrameworkArduino.a(Print.cpp.o)
                0x0000000008005ee2                Print::print(unsigned long, int)
 .text._ZN5Print5printEhi
                0x0000000008005ef8        0x4 .pio/build/genericSTM32F103C8/libFrameworkArduino.a(Print.cpp.o)
                0x0000000008005ef8                Print::print(unsigned char, int)
 .text._ZN6Stream9timedReadEv
                0x0000000008005efc       0x2a .pio/build/genericSTM32F103C8/libFrameworkArduino.a(Stream.cpp.o)
                0x0000000008005efc                Stream::timedRead()
 .text._ZN6Stream9readBytesEPcj
                0x0000000008005f26       0x22 .pio/build/genericSTM32F103C8/libFrameworkArduino.a(Stream.cpp.o)
                0x0000000008005f26                Stream::readBytes(char*, unsigned int)
 .text._ZN6Stream14readBytesUntilEcPcj
                0x0000000008005f48       0x30 .pio/build/genericSTM32F103C8/libFrameworkArduino.a(Stream.cpp.o)
                0x0000000008005f48                Stream::readBytesUntil(char, char*, unsigned int)
 .text.__empty  0x0000000008005f78        0x2 .pio/build/genericSTM32F103C8/libFrameworkArduino.a(hooks.c.o)
                0x0000000008005f78                yield
 .text.startup._Z7premainv
                0x0000000008005f7a       0x10 .pio/build/genericSTM32F103C8/libFrameworkArduino.a(main.cpp.o)
                0x0000000008005f7a                premain()
 .text.startup.main
                0x0000000008005f8a       0x14 .pio/build/genericSTM32F103C8/libFrameworkArduino.a(main.cpp.o)
                0x0000000008005f8a                main
 .text._Znwj    0x0000000008005f9e        0x4 .pio/build/genericSTM32F103C8/libFrameworkArduino.a(new.cpp.o)
                0x0000000008005f9e                operator new(unsigned int)
 .text._ZdlPvj  0x0000000008005fa2        0x4 .pio/build/genericSTM32F103C8/libFrameworkArduino.a(new.cpp.o)
                0x0000000008005fa2                operator delete(void*, unsigned int)
 *fill*         0x0000000008005fa6        0x2 
 .text.USBD_reenumerate
                0x0000000008005fa8       0x34 .pio/build/genericSTM32F103C8/libFrameworkArduino.a(usbd_if.c.o)
                0x0000000008005fa8                USBD_reenumerate
 .text.USBD_CDC_init
                0x0000000008005fdc        0x4 .pio/build/genericSTM32F103C8/libFrameworkArduino.a(usbd_if.c.o)
                0x0000000008005fdc                USBD_CDC_init
 .text.USBD_SystemClockConfigFromResume
                0x0000000008005fe0        0xe .pio/build/genericSTM32F103C8/libFrameworkArduino.a(usbd_if.c.o)
                0x0000000008005fe0                USBD_SystemClockConfigFromResume
 *fill*         0x0000000008005fee        0x2 
 .text.pinMode  0x0000000008005ff0       0xc8 .pio/build/genericSTM32F103C8/libFrameworkArduino.a(wiring_digital.c.o)
                0x0000000008005ff0                pinMode
 .text.digitalWrite
                0x00000000080060b8       0x78 .pio/build/genericSTM32F103C8/libFrameworkArduino.a(wiring_digital.c.o)
                0x00000000080060b8                digitalWrite
 .text.millis   0x0000000008006130        0x4 .pio/build/genericSTM32F103C8/libFrameworkArduino.a(wiring_time.c.o)
                0x0000000008006130                millis
 .text.delay    0x0000000008006134       0x1c .pio/build/genericSTM32F103C8/libFrameworkArduino.a(wiring_time.c.o)
                0x0000000008006134                delay
 .text._Z14serialEventRunv
                0x0000000008006150       0x34 .pio/build/genericSTM32F103C8/libFrameworkArduino.a(WSerial.cpp.o)
                0x0000000008006150                serialEventRun()
 .text.init     0x0000000008006184        0x4 .pio/build/genericSTM32F103C8/libFrameworkArduino.a(board.c.o)
                0x0000000008006184                init
 .text.USBD_CDC_DeInit
                0x0000000008006188        0x4 .pio/build/genericSTM32F103C8/libFrameworkArduino.a(usbd_cdc_if.c.o)
 .text.USBD_CDC_Control
                0x000000000800618c       0x84 .pio/build/genericSTM32F103C8/libFrameworkArduino.a(usbd_cdc_if.c.o)
 .text.USBD_CDC_Init
                0x0000000008006210       0x38 .pio/build/genericSTM32F103C8/libFrameworkArduino.a(usbd_cdc_if.c.o)
 .text.CDC_init
                0x0000000008006248       0x48 .pio/build/genericSTM32F103C8/libFrameworkArduino.a(usbd_cdc_if.c.o)
                0x0000000008006248                CDC_init
 .text.CDC_connected
                0x0000000008006290       0x38 .pio/build/genericSTM32F103C8/libFrameworkArduino.a(usbd_cdc_if.c.o)
                0x0000000008006290                CDC_connected
 .text.CDC_continue_transmit
                0x00000000080062c8       0x4c .pio/build/genericSTM32F103C8/libFrameworkArduino.a(usbd_cdc_if.c.o)
                0x00000000080062c8                CDC_continue_transmit
 .text.USBD_CDC_TransmitCplt
                0x0000000008006314       0x20 .pio/build/genericSTM32F103C8/libFrameworkArduino.a(usbd_cdc_if.c.o)
 .text.CDC_resume_receive
                0x0000000008006334       0x38 .pio/build/genericSTM32F103C8/libFrameworkArduino.a(usbd_cdc_if.c.o)
                0x0000000008006334                CDC_resume_receive
 .text.USBD_CDC_Receive
                0x000000000800636c       0x2c .pio/build/genericSTM32F103C8/libFrameworkArduino.a(usbd_cdc_if.c.o)
 .text.USBD_Init
                0x0000000008006398       0x26 .pio/build/genericSTM32F103C8/libFrameworkArduino.a(usb_device_core.c.o)
                0x0000000008006398                USBD_Init
 .text.USBD_RegisterClass
                0x00000000080063be       0x2c .pio/build/genericSTM32F103C8/libFrameworkArduino.a(usb_device_core.c.o)
                0x00000000080063be                USBD_RegisterClass
 .text.USBD_Start
                0x00000000080063ea        0x4 .pio/build/genericSTM32F103C8/libFrameworkArduino.a(usb_device_core.c.o)
                0x00000000080063ea                USBD_Start
 .text.USBD_SetClassConfig
                0x00000000080063ee        0xe .pio/build/genericSTM32F103C8/libFrameworkArduino.a(usb_device_core.c.o)
                0x00000000080063ee                USBD_SetClassConfig
 .text.USBD_ClrClassConfig
                0x00000000080063fc       0x10 .pio/build/genericSTM32F103C8/libFrameworkArduino.a(usb_device_core.c.o)
                0x00000000080063fc                USBD_ClrClassConfig
 .text.USBD_LL_SetupStage
                0x000000000800640c       0x60 .pio/build/genericSTM32F103C8/libFrameworkArduino.a(usb_device_core.c.o)
                0x000000000800640c                USBD_LL_SetupStage
 .text.USBD_LL_DataOutStage
                0x000000000800646c       0x60 .pio/build/genericSTM32F103C8/libFrameworkArduino.a(usb_device_core.c.o)
                0x000000000800646c                USBD_LL_DataOutStage
 .text.USBD_LL_DataInStage
                0x00000000080064cc       0x92 .pio/build/genericSTM32F103C8/libFrameworkArduino.a(usb_device_core.c.o)
                0x00000000080064cc                USBD_LL_DataInStage
 .text.USBD_LL_Reset
                0x000000000800655e       0x58 .pio/build/genericSTM32F103C8/libFrameworkArduino.a(usb_device_core.c.o)
                0x000000000800655e                USBD_LL_Reset
 .text.USBD_LL_SetSpeed
                0x00000000080065b6        0x6 .pio/build/genericSTM32F103C8/libFrameworkArduino.a(usb_device_core.c.o)
                0x00000000080065b6                USBD_LL_SetSpeed
 .text.USBD_LL_Suspend
                0x00000000080065bc       0x14 .pio/build/genericSTM32F103C8/libFrameworkArduino.a(usb_device_core.c.o)
                0x00000000080065bc                USBD_LL_Suspend
 .text.USBD_LL_Resume
                0x00000000080065d0       0x16 .pio/build/genericSTM32F103C8/libFrameworkArduino.a(usb_device_core.c.o)
                0x00000000080065d0                USBD_LL_Resume
 .text.USBD_LL_SOF
                0x00000000080065e6       0x22 .pio/build/genericSTM32F103C8/libFrameworkArduino.a(usb_device_core.c.o)
                0x00000000080065e6                USBD_LL_SOF
 .text.USBD_CtlError.constprop.0
                0x0000000008006608       0x16 .pio/build/genericSTM32F103C8/libFrameworkArduino.a(usb_device_ctlreq.c.o)
 *fill*         0x000000000800661e        0x2 
 .text.USBD_StdDevReq
                0x0000000008006620      0x280 .pio/build/genericSTM32F103C8/libFrameworkArduino.a(usb_device_ctlreq.c.o)
                0x0000000008006620                USBD_StdDevReq
 .text.USBD_StdItfReq
                0x00000000080068a0       0x4c .pio/build/genericSTM32F103C8/libFrameworkArduino.a(usb_device_ctlreq.c.o)
                0x00000000080068a0                USBD_StdItfReq
 .text.USBD_StdEPReq
                0x00000000080068ec      0x122 .pio/build/genericSTM32F103C8/libFrameworkArduino.a(usb_device_ctlreq.c.o)
                0x00000000080068ec                USBD_StdEPReq
 .text.USBD_ParseSetupRequest
                0x0000000008006a0e       0x28 .pio/build/genericSTM32F103C8/libFrameworkArduino.a(usb_device_ctlreq.c.o)
                0x0000000008006a0e                USBD_ParseSetupRequest
 .text.USBD_CtlError
                0x0000000008006a36       0x16 .pio/build/genericSTM32F103C8/libFrameworkArduino.a(usb_device_ctlreq.c.o)
                0x0000000008006a36                USBD_CtlError
 .text.USBD_GetString
                0x0000000008006a4c       0x38 .pio/build/genericSTM32F103C8/libFrameworkArduino.a(usb_device_ctlreq.c.o)
                0x0000000008006a4c                USBD_GetString
 .text.USBD_CtlSendData
                0x0000000008006a84       0x1a .pio/build/genericSTM32F103C8/libFrameworkArduino.a(usb_device_ioreq.c.o)
                0x0000000008006a84                USBD_CtlSendData
 .text.USBD_CtlContinueSendData
                0x0000000008006a9e       0x10 .pio/build/genericSTM32F103C8/libFrameworkArduino.a(usb_device_ioreq.c.o)
                0x0000000008006a9e                USBD_CtlContinueSendData
 .text.USBD_CtlPrepareRx
                0x0000000008006aae       0x1a .pio/build/genericSTM32F103C8/libFrameworkArduino.a(usb_device_ioreq.c.o)
                0x0000000008006aae                USBD_CtlPrepareRx
 .text.USBD_CtlContinueRx
                0x0000000008006ac8       0x10 .pio/build/genericSTM32F103C8/libFrameworkArduino.a(usb_device_ioreq.c.o)
                0x0000000008006ac8                USBD_CtlContinueRx
 .text.USBD_CtlSendStatus
                0x0000000008006ad8       0x16 .pio/build/genericSTM32F103C8/libFrameworkArduino.a(usb_device_ioreq.c.o)
                0x0000000008006ad8                USBD_CtlSendStatus
 .text.USBD_CtlReceiveStatus
                0x0000000008006aee       0x16 .pio/build/genericSTM32F103C8/libFrameworkArduino.a(usb_device_ioreq.c.o)
                0x0000000008006aee                USBD_CtlReceiveStatus
 .text.HAL_PCD_MspInit
                0x0000000008006b04       0xa4 .pio/build/genericSTM32F103C8/libFrameworkArduino.a(usbd_conf.c.o)
                0x0000000008006b04                HAL_PCD_MspInit
 .text.HAL_PCD_SetupStageCallback
                0x0000000008006ba8        0xc .pio/build/genericSTM32F103C8/libFrameworkArduino.a(usbd_conf.c.o)
                0x0000000008006ba8                HAL_PCD_SetupStageCallback
 .text.HAL_PCD_DataOutStageCallback
                0x0000000008006bb4       0x12 .pio/build/genericSTM32F103C8/libFrameworkArduino.a(usbd_conf.c.o)
                0x0000000008006bb4                HAL_PCD_DataOutStageCallback
 .text.HAL_PCD_DataInStageCallback
                0x0000000008006bc6       0x10 .pio/build/genericSTM32F103C8/libFrameworkArduino.a(usbd_conf.c.o)
                0x0000000008006bc6                HAL_PCD_DataInStageCallback
 .text.HAL_PCD_SOFCallback
                0x0000000008006bd6        0x8 .pio/build/genericSTM32F103C8/libFrameworkArduino.a(usbd_conf.c.o)
                0x0000000008006bd6                HAL_PCD_SOFCallback
 .text.HAL_PCD_ResetCallback
                0x0000000008006bde       0x1a .pio/build/genericSTM32F103C8/libFrameworkArduino.a(usbd_conf.c.o)
                0x0000000008006bde                HAL_PCD_ResetCallback
 .text.HAL_PCD_SuspendCallback
                0x0000000008006bf8       0x20 .pio/build/genericSTM32F103C8/libFrameworkArduino.a(usbd_conf.c.o)
                0x0000000008006bf8                HAL_PCD_SuspendCallback
 .text.HAL_PCD_ResumeCallback
                0x0000000008006c18       0x28 .pio/build/genericSTM32F103C8/libFrameworkArduino.a(usbd_conf.c.o)
                0x0000000008006c18                HAL_PCD_ResumeCallback
 .text.USB_LP_CAN1_RX0_IRQHandler
                0x0000000008006c40        0xc .pio/build/genericSTM32F103C8/libFrameworkArduino.a(usbd_conf.c.o)
                0x0000000008006c40                USB_LP_CAN1_RX0_IRQHandler
 .text.USB_HP_CAN1_TX_IRQHandler
                0x0000000008006c4c        0x4 .pio/build/genericSTM32F103C8/libFrameworkArduino.a(usbd_conf.c.o)
                0x0000000008006c4c                USB_HP_CAN1_TX_IRQHandler
 .text.USBWakeUp_IRQHandler
                0x0000000008006c50       0x2c .pio/build/genericSTM32F103C8/libFrameworkArduino.a(usbd_conf.c.o)
                0x0000000008006c50                USBWakeUp_IRQHandler
 .text.USBD_LL_Init
                0x0000000008006c7c       0x6c .pio/build/genericSTM32F103C8/libFrameworkArduino.a(usbd_conf.c.o)
                0x0000000008006c7c                USBD_LL_Init
 .text.USBD_LL_Start
                0x0000000008006ce8        0xe .pio/build/genericSTM32F103C8/libFrameworkArduino.a(usbd_conf.c.o)
                0x0000000008006ce8                USBD_LL_Start
 .text.USBD_LL_OpenEP
                0x0000000008006cf6       0x14 .pio/build/genericSTM32F103C8/libFrameworkArduino.a(usbd_conf.c.o)
                0x0000000008006cf6                USBD_LL_OpenEP
 .text.USBD_LL_CloseEP
                0x0000000008006d0a        0xe .pio/build/genericSTM32F103C8/libFrameworkArduino.a(usbd_conf.c.o)
                0x0000000008006d0a                USBD_LL_CloseEP
 .text.USBD_LL_StallEP
                0x0000000008006d18        0xe .pio/build/genericSTM32F103C8/libFrameworkArduino.a(usbd_conf.c.o)
                0x0000000008006d18                USBD_LL_StallEP
 .text.USBD_LL_ClearStallEP
                0x0000000008006d26        0xe .pio/build/genericSTM32F103C8/libFrameworkArduino.a(usbd_conf.c.o)
                0x0000000008006d26                USBD_LL_ClearStallEP
 .text.USBD_LL_IsStallEP
                0x0000000008006d34       0x24 .pio/build/genericSTM32F103C8/libFrameworkArduino.a(usbd_conf.c.o)
                0x0000000008006d34                USBD_LL_IsStallEP
 .text.USBD_LL_SetUSBAddress
                0x0000000008006d58        0xe .pio/build/genericSTM32F103C8/libFrameworkArduino.a(usbd_conf.c.o)
                0x0000000008006d58                USBD_LL_SetUSBAddress
 .text.USBD_LL_Transmit
                0x0000000008006d66        0xe .pio/build/genericSTM32F103C8/libFrameworkArduino.a(usbd_conf.c.o)
                0x0000000008006d66                USBD_LL_Transmit
 .text.USBD_LL_PrepareReceive
                0x0000000008006d74        0xe .pio/build/genericSTM32F103C8/libFrameworkArduino.a(usbd_conf.c.o)
                0x0000000008006d74                USBD_LL_PrepareReceive
 .text.USBD_LL_GetRxDataSize
                0x0000000008006d82        0x8 .pio/build/genericSTM32F103C8/libFrameworkArduino.a(usbd_conf.c.o)
                0x0000000008006d82                USBD_LL_GetRxDataSize
 *fill*         0x0000000008006d8a        0x2 
 .text.USBD_Class_DeviceDescriptor
                0x0000000008006d8c        0xc .pio/build/genericSTM32F103C8/libFrameworkArduino.a(usbd_desc.c.o)
                0x0000000008006d8c                USBD_Class_DeviceDescriptor
 .text.USBD_LangIDStrDescriptor
                0x0000000008006d98        0xc .pio/build/genericSTM32F103C8/libFrameworkArduino.a(usbd_desc.c.o)
                0x0000000008006d98                USBD_LangIDStrDescriptor
 .text.USBD_Class_UserStrDescriptor
                0x0000000008006da4        0x8 .pio/build/genericSTM32F103C8/libFrameworkArduino.a(usbd_desc.c.o)
                0x0000000008006da4                USBD_Class_UserStrDescriptor
 .text.IntToUnicode
                0x0000000008006dac       0x2a .pio/build/genericSTM32F103C8/libFrameworkArduino.a(usbd_desc.c.o)
 *fill*         0x0000000008006dd6        0x2 
 .text.USBD_SerialStrDescriptor
                0x0000000008006dd8       0x40 .pio/build/genericSTM32F103C8/libFrameworkArduino.a(usbd_desc.c.o)
                0x0000000008006dd8                USBD_SerialStrDescriptor
 .text.USBD_ManufacturerStrDescriptor
                0x0000000008006e18       0x1c .pio/build/genericSTM32F103C8/libFrameworkArduino.a(usbd_desc.c.o)
                0x0000000008006e18                USBD_ManufacturerStrDescriptor
 .text.USBD_Class_ProductStrDescriptor
                0x0000000008006e34       0x24 .pio/build/genericSTM32F103C8/libFrameworkArduino.a(usbd_desc.c.o)
                0x0000000008006e34                USBD_Class_ProductStrDescriptor
 .text.USBD_Class_ConfigStrDescriptor
                0x0000000008006e58       0x1c .pio/build/genericSTM32F103C8/libFrameworkArduino.a(usbd_desc.c.o)
                0x0000000008006e58                USBD_Class_ConfigStrDescriptor
 .text.USBD_Class_InterfaceStrDescriptor
                0x0000000008006e74       0x1c .pio/build/genericSTM32F103C8/libFrameworkArduino.a(usbd_desc.c.o)
                0x0000000008006e74                USBD_Class_InterfaceStrDescriptor
 .text._ZN14HardwareSerial9availableEv
                0x0000000008006e90       0x10 .pio/build/genericSTM32F103C8/libFrameworkArduino.a(HardwareSerial.cpp.o)
                0x0000000008006e90                HardwareSerial::available()
 .text._ZN14HardwareSerial4peekEv
                0x0000000008006ea0       0x1a .pio/build/genericSTM32F103C8/libFrameworkArduino.a(HardwareSerial.cpp.o)
                0x0000000008006ea0                HardwareSerial::peek()
 .text._ZN14HardwareSerial17availableForWriteEv
                0x0000000008006eba       0x1c .pio/build/genericSTM32F103C8/libFrameworkArduino.a(HardwareSerial.cpp.o)
                0x0000000008006eba                HardwareSerial::availableForWrite()
 .text._ZN14HardwareSerial5writeEh
                0x0000000008006ed6       0x18 .pio/build/genericSTM32F103C8/libFrameworkArduino.a(HardwareSerial.cpp.o)
                0x0000000008006ed6                HardwareSerial::write(unsigned char)
 *fill*         0x0000000008006eee        0x2 
 .text._ZN14HardwareSerial16_tx_complete_irqEP8serial_s
                0x0000000008006ef0       0x60 .pio/build/genericSTM32F103C8/libFrameworkArduino.a(HardwareSerial.cpp.o)
                0x0000000008006ef0                HardwareSerial::_tx_complete_irq(serial_s*)
 .text._ZN14HardwareSerial5writeEPKhj
                0x0000000008006f50       0xe4 .pio/build/genericSTM32F103C8/libFrameworkArduino.a(HardwareSerial.cpp.o)
                0x0000000008006f50                HardwareSerial::write(unsigned char const*, unsigned int)
 .text._ZN14HardwareSerial5flushEv
                0x0000000008007034       0x14 .pio/build/genericSTM32F103C8/libFrameworkArduino.a(HardwareSerial.cpp.o)
                0x0000000008007034                HardwareSerial::flush()
 .text._ZN14HardwareSerial4initE7PinNameS0_
                0x0000000008007048       0x28 .pio/build/genericSTM32F103C8/libFrameworkArduino.a(HardwareSerial.cpp.o)
                0x0000000008007048                HardwareSerial::init(PinName, PinName)
 .text._ZN14HardwareSerial5setRxEm
                0x0000000008007070       0x48 .pio/build/genericSTM32F103C8/libFrameworkArduino.a(HardwareSerial.cpp.o)
                0x0000000008007070                HardwareSerial::setRx(unsigned long)
 .text._ZN14HardwareSerial5setTxEm
                0x00000000080070b8       0x48 .pio/build/genericSTM32F103C8/libFrameworkArduino.a(HardwareSerial.cpp.o)
                0x00000000080070b8                HardwareSerial::setTx(unsigned long)
 .text._ZN14HardwareSerialC2EPv16HalfDuplexMode_t
                0x0000000008007100       0x74 .pio/build/genericSTM32F103C8/libFrameworkArduino.a(HardwareSerial.cpp.o)
                0x0000000008007100                HardwareSerial::HardwareSerial(void*, HalfDuplexMode_t)
                0x0000000008007100                HardwareSerial::HardwareSerial(void*, HalfDuplexMode_t)
 .text._ZN14HardwareSerial18enableHalfDuplexRxEv
                0x0000000008007174       0x2c .pio/build/genericSTM32F103C8/libFrameworkArduino.a(HardwareSerial.cpp.o)
                0x0000000008007174                HardwareSerial::enableHalfDuplexRx()
 .text._ZN14HardwareSerial4readEv
                0x00000000080071a0       0x2e .pio/build/genericSTM32F103C8/libFrameworkArduino.a(HardwareSerial.cpp.o)
                0x00000000080071a0                HardwareSerial::read()
 *fill*         0x00000000080071ce        0x2 
 .text.startup._GLOBAL__sub_I_Serial1
                0x00000000080071d0       0x14 .pio/build/genericSTM32F103C8/libFrameworkArduino.a(HardwareSerial.cpp.o)
 .text._ZN9USBSerial5writeEh
                0x00000000080071e4       0x18 .pio/build/genericSTM32F103C8/libFrameworkArduino.a(USBSerial.cpp.o)
                0x00000000080071e4                USBSerial::write(unsigned char)
 .text._ZN9USBSerial17availableForWriteEv
                0x00000000080071fc        0xc .pio/build/genericSTM32F103C8/libFrameworkArduino.a(USBSerial.cpp.o)
                0x00000000080071fc                USBSerial::availableForWrite()
 .text._ZN9USBSerial5writeEPKhj
                0x0000000008007208       0x48 .pio/build/genericSTM32F103C8/libFrameworkArduino.a(USBSerial.cpp.o)
                0x0000000008007208                USBSerial::write(unsigned char const*, unsigned int)
 .text._ZN9USBSerial9availableEv
                0x0000000008007250        0xc .pio/build/genericSTM32F103C8/libFrameworkArduino.a(USBSerial.cpp.o)
                0x0000000008007250                USBSerial::available()
 .text._ZN9USBSerial4readEv
                0x000000000800725c       0x18 .pio/build/genericSTM32F103C8/libFrameworkArduino.a(USBSerial.cpp.o)
                0x000000000800725c                USBSerial::read()
 .text._ZN9USBSerial9readBytesEPcj
                0x0000000008007274       0x4c .pio/build/genericSTM32F103C8/libFrameworkArduino.a(USBSerial.cpp.o)
                0x0000000008007274                USBSerial::readBytes(char*, unsigned int)
 .text._ZN9USBSerial14readBytesUntilEcPcj
                0x00000000080072c0       0x68 .pio/build/genericSTM32F103C8/libFrameworkArduino.a(USBSerial.cpp.o)
                0x00000000080072c0                USBSerial::readBytesUntil(char, char*, unsigned int)
 .text._ZN9USBSerial4peekEv
                0x0000000008007328        0xc .pio/build/genericSTM32F103C8/libFrameworkArduino.a(USBSerial.cpp.o)
                0x0000000008007328                USBSerial::peek()
 .text._ZN9USBSerial5flushEv
                0x0000000008007334       0x14 .pio/build/genericSTM32F103C8/libFrameworkArduino.a(USBSerial.cpp.o)
                0x0000000008007334                USBSerial::flush()
 .text.startup._GLOBAL__sub_I_SerialUSB
                0x0000000008007348       0x1c .pio/build/genericSTM32F103C8/libFrameworkArduino.a(USBSerial.cpp.o)
 .text.CDC_TransmitQueue_Init
                0x0000000008007364        0xc .pio/build/genericSTM32F103C8/libFrameworkArduino.a(cdc_queue.c.o)
                0x0000000008007364                CDC_TransmitQueue_Init
 .text.CDC_TransmitQueue_WriteSize
                0x0000000008007370       0x20 .pio/build/genericSTM32F103C8/libFrameworkArduino.a(cdc_queue.c.o)
                0x0000000008007370                CDC_TransmitQueue_WriteSize
 .text.CDC_TransmitQueue_ReadSize
                0x0000000008007390       0x22 .pio/build/genericSTM32F103C8/libFrameworkArduino.a(cdc_queue.c.o)
                0x0000000008007390                CDC_TransmitQueue_ReadSize
 .text.CDC_TransmitQueue_Enqueue
                0x00000000080073b2       0x42 .pio/build/genericSTM32F103C8/libFrameworkArduino.a(cdc_queue.c.o)
                0x00000000080073b2                CDC_TransmitQueue_Enqueue
 .text.CDC_TransmitQueue_ReadBlock
                0x00000000080073f4       0x36 .pio/build/genericSTM32F103C8/libFrameworkArduino.a(cdc_queue.c.o)
                0x00000000080073f4                CDC_TransmitQueue_ReadBlock
 .text.CDC_TransmitQueue_CommitRead
                0x000000000800742a       0x14 .pio/build/genericSTM32F103C8/libFrameworkArduino.a(cdc_queue.c.o)
                0x000000000800742a                CDC_TransmitQueue_CommitRead
 .text.CDC_ReceiveQueue_Init
                0x000000000800743e       0x12 .pio/build/genericSTM32F103C8/libFrameworkArduino.a(cdc_queue.c.o)
                0x000000000800743e                CDC_ReceiveQueue_Init
 .text.CDC_ReceiveQueue_ReserveBlock
                0x0000000008007450       0x72 .pio/build/genericSTM32F103C8/libFrameworkArduino.a(cdc_queue.c.o)
                0x0000000008007450                CDC_ReceiveQueue_ReserveBlock
 .text.CDC_ReceiveQueue_CommitBlock
                0x00000000080074c2       0x34 .pio/build/genericSTM32F103C8/libFrameworkArduino.a(cdc_queue.c.o)
                0x00000000080074c2                CDC_ReceiveQueue_CommitBlock
 .text.CDC_ReceiveQueue_ReadSize
                0x00000000080074f6       0x50 .pio/build/genericSTM32F103C8/libFrameworkArduino.a(cdc_queue.c.o)
                0x00000000080074f6                CDC_ReceiveQueue_ReadSize
 .text.CDC_ReceiveQueue_Dequeue
                0x0000000008007546       0x70 .pio/build/genericSTM32F103C8/libFrameworkArduino.a(cdc_queue.c.o)
                0x0000000008007546                CDC_ReceiveQueue_Dequeue
 .text.CDC_ReceiveQueue_Peek
                0x00000000080075b6       0x4c .pio/build/genericSTM32F103C8/libFrameworkArduino.a(cdc_queue.c.o)
                0x00000000080075b6                CDC_ReceiveQueue_Peek
 .text.CDC_ReceiveQueue_Read
                0x0000000008007602       0x8c .pio/build/genericSTM32F103C8/libFrameworkArduino.a(cdc_queue.c.o)
                0x0000000008007602                CDC_ReceiveQueue_Read
 .text.CDC_ReceiveQueue_ReadUntil
                0x000000000800768e       0xce .pio/build/genericSTM32F103C8/libFrameworkArduino.a(cdc_queue.c.o)
                0x000000000800768e                CDC_ReceiveQueue_ReadUntil
 .text.USBD_CDC_EP0_RxReady
                0x000000000800775c       0x2e .pio/build/genericSTM32F103C8/libFrameworkArduino.a(usbd_cdc.c.o)
 *fill*         0x000000000800778a        0x2 
 .text.USBD_CDC_GetFSCfgDesc
                0x000000000800778c        0xc .pio/build/genericSTM32F103C8/libFrameworkArduino.a(usbd_cdc.c.o)
 .text.USBD_CDC_GetHSCfgDesc
                0x0000000008007798        0xc .pio/build/genericSTM32F103C8/libFrameworkArduino.a(usbd_cdc.c.o)
 .text.USBD_CDC_GetOtherSpeedCfgDesc
                0x00000000080077a4        0xc .pio/build/genericSTM32F103C8/libFrameworkArduino.a(usbd_cdc.c.o)
 .text.USBD_CDC_GetDeviceQualifierDescriptor